spawn /home/ubuntu/chipyard/.conda-env/riscv-tools/bin/riscv64-unknown-linux-gnu-gdb /home/ubuntu/chipyard/generators/gemmini/software/gemmini-rocc-tests/pipeline-runtime/workloads/rocket-singlecore-nic-gdbserver-smoke/overlay/root/gdbserver-smoke/gdbserver-smoke
GNU gdb (GDB) 14.1
Copyright (C) 2023 Free Software Foundation, Inc.
License GPLv3+: GNU GPL version 3 or later <http://gnu.org/licenses/gpl.html>
This is free software: you are free to change and redistribute it.
There is NO WARRANTY, to the extent permitted by law.
Type "show copying" and "show warranty" for details.
This GDB was configured as "--host=x86_64-pc-linux-gnu --target=riscv64-unknown-linux-gnu".
Type "show configuration" for configuration details.
For bug reporting instructions, please see:
<https://www.gnu.org/software/gdb/bugs/>.
Find the GDB manual and other documentation resources online at:
    <http://www.gnu.org/software/gdb/documentation/>.

For help, type "help".
Type "apropos word" to search for commands related to "word"...
Reading symbols from /home/ubuntu/chipyard/generators/gemmini/software/gemmini-rocc-tests/pipeline-runtime/workloads/rocket-singlecore-nic-gdbserver-smoke/overlay/root/gdbserver-smoke/gdbserver-smoke...
[?2004h(gdb) set pagination off
[?2004l[?2004h(gdb) set confirm off
[?2004l[?2004h(gdb) set print thread-events off
[?2004l[?2004h(gdb) set debuginfod enabled off
[?2004l[?2004h(gdb) set auto-load safe-path /
[?2004l[?2004h(gdb) set remotetimeout 180
[?2004l[?2004h(gdb) target remote :32345
[?2004lRemote debugging using :32345
Remote communication error.  Target disconnected: Connection reset by peer.
[?2004h(gdb) 