Reading symbols from /home/ubuntu/chipyard/generators/gemmini/software/gemmini-rocc-tests/build/rerocc-linux-tests/rerocc_pipeline_runtime-linux...
0x0000003ff7fec386 in ?? ()
   from /home/ubuntu/chipyard/.conda-env/riscv-tools/sysroot/lib/ld-linux-riscv64-lp64d.so.1
Breakpoint 1 at 0x1437a: file /home/ubuntu/chipyard/generators/gemmini/software/gemmini-rocc-tests/pipeline-runtime/src/prt_debug_state.c, line 376.

Breakpoint 1, prt_gdb_marker_stop ()
    at /home/ubuntu/chipyard/generators/gemmini/software/gemmini-rocc-tests/pipeline-runtime/src/prt_debug_state.c:376
376	  g_prt_gdb_marker_state.hit_count = g_prt_gdb_marker_state.hit_count + 1ULL;

--- marker state ---
$1 = {
  site_id = 2,
  segment_idx = 0,
  global_stage_id = 4294967295,
  local_stage_id = 4294967295,
  subbatch_id = 4294967295,
  manager_id = 4294967295,
  tensor_id = 4294967295,
  page_idx = 4294967295,
  token_id = 4294967295,
  rc = 0,
  aux0 = 1,
  aux1 = 1,
  hit_count = 0,
  line = 5181
}

--- current bt ---
#0  prt_gdb_marker_stop ()
    at /home/ubuntu/chipyard/generators/gemmini/software/gemmini-rocc-tests/pipeline-runtime/src/prt_debug_state.c:376
#1  0x000000000001453c in prt_gdb_marker_note (site_id=site_id@entry=2, 
    segment_idx=<optimized out>, segment_idx@entry=0, 
    global_stage_id=<optimized out>, global_stage_id@entry=4294967295, 
    local_stage_id=<optimized out>, local_stage_id@entry=4294967295, 
    subbatch_id=<optimized out>, subbatch_id@entry=4294967295, 
    manager_id=manager_id@entry=4294967295, 
    tensor_id=tensor_id@entry=4294967295, page_idx=page_idx@entry=4294967295, 
    token_id=token_id@entry=4294967295, rc=rc@entry=0, aux0=1, aux1=1, 
    line=line@entry=5181)
    at /home/ubuntu/chipyard/generators/gemmini/software/gemmini-rocc-tests/pipeline-runtime/src/prt_debug_state.c:372
#2  0x0000000000033728 in prt_runtime_gdb_marker (line=5181, 
    aux1=<optimized out>, aux0=<optimized out>, rc=0, token_id=4294967295, 
    page_idx=4294967295, tensor_id=4294967295, manager_id=4294967295, 
    subbatch_id=4294967295, local_stage_id=4294967295, 
    global_stage_id=4294967295, segment_idx=0, site_id=2)
    at /home/ubuntu/chipyard/generators/gemmini/software/gemmini-rocc-tests/pipeline-runtime/src/prt_runtime.c:110
#3  prt_runtime_run (rt=rt@entry=0x3fffffe030, args=args@entry=0x3fffffdf48)
    at /home/ubuntu/chipyard/generators/gemmini/software/gemmini-rocc-tests/pipeline-runtime/src/prt_runtime.c:5175
#4  0x0000000000012366 in prt_main_entry (argc=34, argv=0x3fffffe688)
    at /home/ubuntu/chipyard/generators/gemmini/software/gemmini-rocc-tests/pipeline-runtime/src/main.c:341
#5  0x0000003ff7e2b636 in ?? ()
   from /home/ubuntu/chipyard/.conda-env/riscv-tools/sysroot/lib/libc.so.6
#6  0x0000003ff7e2b6de in __libc_start_main ()
   from /home/ubuntu/chipyard/.conda-env/riscv-tools/sysroot/lib/libc.so.6
#7  0x000000000001204c in _start ()

--- all thread bt ---

Thread 1 (Thread 235.235 "rerocc_pipeline"):
#0  prt_gdb_marker_stop () at /home/ubuntu/chipyard/generators/gemmini/software/gemmini-rocc-tests/pipeline-runtime/src/prt_debug_state.c:376
#1  0x000000000001453c in prt_gdb_marker_note (site_id=site_id@entry=2, segment_idx=<optimized out>, segment_idx@entry=0, global_stage_id=<optimized out>, global_stage_id@entry=4294967295, local_stage_id=<optimized out>, local_stage_id@entry=4294967295, subbatch_id=<optimized out>, subbatch_id@entry=4294967295, manager_id=manager_id@entry=4294967295, tensor_id=tensor_id@entry=4294967295, page_idx=page_idx@entry=4294967295, token_id=token_id@entry=4294967295, rc=rc@entry=0, aux0=1, aux1=1, line=line@entry=5181) at /home/ubuntu/chipyard/generators/gemmini/software/gemmini-rocc-tests/pipeline-runtime/src/prt_debug_state.c:372
#2  0x0000000000033728 in prt_runtime_gdb_marker (line=5181, aux1=<optimized out>, aux0=<optimized out>, rc=0, token_id=4294967295, page_idx=4294967295, tensor_id=4294967295, manager_id=4294967295, subbatch_id=4294967295, local_stage_id=4294967295, global_stage_id=4294967295, segment_idx=0, site_id=2) at /home/ubuntu/chipyard/generators/gemmini/software/gemmini-rocc-tests/pipeline-runtime/src/prt_runtime.c:110
#3  prt_runtime_run (rt=rt@entry=0x3fffffe030, args=args@entry=0x3fffffdf48) at /home/ubuntu/chipyard/generators/gemmini/software/gemmini-rocc-tests/pipeline-runtime/src/prt_runtime.c:5175
#4  0x0000000000012366 in prt_main_entry (argc=34, argv=0x3fffffe688) at /home/ubuntu/chipyard/generators/gemmini/software/gemmini-rocc-tests/pipeline-runtime/src/main.c:341
#5  0x0000003ff7e2b636 in ?? () from /home/ubuntu/chipyard/.conda-env/riscv-tools/sysroot/lib/libc.so.6
#6  0x0000003ff7e2b6de in __libc_start_main () from /home/ubuntu/chipyard/.conda-env/riscv-tools/sysroot/lib/libc.so.6
#7  0x000000000001204c in _start ()

--- registers ---
ra             0x33728	0x33728 <prt_runtime_run+2780>
sp             0x3fffffdc90	0x3fffffdc90
gp             0x58d40	0x58d40 <c_buffer+1352>
tp             0x3ff7dfa780	0x3ff7dfa780
t0             0x4000	16384
t1             0x1	1
t2             0x3fffff9b40	274877881152
fp             0x3fffffdf30	0x3fffffdf30
s1             0x0	0
a0             0x2	2
a1             0x0	0
a2             0xffffffffffffffff	-1
a3             0xffffffffffffffff	-1
a4             0xffffffffffffffff	-1
a5             0xffffffffffffffff	-1
a6             0xffffffffffffffff	-1
a7             0xffffffffffffffff	-1
s2             0x0	0
s3             0x81b70	531312
s4             0x18f144e8	418465000
s5             0xf4240	1000000
s6             0x0	0
s7             0x143d	5181
s8             0x3eb50	256848
s9             0x81b70	531312
s10            0x81b70	531312
s11            0x21	33
t3             0x1	1
t4             0x1	1
t5             0x0	0
t6             0xfffffffffffffffd	-3
pc             0x1437a	0x1437a <prt_gdb_marker_stop>

--- pc window ---
   0x1435a <prt_gdb_marker_enabled+24>:	ld	ra,24(sp)
   0x1435c <prt_gdb_marker_enabled+26>:	ld	s0,16(sp)
   0x1435e <prt_gdb_marker_enabled+28>:	lw	a0,164(s1)
   0x14362 <prt_gdb_marker_enabled+32>:	ld	s1,8(sp)
   0x14364 <prt_gdb_marker_enabled+34>:	addi	sp,sp,32
   0x14366 <prt_gdb_marker_enabled+36>:	ret
   0x14368 <prt_gdb_marker_enabled+38>:	
    jal	0x13e86 <prt_gdb_marker_init_from_env>
   0x1436c <prt_gdb_marker_enabled+42>:	ld	ra,24(sp)
   0x1436e <prt_gdb_marker_enabled+44>:	ld	s0,16(sp)
   0x14370 <prt_gdb_marker_enabled+46>:	lw	a0,164(s1)
   0x14374 <prt_gdb_marker_enabled+50>:	ld	s1,8(sp)
   0x14376 <prt_gdb_marker_enabled+52>:	addi	sp,sp,32
   0x14378 <prt_gdb_marker_enabled+54>:	ret
=> 0x1437a <prt_gdb_marker_stop>:	addi	sp,sp,-16
   0x1437c <prt_gdb_marker_stop+2>:	sd	s0,8(sp)
   0x1437e <prt_gdb_marker_stop+4>:	addi	s0,sp,16

--- post-marker gdb command file ---

--- token2 frontier: token1 wait-return stage0 tensor0 ---
[Switching to Thread 235.268]

Thread 2 "rerocc_pipeline" hit Breakpoint 1, prt_gdb_marker_stop ()
    at /home/ubuntu/chipyard/generators/gemmini/software/gemmini-rocc-tests/pipeline-runtime/src/prt_debug_state.c:376
376	  g_prt_gdb_marker_state.hit_count = g_prt_gdb_marker_state.hit_count + 1ULL;
$2 = {
  site_id = 13,
  segment_idx = 0,
  global_stage_id = 0,
  local_stage_id = 0,
  subbatch_id = 0,
  manager_id = 0,
  tensor_id = 0,
  page_idx = 0,
  token_id = 1,
  rc = 0,
  aux0 = 4373451776,
  aux1 = 1073741824,
  hit_count = 1,
  line = 3530
}
#0  prt_gdb_marker_stop ()
    at /home/ubuntu/chipyard/generators/gemmini/software/gemmini-rocc-tests/pipeline-runtime/src/prt_debug_state.c:376
#1  0x000000000001453c in prt_gdb_marker_note (site_id=site_id@entry=13, 
    segment_idx=<optimized out>, segment_idx@entry=4294967295, 
    global_stage_id=<optimized out>, global_stage_id@entry=4294967295, 
    local_stage_id=<optimized out>, subbatch_id=<optimized out>, 
    subbatch_id@entry=4294967295, manager_id=<optimized out>, 
    tensor_id=<optimized out>, page_idx=<optimized out>, token_id=1, 
    rc=rc@entry=0, aux0=4373451776, aux1=1073741824, line=line@entry=3530)
    at /home/ubuntu/chipyard/generators/gemmini/software/gemmini-rocc-tests/pipeline-runtime/src/prt_debug_state.c:372
#2  0x0000000000014bae in dma_gdb_marker_wait_return (
    tok=tok@entry=0x3ff6d74ff8, rc=rc@entry=0)
    at /home/ubuntu/chipyard/generators/gemmini/software/gemmini-rocc-tests/pipeline-runtime/src/prt_dma.c:3526
#3  0x00000000000165c8 in dma_gdb_marker_wait_return (rc=0, tok=0x3ff6d74ff8)
    at /home/ubuntu/chipyard/generators/gemmini/software/gemmini-rocc-tests/pipeline-runtime/src/prt_dma.c:3525
#4  dma_blocking_wait (rt=0x3fffffe030, tok=0x3ff6d74ff8, 
    timeout_ns=<optimized out>)
    at /home/ubuntu/chipyard/generators/gemmini/software/gemmini-rocc-tests/pipeline-runtime/src/prt_dma.c:3831
#5  0x000000000001852e in prt_dma_wait (timeout_ns=10000000, tok=0x3ff6d74ff8, 
    rt=0x3fffffe030)
    at /home/ubuntu/chipyard/generators/gemmini/software/gemmini-rocc-tests/pipeline-runtime/src/prt_dma.c:2671
#6  dma_submit_wait_annotated_scoped (rt=rt@entry=0x3fffffe030, 
    req=req@entry=0x3ff6d75218, stage_idx=stage_idx@entry=0, 
    tensor_id=tensor_id@entry=0, timeout_ns=timeout_ns@entry=10000000, 
    scope=scope@entry=0x3ff6d75200, 
    force_export_probe=force_export_probe@entry=0, 
    debug_page_idx=debug_page_idx@entry=0)
    at /home/ubuntu/chipyard/generators/gemmini/software/gemmini-rocc-tests/pipeline-runtime/src/prt_dma.c:2091
#7  0x0000000000018cf6 in dma_copy_host_to_spm_pages_linux (rt=0x3fffffe030, 
    dst_pages=<optimized out>, src_host=0x3ff6dc4400 "", manager_id=0, 
    stage_idx=0, tensor_id=0, timeout_ns=10000000, total_bytes=<optimized out>)
    at /home/ubuntu/chipyard/generators/gemmini/software/gemmini-rocc-tests/pipeline-runtime/src/prt_dma.c:813
#8  0x000000000001a54c in prt_dma_copy_dram_to_spm_pages_prefix (
    rt=rt@entry=0x3fffffe030, dst_pages=dst_pages@entry=0x6bab8, 
    src_dram_addr=<optimized out>, bytes=<optimized out>, 
    manager_id=<optimized out>, stage_idx=<optimized out>, 
    tensor_id=<optimized out>, timeout_ns=timeout_ns@entry=10000000)
    at /home/ubuntu/chipyard/generators/gemmini/software/gemmini-rocc-tests/pipeline-runtime/src/prt_dma.c:2777
#9  0x0000000000038816 in prt_process_c1 (rt=rt@entry=0x3fffffe030, 
    buf=buf@entry=0x6ba90, idx=idx@entry=0, 
    timeout_ns=timeout_ns@entry=10000000)
    at /home/ubuntu/chipyard/generators/gemmini/software/gemmini-rocc-tests/pipeline-runtime/src/prt_scheduler.c:294
#10 0x000000000002f28e in stage_worker_main (arg=0x83960)
    at /home/ubuntu/chipyard/generators/gemmini/software/gemmini-rocc-tests/pipeline-runtime/src/prt_runtime.c:4236
#11 0x0000003ff7e6cf46 in ?? ()
   from /home/ubuntu/chipyard/.conda-env/riscv-tools/sysroot/lib/libc.so.6
#12 0x0000003ff7eb5fcc in ?? ()
   from /home/ubuntu/chipyard/.conda-env/riscv-tools/sysroot/lib/libc.so.6
  Id   Target Id                        Frame 
  1    Thread 235.235 "rerocc_pipeline" 0x0000003ff7e952a6 in clock_nanosleep
    () from /home/ubuntu/chipyard/.conda-env/riscv-tools/sysroot/lib/libc.so.6
* 2    Thread 235.268 "rerocc_pipeline" prt_gdb_marker_stop ()
    at /home/ubuntu/chipyard/generators/gemmini/software/gemmini-rocc-tests/pipeline-runtime/src/prt_debug_state.c:376
pc             0x1437a	0x1437a <prt_gdb_marker_stop>
sp             0x3ff6d74e90	0x3ff6d74e90
ra             0x14bae	0x14bae <dma_gdb_marker_wait_return+60>

--- token2 frontier: after dma_gdb_marker_wait_return returns ---
Temporary breakpoint 2 at 0x165c8: file /home/ubuntu/chipyard/generators/gemmini/software/gemmini-rocc-tests/pipeline-runtime/src/prt_dma.c, line 3832.

Thread 2 "rerocc_pipeline" hit Temporary breakpoint 2, dma_blocking_wait (
    rt=0x3fffffe030, tok=0x3ff6d74ff8, timeout_ns=<optimized out>)
    at /home/ubuntu/chipyard/generators/gemmini/software/gemmini-rocc-tests/pipeline-runtime/src/prt_dma.c:3832
3832	  return PRT_OK;
#0  dma_blocking_wait (rt=0x3fffffe030, tok=0x3ff6d74ff8, 
    timeout_ns=<optimized out>)
    at /home/ubuntu/chipyard/generators/gemmini/software/gemmini-rocc-tests/pipeline-runtime/src/prt_dma.c:3832
#1  0x000000000001852e in prt_dma_wait (timeout_ns=10000000, tok=0x3ff6d74ff8, 
    rt=0x3fffffe030)
    at /home/ubuntu/chipyard/generators/gemmini/software/gemmini-rocc-tests/pipeline-runtime/src/prt_dma.c:2671
#2  dma_submit_wait_annotated_scoped (rt=rt@entry=0x3fffffe030, 
    req=req@entry=0x3ff6d75218, stage_idx=stage_idx@entry=0, 
    tensor_id=tensor_id@entry=0, timeout_ns=timeout_ns@entry=10000000, 
    scope=scope@entry=0x3ff6d75200, 
    force_export_probe=force_export_probe@entry=0, 
    debug_page_idx=debug_page_idx@entry=0)
    at /home/ubuntu/chipyard/generators/gemmini/software/gemmini-rocc-tests/pipeline-runtime/src/prt_dma.c:2091
#3  0x0000000000018cf6 in dma_copy_host_to_spm_pages_linux (rt=0x3fffffe030, 
    dst_pages=<optimized out>, src_host=0x3ff6dc4400 "", manager_id=0, 
    stage_idx=0, tensor_id=0, timeout_ns=10000000, total_bytes=<optimized out>)
    at /home/ubuntu/chipyard/generators/gemmini/software/gemmini-rocc-tests/pipeline-runtime/src/prt_dma.c:813
#4  0x000000000001a54c in prt_dma_copy_dram_to_spm_pages_prefix (
    rt=rt@entry=0x3fffffe030, dst_pages=dst_pages@entry=0x6bab8, 
    src_dram_addr=<optimized out>, bytes=<optimized out>, 
    manager_id=<optimized out>, stage_idx=<optimized out>, 
    tensor_id=<optimized out>, timeout_ns=timeout_ns@entry=10000000)
    at /home/ubuntu/chipyard/generators/gemmini/software/gemmini-rocc-tests/pipeline-runtime/src/prt_dma.c:2777
#5  0x0000000000038816 in prt_process_c1 (rt=rt@entry=0x3fffffe030, 
    buf=buf@entry=0x6ba90, idx=idx@entry=0, 
    timeout_ns=timeout_ns@entry=10000000)
    at /home/ubuntu/chipyard/generators/gemmini/software/gemmini-rocc-tests/pipeline-runtime/src/prt_scheduler.c:294
#6  0x000000000002f28e in stage_worker_main (arg=0x83960)
    at /home/ubuntu/chipyard/generators/gemmini/software/gemmini-rocc-tests/pipeline-runtime/src/prt_runtime.c:4236
#7  0x0000003ff7e6cf46 in ?? ()
   from /home/ubuntu/chipyard/.conda-env/riscv-tools/sysroot/lib/libc.so.6
#8  0x0000003ff7eb5fcc in ?? ()
   from /home/ubuntu/chipyard/.conda-env/riscv-tools/sysroot/lib/libc.so.6
  Id   Target Id                        Frame 
  1    Thread 235.235 "rerocc_pipeline" 0x0000003ff7e952a6 in clock_nanosleep
    () from /home/ubuntu/chipyard/.conda-env/riscv-tools/sysroot/lib/libc.so.6
* 2    Thread 235.268 "rerocc_pipeline" dma_blocking_wait (rt=0x3fffffe030, 
    tok=0x3ff6d74ff8, timeout_ns=<optimized out>)
    at /home/ubuntu/chipyard/generators/gemmini/software/gemmini-rocc-tests/pipeline-runtime/src/prt_dma.c:3832
pc             0x165c8	0x165c8 <dma_blocking_wait+1508>
sp             0x3ff6d74ed0	0x3ff6d74ed0
ra             0x165c8	0x165c8 <dma_blocking_wait+1508>

--- token2 frontier: after prt_dma_wait returns to submit_wait ---
Temporary breakpoint 3 at 0x18530: file /home/ubuntu/chipyard/generators/gemmini/software/gemmini-rocc-tests/pipeline-runtime/src/prt_dma.c, line 2092.

Thread 2 "rerocc_pipeline" hit Temporary breakpoint 3, dma_breadcrumb_flags_from_token (extra_flags=<optimized out>, tok=<optimized out>)
    at /home/ubuntu/chipyard/generators/gemmini/software/gemmini-rocc-tests/pipeline-runtime/src/prt_dma.c:2092
2092	  prt_breadcrumb_note(PRT_BREADCRUMB_KIND_DMA,
#0  dma_breadcrumb_flags_from_token (extra_flags=<optimized out>, 
    tok=<optimized out>)
    at /home/ubuntu/chipyard/generators/gemmini/software/gemmini-rocc-tests/pipeline-runtime/src/prt_dma.c:2092
#1  dma_submit_wait_annotated_scoped (rt=rt@entry=0x3fffffe030, 
    req=req@entry=0x3ff6d75218, stage_idx=stage_idx@entry=0, 
    tensor_id=tensor_id@entry=0, timeout_ns=timeout_ns@entry=10000000, 
    scope=scope@entry=0x3ff6d75200, 
    force_export_probe=force_export_probe@entry=0, 
    debug_page_idx=debug_page_idx@entry=0)
    at /home/ubuntu/chipyard/generators/gemmini/software/gemmini-rocc-tests/pipeline-runtime/src/prt_dma.c:2092
#2  0x0000000000018cf6 in dma_copy_host_to_spm_pages_linux (rt=0x3fffffe030, 
    dst_pages=<optimized out>, src_host=0x3ff6dc4400 "", manager_id=0, 
    stage_idx=0, tensor_id=0, timeout_ns=10000000, total_bytes=<optimized out>)
    at /home/ubuntu/chipyard/generators/gemmini/software/gemmini-rocc-tests/pipeline-runtime/src/prt_dma.c:813
#3  0x000000000001a54c in prt_dma_copy_dram_to_spm_pages_prefix (
    rt=rt@entry=0x3fffffe030, dst_pages=dst_pages@entry=0x6bab8, 
    src_dram_addr=<optimized out>, bytes=<optimized out>, 
    manager_id=<optimized out>, stage_idx=<optimized out>, 
    tensor_id=<optimized out>, timeout_ns=timeout_ns@entry=10000000)
    at /home/ubuntu/chipyard/generators/gemmini/software/gemmini-rocc-tests/pipeline-runtime/src/prt_dma.c:2777
#4  0x0000000000038816 in prt_process_c1 (rt=rt@entry=0x3fffffe030, 
    buf=buf@entry=0x6ba90, idx=idx@entry=0, 
    timeout_ns=timeout_ns@entry=10000000)
    at /home/ubuntu/chipyard/generators/gemmini/software/gemmini-rocc-tests/pipeline-runtime/src/prt_scheduler.c:294
#5  0x000000000002f28e in stage_worker_main (arg=0x83960)
    at /home/ubuntu/chipyard/generators/gemmini/software/gemmini-rocc-tests/pipeline-runtime/src/prt_runtime.c:4236
#6  0x0000003ff7e6cf46 in ?? ()
   from /home/ubuntu/chipyard/.conda-env/riscv-tools/sysroot/lib/libc.so.6
#7  0x0000003ff7eb5fcc in ?? ()
   from /home/ubuntu/chipyard/.conda-env/riscv-tools/sysroot/lib/libc.so.6
  Id   Target Id                        Frame 
  1    Thread 235.235 "rerocc_pipeline" 0x0000003ff7e952a6 in clock_nanosleep
    () from /home/ubuntu/chipyard/.conda-env/riscv-tools/sysroot/lib/libc.so.6
* 2    Thread 235.268 "rerocc_pipeline" dma_breadcrumb_flags_from_token (
    extra_flags=<optimized out>, tok=<optimized out>)
    at /home/ubuntu/chipyard/generators/gemmini/software/gemmini-rocc-tests/pipeline-runtime/src/prt_dma.c:2092
pc             0x18530	0x18530 <dma_submit_wait_annotated_scoped+218>
sp             0x3ff6d74fc0	0x3ff6d74fc0
ra             0x1852e	0x1852e <dma_submit_wait_annotated_scoped+216>
/home/ubuntu/chipyard/tmp/firesim-aws-f2/gdbserver-tests/pairdummy-cfg32-marker-stop-20260507T185812Z-192_168_1_226-172_16_0_2/pairdummy-cfg32-marker-stop.gdb:22: Error in sourced command file:
/home/ubuntu/chipyard/tmp/pairdummy-segment0-token2-frontier.OnfjCc.gdb:31: Error in sourced command file:
value has been optimized out
(gdb) 