#
# An unexpected error has occurred (11)
#
Stack:
/lib/x86_64-linux-gnu/libc.so.6(+0x45330) [0x7ef129845330]
/opt/Xilinx/Vivado/2024.2/lib/lnx64.o/libxv_power.so(rt::legacy::HARTRouteDeposit::addElementPin(HDLHInstTerm const*)+0x4aa) [0x7ef11c83bd8a]
/opt/Xilinx/Vivado/2024.2/lib/lnx64.o/libxv_power.so(rt::legacy::HARTRouteDeposit::assignInstTerms(rt::legacy::HDRTUndoInfo*)+0x5d7) [0x7ef11c8483b7]
/opt/Xilinx/Vivado/2024.2/lib/lnx64.o/libxv_power.so(rt::legacy::HARTRouteDeposit::depositSite(HDDMSite const*&, HDDMSite const*, rt::legacy::HDRTUndoInfo*)+0x2bf) [0x7ef11c84d0ef]
/opt/Xilinx/Vivado/2024.2/lib/lnx64.o/libxv_power.so(rt::legacy::HARTRouteDeposit::depositPinAssignmentForBlkArr(HSTSet<HDDMSite const*, std::less<HDDMSite const*>, std::allocator<HDDMSite const*> > const*, HSTVector<rt::legacy::dntl::Block const*, std::allocator<rt::legacy::dntl::Block const*> > const&, unsigned int, rt::legacy::HDRTUndoInfo*)+0x3d3) [0x7ef11c84d803]
/opt/Xilinx/Vivado/2024.2/lib/lnx64.o/libxv_power.so(rt::legacy::HARTRouteDeposit::depositPinAssignmentForAffectedSites(HSTSet<HDDMSite const*, std::less<HDDMSite const*>, std::allocator<HDDMSite const*> > const*, unsigned int, rt::legacy::HDRTUndoInfo*)+0x2f6) [0x7ef11c84e056]
/opt/Xilinx/Vivado/2024.2/lib/lnx64.o/libxv_power.so(rt::legacy::HARTRouteDeposit::doPinAssignment(HSTSet<HDDMSite const*, std::less<HDDMSite const*>, std::allocator<HDDMSite const*> > const*, unsigned int, rt::legacy::HDRTUndoInfo*)+0x2f9) [0x7ef11c857c19]
/opt/Xilinx/Vivado/2024.2/lib/lnx64.o/libxv_power.so(rt::legacy::HARTRouteDeposit::depositRouting(HSTVector<unsigned int, std::allocator<unsigned int> > const&, rt::legacy::HDRTUndoInfo*)+0xc74) [0x7ef11c858cb4]
/opt/Xilinx/Vivado/2024.2/lib/lnx64.o/libxv_power.so(rt::legacy::mod::DepositNets::depositNets(rt::legacy::HARTFlowParam const&, HSTVector<unsigned int, std::allocator<unsigned int> >, rt::legacy::HDRTUndoInfo*, bool, bool)+0x1db) [0x7ef11c97fbcb]
/opt/Xilinx/Vivado/2024.2/lib/lnx64.o/libxv_power.so(rt::legacy::mod::DepositNets::run()+0x65) [0x7ef11c97fff5]
/opt/Xilinx/Vivado/2024.2/lib/lnx64.o/libxv_common.so(xm::Module::run()+0x184) [0x7ef134ce6684]
/opt/Xilinx/Vivado/2024.2/lib/lnx64.o/libxv_common.so(xm::Executor::Cursor::Impl::visitModule(xm::Module const&)+0x83) [0x7ef134cec953]
/opt/Xilinx/Vivado/2024.2/lib/lnx64.o/libxv_common.so(xm::Executor::Cursor::Impl::transitionState()+0x47) [0x7ef134cec427]
/opt/Xilinx/Vivado/2024.2/lib/lnx64.o/libxv_common.so(xm::Executor::Cursor::Impl::run()+0x22) [0x7ef134cef292]
/opt/Xilinx/Vivado/2024.2/lib/lnx64.o/libxv_common.so(xm::ExecuteFlow(xm::Flow const&, xm::DataContainer, bool)+0x10b) [0x7ef134cef98b]
/opt/Xilinx/Vivado/2024.2/lib/lnx64.o/libxv_power.so(rt::legacy::mod::Modules::depositNets(std::shared_ptr<rt::legacy::mod::FlowGlobalData>, rt::legacy::HARTFlowParam const&, HSTVector<unsigned int, std::allocator<unsigned int> > const&, rt::legacy::HDRTUndoInfo*, bool, bool)+0x238) [0x7ef11c5764c8]
/opt/Xilinx/Vivado/2024.2/lib/lnx64.o/libxv_implflow.so(rt::legacy::HARTReEntrantRoute::reEntrantRoutePins(rt::legacy::HARTFlowParam const&, HSTVector<rt::legacy::TermInfo, std::allocator<rt::legacy::TermInfo> >&, rt::legacy::HDRTUndoInfo*)+0xa89) [0x7ef11f6d55d9]
/opt/Xilinx/Vivado/2024.2/lib/lnx64.o/libxv_implflow.so(rt::legacy::HARTReEntrantRoute::reEntrantRoute(rt::legacy::HARTFlowParam const&, rt::legacy::HDRTReEntrantRouteTask const&, rt::legacy::HDRTUndoInfo*)+0x74d) [0x7ef11f6dba7d]
/opt/Xilinx/Vivado/2024.2/lib/lnx64.o/libxv_implflow.so(HARTLegacyReEntrantFlow::routePins(rt::legacy::HARTFlowParam&, HSTVector<HDRTLHInstTermInfo, std::allocator<HDRTLHInstTermInfo> > const&, rt::legacy::HDRTUndoInfo*)+0xa68) [0x7ef11f57e678]
/opt/Xilinx/Vivado/2024.2/lib/lnx64.o/libxv_implflow.so(HARTLegacyRouteApiImpl::routePins(unsigned int, HSTVector<HDRTLHInstTermInfo, std::allocator<HDRTLHInstTermInfo> > const&, HAPSRouteUndoInfo*, bool, bool)+0x153) [0x7ef11f4de673]
/opt/Xilinx/Vivado/2024.2/lib/lnx64.o/libxv_implflow.so(HARTRouteApi::routePins(unsigned int, HSTVector<HAPSLHInstTermInfo, std::allocator<HAPSLHInstTermInfo> > const&, HAPSRouteUndoInfo*, bool, bool)+0x120) [0x7ef11f4681a0]
/opt/Xilinx/Vivado/2024.2/lib/lnx64.o/libxv_physynth.so(HAPSRouteMgr::route(HAPLPlaceApi&, bool, HSTPtrHashMap<HDLHInstTerm const, std::pair<int, int> > const&)+0x3ba7) [0x7ef11e0c25f7]
/opt/Xilinx/Vivado/2024.2/lib/lnx64.o/libxv_physynth.so(HAPSHoldFix::optimizeBufferInsert(HAPSNet*, unsigned int&, unsigned int&, bool&)+0xcc6) [0x7ef11e07a596]
/opt/Xilinx/Vivado/2024.2/lib/lnx64.o/libxv_physynth.so(HAPSHoldFix::optimize(HAPSNet*, bool&, bool&, unsigned int&, unsigned int&, bool&)+0x2cb) [0x7ef11e07ebbb]
/opt/Xilinx/Vivado/2024.2/lib/lnx64.o/libxv_physynth.so(HAPSHoldFix::optimizeInNonBatchMode(HSTVector<HAPSNet*, std::allocator<HAPSNet*> > const&)+0x6f9) [0x7ef11e07f399]
/opt/Xilinx/Vivado/2024.2/lib/lnx64.o/libxv_physynth.so(HAPSHoldFix::optimize(HSTVector<HDLHNet*, std::allocator<HDLHNet*> > const&)+0x1245) [0x7ef11e084225]
/opt/Xilinx/Vivado/2024.2/lib/lnx64.o/libxv_physynth.so(HAPSFlow::doHoldFix(bool, bool)+0x2af) [0x7ef11dce234f]
/opt/Xilinx/Vivado/2024.2/lib/lnx64.o/libxv_physynth.so(HAPSFlow::optimize()+0x2418) [0x7ef11dce9c48]
/opt/Xilinx/Vivado/2024.2/lib/lnx64.o/libxv_vivadotasks.so(PhysOptDesignTclTask::phys_opt_design::executeClient()+0x1a9c) [0x7ef12169bd9c]
/opt/Xilinx/Vivado/2024.2/lib/lnx64.o/libxv_vivadotasks.so(PhysOptDesignTclTask::phys_opt_design::execute_()+0x747) [0x7ef12169c937]
/opt/Xilinx/Vivado/2024.2/lib/lnx64.o/libxv_vivadotasks.so(PhysOptDesignTclTask::phys_opt_design::execute()+0xb6) [0x7ef12169dcb6]
/opt/Xilinx/Vivado/2024.2/lib/lnx64.o/libxv_common.so(+0x911d5a) [0x7ef134f11d5a]
/opt/Xilinx/Vivado/2024.2/lib/lnx64.o/libtcl8.6.so(TclNRRunCallbacks+0x47) [0x7ef131484497]
/opt/Xilinx/Vivado/2024.2/lib/lnx64.o/libtcl8.6.so(+0x45309) [0x7ef131486309]
/opt/Xilinx/Vivado/2024.2/lib/lnx64.o/libtcl8.6.so(Tcl_FSEvalFileEx+0x1f8) [0x7ef13153bae8]
/opt/Xilinx/Vivado/2024.2/lib/lnx64.o/libxv_commontasks.so(+0x495bb5) [0x7ef126a95bb5]
/opt/Xilinx/Vivado/2024.2/lib/lnx64.o/libxv_common.so(+0x911d5a) [0x7ef134f11d5a]
/opt/Xilinx/Vivado/2024.2/lib/lnx64.o/libtcl8.6.so(TclNRRunCallbacks+0x47) [0x7ef131484497]
/opt/Xilinx/Vivado/2024.2/lib/lnx64.o/libtcl8.6.so(+0x45309) [0x7ef131486309]
/opt/Xilinx/Vivado/2024.2/lib/lnx64.o/libtcl8.6.so(Tcl_FSEvalFileEx+0x1f8) [0x7ef13153bae8]
/opt/Xilinx/Vivado/2024.2/lib/lnx64.o/libxv_commontasks.so(+0x495bb5) [0x7ef126a95bb5]
/opt/Xilinx/Vivado/2024.2/lib/lnx64.o/libxv_common.so(+0x911d5a) [0x7ef134f11d5a]
/opt/Xilinx/Vivado/2024.2/lib/lnx64.o/libtcl8.6.so(TclNRRunCallbacks+0x47) [0x7ef131484497]
/opt/Xilinx/Vivado/2024.2/lib/lnx64.o/libxv_commontasks.so(+0x46be6d) [0x7ef126a6be6d]
/opt/Xilinx/Vivado/2024.2/lib/lnx64.o/libxv_commontasks.so(+0x46d48f) [0x7ef126a6d48f]
/opt/Xilinx/Vivado/2024.2/lib/lnx64.o/libxv_common.so(+0x911d5a) [0x7ef134f11d5a]
/opt/Xilinx/Vivado/2024.2/lib/lnx64.o/libtcl8.6.so(TclNRRunCallbacks+0x47) [0x7ef131484497]
/opt/Xilinx/Vivado/2024.2/lib/lnx64.o/libxv_commonmain.so(+0xeae2) [0x7ef135961ae2]
/opt/Xilinx/Vivado/2024.2/lib/lnx64.o/libtcl8.6.so(Tcl_MainEx+0x1a8) [0x7ef131543038]
/opt/Xilinx/Vivado/2024.2/lib/lnx64.o/libxv_common.so(+0xb7869e) [0x7ef13517869e]
/lib/x86_64-linux-gnu/libc.so.6(+0x9caa4) [0x7ef12989caa4]
/lib/x86_64-linux-gnu/libc.so.6(+0x129c3c) [0x7ef129929c3c]
