[firesim-tmux] started at 2026-05-05T11:12:30Z
[firesim-tmux] working directory: /home/ubuntu/chipyard/sims/firesim/deploy
[firesim-tmux] command: firesim terminaterunfarm -c /home/ubuntu/chipyard/sims/firesim/deploy/config_runtime_f2_rocket_singlecore_nic_gdbserver_smoke_notrace_clean1bp_recovereddriver_30mhz.yaml -a /home/ubuntu/chipyard/tmp/firesim-aws-f2/hwdb/config_hwdb_f2_rocket_singlecore_nic_notrace_30mhz_agfi03d951_timingholdfixpcisreg1bp_driver.yaml -r /home/ubuntu/chipyard/sims/firesim/deploy/config_build_recipes_f2_rocket_singlecore_nic_notrace_30mhz.yaml --forceterminate
[firesim-tmux] propagated FIRESIM env vars:  
/home/ubuntu/chipyard/.conda-env/lib/python3.10/site-packages/paramiko/transport.py:178: CryptographyDeprecationWarning: Blowfish has been deprecated
  'class': algorithms.Blowfish,
FireSim Manager. Docs: https://docs.fires.im
Running: terminaterunfarm

run_farm_hosts_dict defaultdict(<class 'list'>, {'f2.6xlarge': [(<runtools.run_farm.Inst object at 0x7929c0c4f8b0>, None)], 'f2.12xlarge': [], 'f2.48xlarge': [], 'm4.16xlarge': [], 'z1d.3xlarge': [], 'z1d.6xlarge': [], 'z1d.12xlarge': []})
set_server_hardware_config 0 None
IMPORTANT!: This will terminate the following instances:
f2.12xlarge
[]
f2.48xlarge
[]
f2.6xlarge
['i-0dae9e74e4f870c32']
m4.16xlarge
[]
z1d.12xlarge
[]
z1d.3xlarge
[]
z1d.6xlarge
[]
Instances terminated. Please confirm in your AWS Management Console.
The full log of this run is:
/home/ubuntu/chipyard/sims/firesim/deploy/logs/2026-05-05--11-12-30-terminaterunfarm-DOWM159YCRVYT5EW.log
[firesim-tmux] finished at 2026-05-05T11:12:32Z with exit code 0
