spawn /home/ubuntu/chipyard/.conda-env/riscv-tools/bin/riscv64-unknown-linux-gnu-gdb /home/ubuntu/chipyard/generators/gemmini/software/gemmini-rocc-tests/pipeline-runtime/workloads/rocket-singlecore-nic-gdbserver-smoke/overlay/root/gdbserver-smoke/gdbserver-smoke
GNU gdb (GDB) 14.1
Copyright (C) 2023 Free Software Foundation, Inc.
License GPLv3+: GNU GPL version 3 or later <http://gnu.org/licenses/gpl.html>
This is free software: you are free to change and redistribute it.
There is NO WARRANTY, to the extent permitted by law.
Type "show copying" and "show warranty" for details.
This GDB was configured as "--host=x86_64-pc-linux-gnu --target=riscv64-unknown-linux-gnu".
Type "show configuration" for configuration details.
For bug reporting instructions, please see:
<https://www.gnu.org/software/gdb/bugs/>.
Find the GDB manual and other documentation resources online at:
    <http://www.gnu.org/software/gdb/documentation/>.

For help, type "help".
Type "apropos word" to search for commands related to "word"...
Reading symbols from /home/ubuntu/chipyard/generators/gemmini/software/gemmini-rocc-tests/pipeline-runtime/workloads/rocket-singlecore-nic-gdbserver-smoke/overlay/root/gdbserver-smoke/gdbserver-smoke...
[?2004h(gdb) set pagination off
[?2004l[?2004h(gdb) set confirm off
[?2004l[?2004h(gdb) set print thread-events off
[?2004l[?2004h(gdb) set debuginfod enabled off
[?2004l[?2004h(gdb) set auto-load safe-path /
[?2004l[?2004h(gdb) set remotetimeout 180
[?2004l[?2004h(gdb) target remote :32345
[?2004lRemote debugging using :32345
Invalid hex digit 59
[?2004h(gdb) GDB_MARK_CONNECTED
break main
[?2004lBreakpoint 1 at 0x106a4: file /home/ubuntu/chipyard/generators/gemmini/software/gemmini-rocc-tests/pipeline-runtime/workloads/rocket-singlecore-nic-gdbserver-smoke/gdbserver-smoke.c, line 51.
[?2004h(gdb) break smoke_iteration_hook
[?2004lBreakpoint 2 at 0x10598: file /home/ubuntu/chipyard/generators/gemmini/software/gemmini-rocc-tests/pipeline-runtime/workloads/rocket-singlecore-nic-gdbserver-smoke/gdbserver-smoke.c, line 29.
[?2004h(gdb) break smoke_worker_heartbeat
[?2004lBreakpoint 3 at 0x105e8: file /home/ubuntu/chipyard/generators/gemmini/software/gemmini-rocc-tests/pipeline-runtime/workloads/rocket-singlecore-nic-gdbserver-smoke/gdbserver-smoke.c, line 33.
[?2004h(gdb) info breakpoints
[?2004lNum     Type           Disp Enb Address            What
1       breakpoint     keep y   0x00000000000106a4 in main 
                                                   at /home/ubuntu/chipyard/generators/gemmini/software/gemmini-rocc-tests/pipeline-runtime/workloads/rocket-singlecore-nic-gdbserver-smoke/gdbserver-smoke.c:51
2       breakpoint     keep y   0x0000000000010598 in smoke_iteration_hook 
                                                   at /home/ubuntu/chipyard/generators/gemmini/software/gemmini-rocc-tests/pipeline-runtime/workloads/rocket-singlecore-nic-gdbserver-smoke/gdbserver-smoke.c:29
3       breakpoint     keep y   0x00000000000105e8 in smoke_worker_heartbeat 
                                                   at /home/ubuntu/chipyard/generators/gemmini/software/gemmini-rocc-tests/pipeline-runtime/workloads/rocket-singlecore-nic-gdbserver-smoke/gdbserver-smoke.c:33
[?2004h(gdb) continue
[?2004lThe program is not being run.
[?2004h(gdb) 