Remote debugging using :32348
Reading symbols from /home/ubuntu/chipyard/.conda-env/riscv-tools/sysroot/lib/ld-linux-riscv64-lp64d.so.1...
(No debugging symbols found in /home/ubuntu/chipyard/.conda-env/riscv-tools/sysroot/lib/ld-linux-riscv64-lp64d.so.1)
0x0000003ff7fec386 in ?? () from /home/ubuntu/chipyard/.conda-env/riscv-tools/sysroot/lib/ld-linux-riscv64-lp64d.so.1
No symbol "segment_idx" in current context.
Breakpoint 1 at 0x30360: file /home/ubuntu/chipyard/generators/gemmini/software/gemmini-rocc-tests/pipeline-runtime/src/prt_runtime.c, line 4423.
Breakpoint 2 at 0x303e4: file /home/ubuntu/chipyard/generators/gemmini/software/gemmini-rocc-tests/pipeline-runtime/src/prt_runtime.c, line 4435.
Breakpoint 3 at 0x30612: file /home/ubuntu/chipyard/generators/gemmini/software/gemmini-rocc-tests/pipeline-runtime/src/prt_runtime.c, line 4514.
Breakpoint 4 at 0x3062a: file /home/ubuntu/chipyard/generators/gemmini/software/gemmini-rocc-tests/pipeline-runtime/src/prt_runtime.c, line 4515.
Breakpoint 5 at 0x30da6: file /home/ubuntu/chipyard/generators/gemmini/software/gemmini-rocc-tests/pipeline-runtime/src/prt_runtime.c, line 4543.
Breakpoint 6 at 0x3067c: file /home/ubuntu/chipyard/generators/gemmini/software/gemmini-rocc-tests/pipeline-runtime/src/prt_runtime.c, line 4560.
Breakpoint 7 at 0x30730: file /home/ubuntu/chipyard/generators/gemmini/software/gemmini-rocc-tests/pipeline-runtime/src/prt_runtime.c, line 4571.
Breakpoint 8 at 0x23366: file /home/ubuntu/chipyard/generators/gemmini/software/gemmini-rocc-tests/pipeline-runtime/src/prt_gemmini_adapter.c, line 3174.
Breakpoint 9 at 0x22864: gemm_blocking_conv_run. (2 locations)
Breakpoint 10 at 0x225ca: file /home/ubuntu/chipyard/generators/gemmini/software/gemmini-rocc-tests/pipeline-runtime/src/prt_gemmini_adapter.c, line 3414.
Breakpoint 11 at 0x223e8: file /home/ubuntu/chipyard/generators/gemmini/software/gemmini-rocc-tests/pipeline-runtime/src/prt_gemmini_adapter.c, line 3325.
Breakpoint 12 at 0x220c8: file /home/ubuntu/chipyard/generators/gemmini/software/gemmini-rocc-tests/pipeline-runtime/src/prt_gemmini_adapter.c, line 3221.
Breakpoint 13 at 0x1e38c: gemm_blocking_fence. (2 locations)
Num     Type           Disp Enb Address            What
1       breakpoint     keep y   0x0000000000030360 in stage_worker_main at /home/ubuntu/chipyard/generators/gemmini/software/gemmini-rocc-tests/pipeline-runtime/src/prt_runtime.c:4423
	stop only if segment_idx == 0 && ctx->stage_id == 0 && progress_sbatch == 0 (host evals)
2       breakpoint     keep y   0x00000000000303e4 in stage_worker_main at /home/ubuntu/chipyard/generators/gemmini/software/gemmini-rocc-tests/pipeline-runtime/src/prt_runtime.c:4435
	stop only if segment_idx == 0 && ctx->stage_id == 0 && progress_sbatch == 0 (host evals)
3       breakpoint     keep y   0x0000000000030612 in stage_worker_main at /home/ubuntu/chipyard/generators/gemmini/software/gemmini-rocc-tests/pipeline-runtime/src/prt_runtime.c:4514
	stop only if segment_idx == 0 && ctx->stage_id == 0 && progress_sbatch == 0 (host evals)
4       breakpoint     keep y   0x000000000003062a in stage_worker_main at /home/ubuntu/chipyard/generators/gemmini/software/gemmini-rocc-tests/pipeline-runtime/src/prt_runtime.c:4515
	stop only if segment_idx == 0 && ctx->stage_id == 0 && progress_sbatch == 0 (host evals)
5       breakpoint     keep y   0x0000000000030da6 in stage_worker_main at /home/ubuntu/chipyard/generators/gemmini/software/gemmini-rocc-tests/pipeline-runtime/src/prt_runtime.c:4543
	stop only if segment_idx == 0 && ctx->stage_id == 0 && progress_sbatch == 0 (host evals)
6       breakpoint     keep y   0x000000000003067c in stage_worker_main at /home/ubuntu/chipyard/generators/gemmini/software/gemmini-rocc-tests/pipeline-runtime/src/prt_runtime.c:4560
	stop only if segment_idx == 0 && ctx->stage_id == 0 && progress_sbatch == 0 (host evals)
7       breakpoint     keep y   0x0000000000030730 in stage_worker_main at /home/ubuntu/chipyard/generators/gemmini/software/gemmini-rocc-tests/pipeline-runtime/src/prt_runtime.c:4571
	stop only if segment_idx == 0 && ctx->stage_id == 0 && progress_sbatch == 0 (host evals)
8       breakpoint     keep y   0x0000000000023366 in prt_gemm_conv_run at /home/ubuntu/chipyard/generators/gemmini/software/gemmini-rocc-tests/pipeline-runtime/src/prt_gemmini_adapter.c:3174
	stop only if task && task->stage_id == 0 (host evals)
9       breakpoint     keep y   <MULTIPLE>         
	stop only if task && task->stage_id == 0 (host evals)
9.1                         y   0x0000000000022864 in gemm_blocking_conv_run at /home/ubuntu/chipyard/generators/gemmini/software/gemmini-rocc-tests/pipeline-runtime/src/prt_gemmini_adapter.c:3186
9.2                         y   0x0000000000022876 in gemm_blocking_conv_run at /home/ubuntu/chipyard/generators/gemmini/software/gemmini-rocc-tests/pipeline-runtime/src/prt_gemmini_adapter.c:3205
10      breakpoint     keep y   0x00000000000225ca in gemm_issue_task at /home/ubuntu/chipyard/generators/gemmini/software/gemmini-rocc-tests/pipeline-runtime/src/prt_gemmini_adapter.c:3414
	stop only if task && task->stage_id == 0 (host evals)
11      breakpoint     keep y   0x00000000000223e8 in gemm_issue_grouped_conv_task at /home/ubuntu/chipyard/generators/gemmini/software/gemmini-rocc-tests/pipeline-runtime/src/prt_gemmini_adapter.c:3325
	stop only if task && task->stage_id == 0 (host evals)
12      breakpoint     keep y   0x00000000000220c8 in gemm_issue_conv_task at /home/ubuntu/chipyard/generators/gemmini/software/gemmini-rocc-tests/pipeline-runtime/src/prt_gemmini_adapter.c:3221
	stop only if task && task->stage_id == 0 (host evals)
13      breakpoint     keep y   <MULTIPLE>         
	stop only if task && task->stage_id == 0 (host evals)
13.1                        y   0x000000000001e38c in gemm_blocking_fence at /home/ubuntu/chipyard/generators/gemmini/software/gemmini-rocc-tests/pipeline-runtime/src/prt_gemmini_adapter.c:3500
13.2                        y   0x000000000002288c in gemm_blocking_fence at /home/ubuntu/chipyard/generators/gemmini/software/gemmini-rocc-tests/pipeline-runtime/src/prt_gemmini_adapter.c:3500
Continuing.
Error in testing condition for breakpoint 1:
value has been optimized out
[Switching to Thread 229.265]

Thread 2 "rerocc_pipeline" hit Breakpoint 1, stage_worker_main (arg=0x83960) at /home/ubuntu/chipyard/generators/gemmini/software/gemmini-rocc-tests/pipeline-runtime/src/prt_runtime.c:4423
4423	      prt_runtime_gdb_marker(PRT_GDB_MARKER_SITE_WORKER_AFTER_BUILD_STAGE_TASK,
#0  stage_worker_main (arg=0x83960) at /home/ubuntu/chipyard/generators/gemmini/software/gemmini-rocc-tests/pipeline-runtime/src/prt_runtime.c:4423
#1  0x0000003ff7e6cf46 in ?? () from /home/ubuntu/chipyard/.conda-env/riscv-tools/sysroot/lib/libc.so.6
#2  0x0000003ff7eb5fcc in ?? () from /home/ubuntu/chipyard/.conda-env/riscv-tools/sysroot/lib/libc.so.6
resadd_desc = {I = 0, J = 0, A_scale = 0, B_scale = 0, C_scale = 0, stride = 0, A = 0x0, B = 0x0, C = 0x0, relu = 0, tiled_type = 0}
task = {stage_id = 0, acc_id = 0, num_managers = 8, manager_ids = {0, 1, 2, 3, 4, 5, 6, 7, 0 <repeats 56 times>}, tile_count = 8, split_kind = PRT_LAYER_SPLIT_OC, op_kind = PRT_STAGE_OP_CONV, opaque_task = 0x3ff6d75550}
conv_desc = {batch_size = 1, in_row_dim = 256, in_col_dim = 1, in_channels = 256, out_channels = 256, out_row_dim = 256, out_col_dim = 1, in_stride = 256, weight_stride = 256, out_stride = 256, groups = 1, stride = 1, input_dilation = 1, kernel_dilation = 1, padding = 0, kernel_dim = 1, wrot180 = 0, trans_output_1203 = 0, trans_input_3120 = 0, trans_weight_1203 = 0, trans_weight_0132 = 0, input = 0x3ff6d93400, weights = 0x3ff6d83400, bias = 0x3ff6d83000, output = 0x3ff6da3400, act = 1, output_scale = 1, pool_size = 1, pool_stride = 0, pool_padding = 0, tiled_type = 1}
overlap_mode = <optimized out>
gemm_begin_ns = <optimized out>
progress_sbatch = <optimized out>
segment_idx = <optimized out>
rc = 0
retry = <optimized out>
global_stage_id = <optimized out>
ctx = 0x83960
rt = 0x3fffffdf00
exec = <optimized out>
timeout_ns = <optimized out>
wait_timeout_ns = <optimized out>
entry_bufs = {0x6ba90, 0x0 <repeats 1023 times>}
export_bufs = {0x6bda8, 0x0 <repeats 1023 times>}
iso_pairs = {0x0 <repeats 1024 times>}
shared_pairs = {0x1, 0x0 <repeats 818 times>, 0x3ff7f10858, 0x3ff6d7d668, 0x17, 0x3, 0x3ff7e4a1c6, 0x0, 0x3ff7f06dd0, 0x1, 0x3ff6d7d750, 0x3ff6d7d668, 0x3ff7e4f71a, 0x0, 0x0, 0x0, 0x0, 0x0, 0x0, 0x0, 0x0, 0xa, 0x0, 0x20, 0x3ff6d7d5ed, 0x0, 0x0, 0x0, 0x0, 0x3ff7f10858, 0x3ff7f1086f, 0x4160, 0x0, 0x4150, 0x0, 0xffffffffffffffff, 0x0, 0x8ff, 0x0, 0x0, 0x3ff7f10871, 0x3ff6d7d748, 0x0 <repeats 130 times>, 0x3536320000000000, 0x0, 0x40000, 0x0, 0x3ff6d7e040, 0x3ff6d7e040, 0x0, 0x2eaa8 <stage_worker_main>, 0x3fffffda50, 0x0, 0x3ff6d7d788, 0x40000, 0x3ff6d43000, 0x3ff6d7d668, 0x3ff7e65680, 0x0, 0x3ff6d7d788, 0x3ff6d7d7a2, 0x3ff6d7d7ab, 0x0, 0x2, 0x0 <repeats 14 times>}
entry_count = <optimized out>
export_count = <optimized out>
iso_pair_count = <optimized out>
shared_pair_count = <optimized out>
last_wait_log_ms = 0
$1 = 0
$2 = 0
$3 = <optimized out>
$4 = <optimized out>
$5 = <optimized out>
$6 = PRT_STAGE_OP_CONV
$7 = 8
$8 = 8
$9 = 0
$10 = 1
$11 = 7
$12 = PRT_LAYER_SPLIT_OC
$13 = {segment_idx = 0, global_stage_id = 0, local_stage_id = 4294967295, subbatch_id = 0, phase_id = 8, wait_phase_id = 0, tensor_id = 4294967295, pipebuf_idx = 4294967295, pipebuf_kind = 4294967295, pipebuf_in_use_idx = 4294967295, pipebuf_no_use_idx = 4294967295, pipebuf_addr = 0, ring_addr = 0, manager_id = 7, opcode_id = 3, rr_stage_id = 4294967295, rr_manager_id = 7, rr_opcode_id = 3, rr_cfg_id = 31, last_rc = 0, event_seq = 16}
  Id   Target Id                        Frame 
  1    Thread 229.229 "rerocc_pipeline" 0x0000003ff7e952a6 in clock_nanosleep () from /home/ubuntu/chipyard/.conda-env/riscv-tools/sysroot/lib/libc.so.6
* 2    Thread 229.265 "rerocc_pipeline" stage_worker_main (arg=0x83960) at /home/ubuntu/chipyard/generators/gemmini/software/gemmini-rocc-tests/pipeline-runtime/src/prt_runtime.c:4423
Continuing.
Error in testing condition for breakpoint 2:
value has been optimized out

Thread 2 "rerocc_pipeline" hit Breakpoint 2, stage_worker_main (arg=0x83960) at /home/ubuntu/chipyard/generators/gemmini/software/gemmini-rocc-tests/pipeline-runtime/src/prt_runtime.c:4435
4435	      prt_log_gate_set_context(segment_idx, global_stage_id, ctx->stage_id, progress_sbatch);
$14 = 0
$15 = 0
$16 = PRT_STAGE_OP_CONV
$17 = 8
Continuing.

Thread 2 "rerocc_pipeline" hit Breakpoint 3, stage_worker_main (arg=0x83960) at /home/ubuntu/chipyard/generators/gemmini/software/gemmini-rocc-tests/pipeline-runtime/src/prt_runtime.c:4514
4514	      rc = prt_gemm_conv_run(rt, &task, timeout_ns);
#0  stage_worker_main (arg=0x83960) at /home/ubuntu/chipyard/generators/gemmini/software/gemmini-rocc-tests/pipeline-runtime/src/prt_runtime.c:4514
#1  0x0000003ff7e6cf46 in ?? () from /home/ubuntu/chipyard/.conda-env/riscv-tools/sysroot/lib/libc.so.6
#2  0x0000003ff7eb5fcc in ?? () from /home/ubuntu/chipyard/.conda-env/riscv-tools/sysroot/lib/libc.so.6
$18 = {stage_id = 0, acc_id = 0, num_managers = 8, manager_ids = {0, 1, 2, 3, 4, 5, 6, 7, 0 <repeats 56 times>}, tile_count = 8, split_kind = PRT_LAYER_SPLIT_OC, op_kind = PRT_STAGE_OP_CONV, opaque_task = 0x3ff6d75550}
$19 = (const void *) 0x3ff6d93400
$20 = (const void *) 0x3ff6d83400
$21 = (void *) 0x3ff6da3400
$22 = <optimized out>
Continuing.

Thread 2 "rerocc_pipeline" hit Breakpoint 8, prt_gemm_conv_run (rt=0x3fffffdf00, task=0x3ff6d755e0, timeout_ns=600000000000) at /home/ubuntu/chipyard/generators/gemmini/software/gemmini-rocc-tests/pipeline-runtime/src/prt_gemmini_adapter.c:3174
3174	  if (!rt || !task || !rt->gemm_ops.conv_run) return PRT_ERR_INVAL;
#0  prt_gemm_conv_run (rt=0x3fffffdf00, task=0x3ff6d755e0, timeout_ns=600000000000) at /home/ubuntu/chipyard/generators/gemmini/software/gemmini-rocc-tests/pipeline-runtime/src/prt_gemmini_adapter.c:3174
#1  0x000000000003062a in stage_worker_main (arg=0x83960) at /home/ubuntu/chipyard/generators/gemmini/software/gemmini-rocc-tests/pipeline-runtime/src/prt_runtime.c:4514
#2  0x0000003ff7e6cf46 in ?? () from /home/ubuntu/chipyard/.conda-env/riscv-tools/sysroot/lib/libc.so.6
#3  0x0000003ff7eb5fcc in ?? () from /home/ubuntu/chipyard/.conda-env/riscv-tools/sysroot/lib/libc.so.6
$23 = {stage_id = 0, acc_id = 0, num_managers = 8, manager_ids = {0, 1, 2, 3, 4, 5, 6, 7, 0 <repeats 56 times>}, tile_count = 8, split_kind = PRT_LAYER_SPLIT_OC, op_kind = PRT_STAGE_OP_CONV, opaque_task = 0x3ff6d75550}
$24 = 0x3ec10 "blocking_fence"
$25 = PRT_BACKEND_FPGA
$26 = 600000000000
Continuing.

Thread 2 "rerocc_pipeline" hit Breakpoint 9.1, gemm_blocking_conv_run (rt=0x3fffffdf00, task=0x3ff6d755e0, timeout_ns=600000000000) at /home/ubuntu/chipyard/generators/gemmini/software/gemmini-rocc-tests/pipeline-runtime/src/prt_gemmini_adapter.c:3186
3186	  rc = gemm_issue_task(rt, task);
$27 = {stage_id = 0, acc_id = 0, num_managers = 8, manager_ids = {0, 1, 2, 3, 4, 5, 6, 7, 0 <repeats 56 times>}, tile_count = 8, split_kind = PRT_LAYER_SPLIT_OC, op_kind = PRT_STAGE_OP_CONV, opaque_task = 0x3ff6d75550}
Continuing.

Thread 2 "rerocc_pipeline" hit Breakpoint 10, gemm_issue_task (rt=0x3fffffdf00, task=task@entry=0x3ff6d755e0) at /home/ubuntu/chipyard/generators/gemmini/software/gemmini-rocc-tests/pipeline-runtime/src/prt_gemmini_adapter.c:3414
3414	  if (!rt || !task || !task->opaque_task) return PRT_OK;
#0  gemm_issue_task (rt=0x3fffffdf00, task=task@entry=0x3ff6d755e0) at /home/ubuntu/chipyard/generators/gemmini/software/gemmini-rocc-tests/pipeline-runtime/src/prt_gemmini_adapter.c:3414
#1  0x0000000000022874 in gemm_blocking_conv_run (rt=<optimized out>, task=0x3ff6d755e0, timeout_ns=<optimized out>) at /home/ubuntu/chipyard/generators/gemmini/software/gemmini-rocc-tests/pipeline-runtime/src/prt_gemmini_adapter.c:3186
#2  0x000000000003062a in stage_worker_main (arg=0x83960) at /home/ubuntu/chipyard/generators/gemmini/software/gemmini-rocc-tests/pipeline-runtime/src/prt_runtime.c:4514
#3  0x0000003ff7e6cf46 in ?? () from /home/ubuntu/chipyard/.conda-env/riscv-tools/sysroot/lib/libc.so.6
#4  0x0000003ff7eb5fcc in ?? () from /home/ubuntu/chipyard/.conda-env/riscv-tools/sysroot/lib/libc.so.6
$28 = {stage_id = 0, acc_id = 0, num_managers = 8, manager_ids = {0, 1, 2, 3, 4, 5, 6, 7, 0 <repeats 56 times>}, tile_count = 8, split_kind = PRT_LAYER_SPLIT_OC, op_kind = PRT_STAGE_OP_CONV, opaque_task = 0x3ff6d75550}
$29 = 1
$30 = 256
$31 = 1
Continuing.

Thread 2 "rerocc_pipeline" hit Breakpoint 11, gemm_issue_grouped_conv_task (rt=0x3fffffdf00, task=0x3ff6d755e0, conv=0x3ff6d75550) at /home/ubuntu/chipyard/generators/gemmini/software/gemmini-rocc-tests/pipeline-runtime/src/prt_gemmini_adapter.c:3325
3325	  const int groups = prt_conv_groups(conv);
$32 = 1
$33 = 256
$34 = PRT_LAYER_SPLIT_OC
Continuing.

Thread 2 "rerocc_pipeline" hit Breakpoint 12, gemm_issue_conv_task (rt=0x3fffffdf00, task=0x3ff6d755e0, conv=0x3ff6d75550) at /home/ubuntu/chipyard/generators/gemmini/software/gemmini-rocc-tests/pipeline-runtime/src/prt_gemmini_adapter.c:3221
3221	  if (!rt || !task || !conv) return PRT_ERR_INVAL;
Breakpoint 14 at 0x218ac: file /home/ubuntu/chipyard/generators/gemmini/software/gemmini-rocc-tests/pipeline-runtime/src/prt_gemmini_adapter.c, line 2697.
Breakpoint 15 at 0x20582: file /home/ubuntu/chipyard/generators/gemmini/software/gemmini-rocc-tests/pipeline-runtime/src/prt_gemmini_adapter.c, line 2306.
Breakpoint 16 at 0x205e8: file /home/ubuntu/chipyard/generators/gemmini/software/gemmini-rocc-tests/pipeline-runtime/src/prt_gemmini_adapter.c, line 2329.
Breakpoint 17 at 0x20a92: file /home/ubuntu/chipyard/generators/gemmini/software/gemmini-rocc-tests/pipeline-runtime/src/prt_gemmini_adapter.c, line 2448.
Breakpoint 18 at 0x20abc: file /home/ubuntu/chipyard/generators/gemmini/software/gemmini-rocc-tests/pipeline-runtime/src/prt_gemmini_adapter.c, line 2451.
Breakpoint 19 at 0x2075c: file /home/ubuntu/chipyard/generators/gemmini/software/gemmini-rocc-tests/pipeline-runtime/src/prt_gemmini_adapter.c, line 2534.
Breakpoint 20 at 0x20766: file /home/ubuntu/chipyard/generators/gemmini/software/gemmini-rocc-tests/pipeline-runtime/src/prt_gemmini_adapter.c, line 2545.
No symbol "stage_id" in current context.
Breakpoint 21 at 0x2079e: file /home/ubuntu/chipyard/generators/gemmini/software/gemmini-rocc-tests/pipeline-runtime/src/prt_gemmini_adapter.c, line 2581.
Continuing.

Thread 2 "rerocc_pipeline" hit Breakpoint 14, run_conv_oc_split (task=0x3ff6d755e0, conv=0x3ff6d75550) at /home/ubuntu/chipyard/generators/gemmini/software/gemmini-rocc-tests/pipeline-runtime/src/prt_gemmini_adapter.c:2697
2697	  if (!task || !conv) return PRT_ERR_INVAL;
#0  run_conv_oc_split (task=0x3ff6d755e0, conv=0x3ff6d75550) at /home/ubuntu/chipyard/generators/gemmini/software/gemmini-rocc-tests/pipeline-runtime/src/prt_gemmini_adapter.c:2697
#1  0x00000000000223b2 in gemm_issue_conv_task (rt=<optimized out>, task=<optimized out>, conv=<optimized out>) at /home/ubuntu/chipyard/generators/gemmini/software/gemmini-rocc-tests/pipeline-runtime/src/prt_gemmini_adapter.c:3305
#2  0x00000000000225bc in gemm_issue_grouped_conv_task (rt=<optimized out>, task=<optimized out>, conv=<optimized out>) at /home/ubuntu/chipyard/generators/gemmini/software/gemmini-rocc-tests/pipeline-runtime/src/prt_gemmini_adapter.c:3339
#3  0x0000000000022814 in gemm_issue_task (rt=<optimized out>, task=task@entry=0x3ff6d755e0) at /home/ubuntu/chipyard/generators/gemmini/software/gemmini-rocc-tests/pipeline-runtime/src/prt_gemmini_adapter.c:3462
#4  0x0000000000022874 in gemm_blocking_conv_run (rt=<optimized out>, task=0x3ff6d755e0, timeout_ns=<optimized out>) at /home/ubuntu/chipyard/generators/gemmini/software/gemmini-rocc-tests/pipeline-runtime/src/prt_gemmini_adapter.c:3186
#5  0x000000000003062a in stage_worker_main (arg=0x83960) at /home/ubuntu/chipyard/generators/gemmini/software/gemmini-rocc-tests/pipeline-runtime/src/prt_runtime.c:4514
#6  0x0000003ff7e6cf46 in ?? () from /home/ubuntu/chipyard/.conda-env/riscv-tools/sysroot/lib/libc.so.6
#7  0x0000003ff7eb5fcc in ?? () from /home/ubuntu/chipyard/.conda-env/riscv-tools/sysroot/lib/libc.so.6
$35 = 0
$36 = 8
$37 = 8
$38 = 256
$39 = 256
$40 = 256
$41 = 1
No symbol "prt_conv_input_stride" in current context.
No symbol "prt_conv_weight_stride" in current context.
No symbol "prt_conv_output_stride" in current context.
Continuing.

Thread 2 "rerocc_pipeline" hit Breakpoint 15, conv_call_for_manager_sync_strided (stage_id=0, manager_id=manager_id@entry=0, conv=conv@entry=0x3ff6d74ea0, in_stride=256, weight_stride=weight_stride@entry=256, out_stride=out_stride@entry=256) at /home/ubuntu/chipyard/generators/gemmini/software/gemmini-rocc-tests/pipeline-runtime/src/prt_gemmini_adapter.c:2306
2306	  int chosen_args[7] = {0};
#0  conv_call_for_manager_sync_strided (stage_id=0, manager_id=manager_id@entry=0, conv=conv@entry=0x3ff6d74ea0, in_stride=256, weight_stride=weight_stride@entry=256, out_stride=out_stride@entry=256) at /home/ubuntu/chipyard/generators/gemmini/software/gemmini-rocc-tests/pipeline-runtime/src/prt_gemmini_adapter.c:2306
#1  0x0000000000021ba0 in run_conv_oc_split (task=0x3ff6d755e0, conv=0x3ff6d75550) at /home/ubuntu/chipyard/generators/gemmini/software/gemmini-rocc-tests/pipeline-runtime/src/prt_gemmini_adapter.c:2757
#2  0x00000000000223b2 in gemm_issue_conv_task (rt=<optimized out>, task=<optimized out>, conv=<optimized out>) at /home/ubuntu/chipyard/generators/gemmini/software/gemmini-rocc-tests/pipeline-runtime/src/prt_gemmini_adapter.c:3305
#3  0x00000000000225bc in gemm_issue_grouped_conv_task (rt=<optimized out>, task=<optimized out>, conv=<optimized out>) at /home/ubuntu/chipyard/generators/gemmini/software/gemmini-rocc-tests/pipeline-runtime/src/prt_gemmini_adapter.c:3339
#4  0x0000000000022814 in gemm_issue_task (rt=<optimized out>, task=task@entry=0x3ff6d755e0) at /home/ubuntu/chipyard/generators/gemmini/software/gemmini-rocc-tests/pipeline-runtime/src/prt_gemmini_adapter.c:3462
#5  0x0000000000022874 in gemm_blocking_conv_run (rt=<optimized out>, task=0x3ff6d755e0, timeout_ns=<optimized out>) at /home/ubuntu/chipyard/generators/gemmini/software/gemmini-rocc-tests/pipeline-runtime/src/prt_gemmini_adapter.c:3186
#6  0x000000000003062a in stage_worker_main (arg=0x83960) at /home/ubuntu/chipyard/generators/gemmini/software/gemmini-rocc-tests/pipeline-runtime/src/prt_runtime.c:4514
#7  0x0000003ff7e6cf46 in ?? () from /home/ubuntu/chipyard/.conda-env/riscv-tools/sysroot/lib/libc.so.6
(More stack frames follow...)
$42 = 0
$43 = 0
$44 = 32
$45 = 256
$46 = (void *) 0x3ff6da3400
$47 = 256
$48 = 256
$49 = 256
Continuing.

Thread 2 "rerocc_pipeline" hit Breakpoint 16, conv_call_for_manager_sync_strided (stage_id=0, manager_id=manager_id@entry=0, conv=conv@entry=0x3ff6d74ea0, in_stride=256, weight_stride=weight_stride@entry=256, out_stride=out_stride@entry=256) at /home/ubuntu/chipyard/generators/gemmini/software/gemmini-rocc-tests/pipeline-runtime/src/prt_gemmini_adapter.c:2329
2329	  rc = prt_rr_acquire_scope(NULL, stage_id, manager_id, 3U, &scope);
$50 = 0
$51 = 0
$52 = {valid = 0, cfg_id = 0, stage_id = 7, manager_id = 0, opcode_id = 0}
Continuing.

Thread 2 "rerocc_pipeline" hit Breakpoint 17, prt_run_pointwise_matmul_fallback_strided_scoped (scope=0x3ff6d74cc8, out_stride=256, weight_stride=256, in_stride=256, tiled_type=WS, conv=0x3ff6d74ea0, manager_id=0, stage_id=0) at /home/ubuntu/chipyard/generators/gemmini/software/gemmini-rocc-tests/pipeline-runtime/src/prt_gemmini_adapter.c:911
911	  return prt_run_pointwise_matmul_fallback_strided_impl(stage_id, manager_id, conv, tiled_type,
Breakpoint 22 at 0x1eb2e: file /home/ubuntu/chipyard/generators/gemmini/software/gemmini-rocc-tests/pipeline-runtime/src/prt_gemmini_adapter.c, line 1029.
Breakpoint 23 at 0x1f552: file /home/ubuntu/chipyard/generators/gemmini/software/gemmini-rocc-tests/pipeline-runtime/src/prt_gemmini_adapter.c, line 1036.
$53 = 0
$54 = 0
$55 = 32
$56 = 256
$57 = 256
$58 = 256
$59 = {valid = 1, cfg_id = 1, stage_id = 0, manager_id = 0, opcode_id = 3}
Continuing.

Thread 2 "rerocc_pipeline" hit Breakpoint 22, prt_run_pointwise_matmul_fallback_strided_impl (stage_id=stage_id@entry=0, manager_id=manager_id@entry=0, conv=conv@entry=0x3ff6d74ea0, tiled_type=tiled_type@entry=WS, in_stride=in_stride@entry=256, weight_stride=weight_stride@entry=256, out_stride=out_stride@entry=256, emit_logs=emit_logs@entry=1, scope=scope@entry=0x3ff6d74cc8) at /home/ubuntu/chipyard/generators/gemmini/software/gemmini-rocc-tests/pipeline-runtime/src/prt_gemmini_adapter.c:1029
1029	  tiled_matmul_nn_stride_auto(
$60 = <optimized out>
$61 = <optimized out>
$62 = <optimized out>
$63 = <optimized out>
$64 = {valid = 1, cfg_id = 1, stage_id = 0, manager_id = 0, opcode_id = 3}
Continuing.

Thread 2 "rerocc_pipeline" hit Breakpoint 23, prt_run_pointwise_matmul_fallback_strided_impl (stage_id=stage_id@entry=0, manager_id=manager_id@entry=0, conv=conv@entry=0x3ff6d74ea0, tiled_type=tiled_type@entry=WS, in_stride=in_stride@entry=256, weight_stride=weight_stride@entry=256, out_stride=out_stride@entry=256, emit_logs=emit_logs@entry=1, scope=scope@entry=0x3ff6d74cc8) at /home/ubuntu/chipyard/generators/gemmini/software/gemmini-rocc-tests/pipeline-runtime/src/prt_gemmini_adapter.c:1036
1036	  prt_pointwise_breadcrumb_note(PRT_BREADCRUMB_PHASE_GEMMINI_POINTWISE_MATMUL_RETURN,
$65 = {valid = 1, cfg_id = 1, stage_id = 0, manager_id = 0, opcode_id = 3}
Continuing.

Thread 2 "rerocc_pipeline" hit Breakpoint 18, conv_call_for_manager_sync_strided (stage_id=0, manager_id=manager_id@entry=0, conv=conv@entry=0x3ff6d74ea0, in_stride=256, weight_stride=weight_stride@entry=256, out_stride=out_stride@entry=256) at /home/ubuntu/chipyard/generators/gemmini/software/gemmini-rocc-tests/pipeline-runtime/src/prt_gemmini_adapter.c:2452
2452	    prt_pointwise_breadcrumb_note(PRT_BREADCRUMB_PHASE_GEMMINI_POINTWISE_CALL_RETURN,
$66 = 0
$67 = 0
$68 = 0
$69 = {valid = 1, cfg_id = 1, stage_id = 0, manager_id = 0, opcode_id = 3}
Continuing.

Thread 2 "rerocc_pipeline" hit Breakpoint 21, conv_call_for_manager_sync_strided (stage_id=0, manager_id=manager_id@entry=0, conv=conv@entry=0x3ff6d74ea0, in_stride=<optimized out>, weight_stride=weight_stride@entry=256, out_stride=out_stride@entry=256) at /home/ubuntu/chipyard/generators/gemmini/software/gemmini-rocc-tests/pipeline-runtime/src/prt_gemmini_adapter.c:2581
2581	  (void)prt_rr_release_scope(&scope);
$70 = <optimized out>
$71 = 0
$72 = 0
$73 = {valid = 1, cfg_id = 1, stage_id = 0, manager_id = 0, opcode_id = 3}
Continuing.

Thread 2 "rerocc_pipeline" hit Breakpoint 15, conv_call_for_manager_sync_strided (stage_id=0, manager_id=manager_id@entry=1, conv=conv@entry=0x3ff6d74ea0, in_stride=256, weight_stride=weight_stride@entry=256, out_stride=out_stride@entry=256) at /home/ubuntu/chipyard/generators/gemmini/software/gemmini-rocc-tests/pipeline-runtime/src/prt_gemmini_adapter.c:2306
2306	  int chosen_args[7] = {0};
Type commands for breakpoint(s) 15, one per line.
End with a line saying just "end".
Type commands for breakpoint(s) 16, one per line.
End with a line saying just "end".
Type commands for breakpoint(s) 17, one per line.
End with a line saying just "end".
Type commands for breakpoint(s) 18, one per line.
End with a line saying just "end".
Type commands for breakpoint(s) 21, one per line.
End with a line saying just "end".
$74 = 0
$75 = 1
$76 = 32
Continuing.
HIT conv-sync-acquire stage=0 mgr=1
HIT pointwise-enter stage=0 mgr=1 oc=32
HIT pointwise-return stage=0 mgr=1 rc=0
HIT conv-sync-release stage=0 mgr=1
HIT conv-sync-enter stage=0 mgr=2 oc=32
HIT conv-sync-acquire stage=0 mgr=2
HIT pointwise-enter stage=0 mgr=2 oc=32
HIT pointwise-return stage=0 mgr=2 rc=0
HIT conv-sync-release stage=0 mgr=2
HIT conv-sync-enter stage=0 mgr=3 oc=32
HIT conv-sync-acquire stage=0 mgr=3
HIT pointwise-enter stage=0 mgr=3 oc=32
HIT pointwise-return stage=0 mgr=3 rc=0
HIT conv-sync-release stage=0 mgr=3
HIT conv-sync-enter stage=0 mgr=4 oc=32
HIT conv-sync-acquire stage=0 mgr=4
HIT pointwise-enter stage=0 mgr=4 oc=32
HIT pointwise-return stage=0 mgr=4 rc=0
HIT conv-sync-release stage=0 mgr=4
HIT conv-sync-enter stage=0 mgr=5 oc=32
HIT conv-sync-acquire stage=0 mgr=5
HIT pointwise-enter stage=0 mgr=5 oc=32
HIT pointwise-return stage=0 mgr=5 rc=0
HIT conv-sync-release stage=0 mgr=5
HIT conv-sync-enter stage=0 mgr=6 oc=32
HIT conv-sync-acquire stage=0 mgr=6
HIT pointwise-enter stage=0 mgr=6 oc=32
HIT pointwise-return stage=0 mgr=6 rc=0
HIT conv-sync-release stage=0 mgr=6
HIT conv-sync-enter stage=0 mgr=7 oc=32
HIT conv-sync-acquire stage=0 mgr=7
HIT pointwise-enter stage=0 mgr=7 oc=32
HIT pointwise-return stage=0 mgr=7 rc=0
HIT conv-sync-release stage=0 mgr=7
Error in testing condition for breakpoint 9.2:
No frame is currently executing in specified block

Thread 2 "rerocc_pipeline" hit Breakpoint 9.2, gemm_blocking_conv_run (rt=<optimized out>, timeout_ns=<optimized out>, task=0x3ff6d755e0) at /home/ubuntu/chipyard/generators/gemmini/software/gemmini-rocc-tests/pipeline-runtime/src/prt_gemmini_adapter.c:3189
3189	  if (task_issue_already_fenced(task)) return PRT_OK;
$77 = {stage_id = 0, acc_id = 0, num_managers = 8, manager_ids = {0, 1, 2, 3, 4, 5, 6, 7, 0 <repeats 56 times>}, tile_count = 8, split_kind = PRT_LAYER_SPLIT_OC, op_kind = PRT_STAGE_OP_CONV, opaque_task = 0x3ff6d75550}
No symbol "task_issue_already_fenced" in current context.
Continuing.

Thread 2 "rerocc_pipeline" hit Breakpoint 4, stage_worker_main (arg=0x83960) at /home/ubuntu/chipyard/generators/gemmini/software/gemmini-rocc-tests/pipeline-runtime/src/prt_runtime.c:4518
4518	      if (rc != PRT_OK) {
#0  stage_worker_main (arg=0x83960) at /home/ubuntu/chipyard/generators/gemmini/software/gemmini-rocc-tests/pipeline-runtime/src/prt_runtime.c:4518
#1  0x0000003ff7e6cf46 in ?? () from /home/ubuntu/chipyard/.conda-env/riscv-tools/sysroot/lib/libc.so.6
#2  0x0000003ff7eb5fcc in ?? () from /home/ubuntu/chipyard/.conda-env/riscv-tools/sysroot/lib/libc.so.6
$78 = 0
$79 = 0
$80 = PRT_STAGE_OP_CONV
$81 = PRT_LAYER_SPLIT_OC
$82 = 8
Continuing.

Thread 2 "rerocc_pipeline" hit Breakpoint 6, stage_worker_main (arg=0x83960) at /home/ubuntu/chipyard/generators/gemmini/software/gemmini-rocc-tests/pipeline-runtime/src/prt_runtime.c:4562
4562	      prt_debug_state_set_worker(segment_idx, global_stage_id, ctx->stage_id,
$83 = 0
$84 = <optimized out>
$85 = <optimized out>
$86 = <optimized out>
Continuing.

Thread 2 "rerocc_pipeline" hit Breakpoint 7, stage_worker_main (arg=0x83960) at /home/ubuntu/chipyard/generators/gemmini/software/gemmini-rocc-tests/pipeline-runtime/src/prt_runtime.c:4574
4574	      prt_log_gate_clear_context();
$87 = 0
Breakpoint 24 at 0x3078c: file /home/ubuntu/chipyard/generators/gemmini/software/gemmini-rocc-tests/pipeline-runtime/src/prt_runtime.c, line 4582.
Breakpoint 25 at 0x2ffaa: file /home/ubuntu/chipyard/generators/gemmini/software/gemmini-rocc-tests/pipeline-runtime/src/prt_runtime.c, line 4617.
Breakpoint 26 at 0x30a32: file /home/ubuntu/chipyard/generators/gemmini/software/gemmini-rocc-tests/pipeline-runtime/src/prt_runtime.c, line 4633.
Breakpoint 27 at 0x3896c: file /home/ubuntu/chipyard/generators/gemmini/software/gemmini-rocc-tests/pipeline-runtime/src/prt_scheduler.c, line 406.
Breakpoint 28 at 0x38aea: file /home/ubuntu/chipyard/generators/gemmini/software/gemmini-rocc-tests/pipeline-runtime/src/prt_scheduler.c, line 485.
Breakpoint 29 at 0x38aee: file /home/ubuntu/chipyard/generators/gemmini/software/gemmini-rocc-tests/pipeline-runtime/src/prt_scheduler.c, line 491.
Breakpoint 30 at 0x38c24: file /home/ubuntu/chipyard/generators/gemmini/software/gemmini-rocc-tests/pipeline-runtime/src/prt_scheduler.c, line 517.
Breakpoint 31 at 0x3003c: file /home/ubuntu/chipyard/generators/gemmini/software/gemmini-rocc-tests/pipeline-runtime/src/prt_runtime.c, line 4682.
Continuing.

Thread 2 "rerocc_pipeline" hit Breakpoint 24, stage_worker_main (arg=0x83960) at /home/ubuntu/chipyard/generators/gemmini/software/gemmini-rocc-tests/pipeline-runtime/src/prt_runtime.c:4582
4582	      PRT_PROGRESS_LOG("worker stage=%u subbatch=%u compute-done", ctx->stage_id, progress_sbatch);
$88 = 0
$89 = <optimized out>
Continuing.

Thread 2 "rerocc_pipeline" hit Breakpoint 26, stage_worker_main (arg=0x83960) at /home/ubuntu/chipyard/generators/gemmini/software/gemmini-rocc-tests/pipeline-runtime/src/prt_runtime.c:4633
4633	          rc = prt_process_c2(rt, b, idx, wait_timeout_ns);
#0  stage_worker_main (arg=0x83960) at /home/ubuntu/chipyard/generators/gemmini/software/gemmini-rocc-tests/pipeline-runtime/src/prt_runtime.c:4633
#1  0x0000003ff7e6cf46 in ?? () from /home/ubuntu/chipyard/.conda-env/riscv-tools/sysroot/lib/libc.so.6
#2  0x0000003ff7eb5fcc in ?? () from /home/ubuntu/chipyard/.conda-env/riscv-tools/sysroot/lib/libc.so.6
$90 = 0
$91 = 0
$92 = 0
$93 = 2
$94 = PRT_BUF_C2_EXPORT_DRAM_OR_DEPEN
$95 = 0
$96 = 1
$97 = 0
$98 = 274724635648
$99 = 64
Continuing.

Thread 2 "rerocc_pipeline" hit Breakpoint 27, prt_process_c2 (rt=rt@entry=0x3fffffdf00, buf=buf@entry=0x6bda8, idx=idx@entry=0, timeout_ns=timeout_ns@entry=10000000) at /home/ubuntu/chipyard/generators/gemmini/software/gemmini-rocc-tests/pipeline-runtime/src/prt_scheduler.c:406
406	  const int sparse_export_probe = buf && buf->stage_idx == 0U && buf->tensor_id == 2U;
#0  prt_process_c2 (rt=rt@entry=0x3fffffdf00, buf=buf@entry=0x6bda8, idx=idx@entry=0, timeout_ns=timeout_ns@entry=10000000) at /home/ubuntu/chipyard/generators/gemmini/software/gemmini-rocc-tests/pipeline-runtime/src/prt_scheduler.c:406
#1  0x0000000000030a46 in stage_worker_main (arg=0x83960) at /home/ubuntu/chipyard/generators/gemmini/software/gemmini-rocc-tests/pipeline-runtime/src/prt_runtime.c:4633
#2  0x0000003ff7e6cf46 in ?? () from /home/ubuntu/chipyard/.conda-env/riscv-tools/sysroot/lib/libc.so.6
#3  0x0000003ff7eb5fcc in ?? () from /home/ubuntu/chipyard/.conda-env/riscv-tools/sysroot/lib/libc.so.6
$100 = 0
$101 = 2
$102 = 0
$103 = 0
$104 = 1
$105 = 274724635648
$106 = 0
$107 = 64
Continuing.
Error in testing condition for breakpoint 28:
value has been optimized out

Thread 2 "rerocc_pipeline" hit Breakpoint 28, prt_process_c2 (rt=rt@entry=0x3fffffdf00, buf=buf@entry=0x6bda8, idx=idx@entry=0, timeout_ns=timeout_ns@entry=10000000) at /home/ubuntu/chipyard/generators/gemmini/software/gemmini-rocc-tests/pipeline-runtime/src/prt_scheduler.c:485
485	    if (sparse_export_probe) {
$108 = 0
$109 = 65536
$110 = 0
$111 = <optimized out>
$112 = <optimized out>
$113 = 1
$114 = 0
Continuing.

Thread 2 "rerocc_pipeline" hit Breakpoint 25, stage_worker_main (arg=0x83960) at /home/ubuntu/chipyard/generators/gemmini/software/gemmini-rocc-tests/pipeline-runtime/src/prt_runtime.c:4617
4617	    for (uint32_t i = 0; i < export_count; ++i) {
#0  stage_worker_main (arg=0x83960) at /home/ubuntu/chipyard/generators/gemmini/software/gemmini-rocc-tests/pipeline-runtime/src/prt_runtime.c:4617
#1  0x0000003ff7e6cf46 in ?? () from /home/ubuntu/chipyard/.conda-env/riscv-tools/sysroot/lib/libc.so.6
#2  0x0000003ff7eb5fcc in ?? () from /home/ubuntu/chipyard/.conda-env/riscv-tools/sysroot/lib/libc.so.6
$115 = 0
$116 = <optimized out>
$117 = <optimized out>
$118 = <optimized out>
$119 = 0
$120 = 2
$121 = 0
$122 = 1
$123 = 0
$124 = 0
Continuing.

Thread 2 "rerocc_pipeline" hit Breakpoint 31, stage_worker_main (arg=0x83960) at /home/ubuntu/chipyard/generators/gemmini/software/gemmini-rocc-tests/pipeline-runtime/src/prt_runtime.c:4682
4682	      PRT_PROGRESS_LOG("worker stage=%u subbatch=%u done", ctx->stage_id, progress_sbatch);
Type commands for breakpoint(s) 27, one per line.
End with a line saying just "end".
Type commands for breakpoint(s) 31, one per line.
End with a line saying just "end".
$125 = 0
$126 = 1
Continuing.
HIT c2-entry stage=0 tensor=2 idx=0 subbatch_offset=1 full=1
HIT worker-done stage=0 export0_offset=2 export0_full0=0
HIT c2-entry stage=0 tensor=2 idx=0 subbatch_offset=2 full=1
HIT worker-done stage=0 export0_offset=3 export0_full0=0
HIT c2-entry stage=0 tensor=2 idx=0 subbatch_offset=3 full=1
HIT worker-done stage=0 export0_offset=4 export0_full0=0
