Reading symbols from /home/ubuntu/chipyard/generators/gemmini/software/gemmini-rocc-tests/build/rerocc-linux-tests/rerocc_pipeline_runtime-linux...
0x0000003ff7fec386 in ?? ()
   from /home/ubuntu/chipyard/.conda-env/riscv-tools/sysroot/lib/ld-linux-riscv64-lp64d.so.1
Breakpoint 1 at 0x14442: file /home/ubuntu/chipyard/generators/gemmini/software/gemmini-rocc-tests/pipeline-runtime/src/prt_debug_state.c, line 396.

Breakpoint 1, prt_gdb_marker_stop ()
    at /home/ubuntu/chipyard/generators/gemmini/software/gemmini-rocc-tests/pipeline-runtime/src/prt_debug_state.c:396
396	  g_prt_gdb_marker_state.hit_count = g_prt_gdb_marker_state.hit_count + 1ULL;

--- marker state ---
$1 = {
  site_id = 2,
  segment_idx = 0,
  global_stage_id = 4294967295,
  local_stage_id = 4294967295,
  subbatch_id = 4294967295,
  manager_id = 4294967295,
  tensor_id = 4294967295,
  page_idx = 4294967295,
  token_id = 4294967295,
  rc = 0,
  aux0 = 1,
  aux1 = 1,
  hit_count = 0,
  line = 5181
}

--- current bt ---
#0  prt_gdb_marker_stop ()
    at /home/ubuntu/chipyard/generators/gemmini/software/gemmini-rocc-tests/pipeline-runtime/src/prt_debug_state.c:396
#1  0x0000000000014604 in prt_gdb_marker_note (site_id=site_id@entry=2, 
    segment_idx=<optimized out>, segment_idx@entry=0, 
    global_stage_id=<optimized out>, global_stage_id@entry=4294967295, 
    local_stage_id=<optimized out>, local_stage_id@entry=4294967295, 
    subbatch_id=<optimized out>, subbatch_id@entry=4294967295, 
    manager_id=manager_id@entry=4294967295, 
    tensor_id=tensor_id@entry=4294967295, page_idx=page_idx@entry=4294967295, 
    token_id=token_id@entry=4294967295, rc=rc@entry=0, aux0=1, aux1=1, 
    line=line@entry=5181)
    at /home/ubuntu/chipyard/generators/gemmini/software/gemmini-rocc-tests/pipeline-runtime/src/prt_debug_state.c:392
#2  0x00000000000338f0 in prt_runtime_gdb_marker (line=5181, 
    aux1=<optimized out>, aux0=<optimized out>, rc=0, token_id=4294967295, 
    page_idx=4294967295, tensor_id=4294967295, manager_id=4294967295, 
    subbatch_id=4294967295, local_stage_id=4294967295, 
    global_stage_id=4294967295, segment_idx=0, site_id=2)
    at /home/ubuntu/chipyard/generators/gemmini/software/gemmini-rocc-tests/pipeline-runtime/src/prt_runtime.c:110
#3  prt_runtime_run (rt=rt@entry=0x3fffffe030, args=args@entry=0x3fffffdf48)
    at /home/ubuntu/chipyard/generators/gemmini/software/gemmini-rocc-tests/pipeline-runtime/src/prt_runtime.c:5175
#4  0x0000000000012366 in prt_main_entry (argc=34, argv=0x3fffffe688)
    at /home/ubuntu/chipyard/generators/gemmini/software/gemmini-rocc-tests/pipeline-runtime/src/main.c:341
#5  0x0000003ff7e2b636 in ?? ()
   from /home/ubuntu/chipyard/.conda-env/riscv-tools/sysroot/lib/libc.so.6
#6  0x0000003ff7e2b6de in __libc_start_main ()
   from /home/ubuntu/chipyard/.conda-env/riscv-tools/sysroot/lib/libc.so.6
#7  0x000000000001204c in _start ()

--- all thread bt ---

Thread 1 (Thread 233.233 "rerocc_pipeline"):
#0  prt_gdb_marker_stop () at /home/ubuntu/chipyard/generators/gemmini/software/gemmini-rocc-tests/pipeline-runtime/src/prt_debug_state.c:396
#1  0x0000000000014604 in prt_gdb_marker_note (site_id=site_id@entry=2, segment_idx=<optimized out>, segment_idx@entry=0, global_stage_id=<optimized out>, global_stage_id@entry=4294967295, local_stage_id=<optimized out>, local_stage_id@entry=4294967295, subbatch_id=<optimized out>, subbatch_id@entry=4294967295, manager_id=manager_id@entry=4294967295, tensor_id=tensor_id@entry=4294967295, page_idx=page_idx@entry=4294967295, token_id=token_id@entry=4294967295, rc=rc@entry=0, aux0=1, aux1=1, line=line@entry=5181) at /home/ubuntu/chipyard/generators/gemmini/software/gemmini-rocc-tests/pipeline-runtime/src/prt_debug_state.c:392
#2  0x00000000000338f0 in prt_runtime_gdb_marker (line=5181, aux1=<optimized out>, aux0=<optimized out>, rc=0, token_id=4294967295, page_idx=4294967295, tensor_id=4294967295, manager_id=4294967295, subbatch_id=4294967295, local_stage_id=4294967295, global_stage_id=4294967295, segment_idx=0, site_id=2) at /home/ubuntu/chipyard/generators/gemmini/software/gemmini-rocc-tests/pipeline-runtime/src/prt_runtime.c:110
#3  prt_runtime_run (rt=rt@entry=0x3fffffe030, args=args@entry=0x3fffffdf48) at /home/ubuntu/chipyard/generators/gemmini/software/gemmini-rocc-tests/pipeline-runtime/src/prt_runtime.c:5175
#4  0x0000000000012366 in prt_main_entry (argc=34, argv=0x3fffffe688) at /home/ubuntu/chipyard/generators/gemmini/software/gemmini-rocc-tests/pipeline-runtime/src/main.c:341
#5  0x0000003ff7e2b636 in ?? () from /home/ubuntu/chipyard/.conda-env/riscv-tools/sysroot/lib/libc.so.6
#6  0x0000003ff7e2b6de in __libc_start_main () from /home/ubuntu/chipyard/.conda-env/riscv-tools/sysroot/lib/libc.so.6
#7  0x000000000001204c in _start ()

--- registers ---
ra             0x338f0	0x338f0 <prt_runtime_run+2780>
sp             0x3fffffdc90	0x3fffffdc90
gp             0x58d40	0x58d40 <c_buffer+1352>
tp             0x3ff7dfa780	0x3ff7dfa780
t0             0x4000	16384
t1             0x1	1
t2             0x3fffff9b40	274877881152
fp             0x3fffffdf30	0x3fffffdf30
s1             0x0	0
a0             0x2	2
a1             0x0	0
a2             0xffffffffffffffff	-1
a3             0xffffffffffffffff	-1
a4             0xffffffffffffffff	-1
a5             0xffffffffffffffff	-1
a6             0xffffffffffffffff	-1
a7             0xffffffffffffffff	-1
s2             0x0	0
s3             0x81b70	531312
s4             0xebe4ea8	247353000
s5             0xf4240	1000000
s6             0x0	0
s7             0x143d	5181
s8             0x3ed18	257304
s9             0x81b70	531312
s10            0x81b70	531312
s11            0x21	33
t3             0x1	1
t4             0x1	1
t5             0x0	0
t6             0xfffffffffffffffd	-3
pc             0x14442	0x14442 <prt_gdb_marker_stop>

--- pc window ---
   0x14422 <prt_gdb_marker_enabled+24>:	ld	ra,24(sp)
   0x14424 <prt_gdb_marker_enabled+26>:	ld	s0,16(sp)
   0x14426 <prt_gdb_marker_enabled+28>:	lw	a0,164(s1)
   0x1442a <prt_gdb_marker_enabled+32>:	ld	s1,8(sp)
   0x1442c <prt_gdb_marker_enabled+34>:	addi	sp,sp,32
   0x1442e <prt_gdb_marker_enabled+36>:	ret
   0x14430 <prt_gdb_marker_enabled+38>:	
    jal	0x13e86 <prt_gdb_marker_init_from_env>
   0x14434 <prt_gdb_marker_enabled+42>:	ld	ra,24(sp)
   0x14436 <prt_gdb_marker_enabled+44>:	ld	s0,16(sp)
   0x14438 <prt_gdb_marker_enabled+46>:	lw	a0,164(s1)
   0x1443c <prt_gdb_marker_enabled+50>:	ld	s1,8(sp)
   0x1443e <prt_gdb_marker_enabled+52>:	addi	sp,sp,32
   0x14440 <prt_gdb_marker_enabled+54>:	ret
=> 0x14442 <prt_gdb_marker_stop>:	addi	sp,sp,-16
   0x14444 <prt_gdb_marker_stop+2>:	sd	s0,8(sp)
   0x14446 <prt_gdb_marker_stop+4>:	addi	s0,sp,16

--- post-marker gdb command file ---

--- token2 frontier: token1 wait-return stage0 tensor0 ---
[Switching to Thread 233.275]

Thread 2 "rerocc_pipeline" hit Breakpoint 1, prt_gdb_marker_stop ()
    at /home/ubuntu/chipyard/generators/gemmini/software/gemmini-rocc-tests/pipeline-runtime/src/prt_debug_state.c:396
396	  g_prt_gdb_marker_state.hit_count = g_prt_gdb_marker_state.hit_count + 1ULL;
$2 = {
  site_id = 13,
  segment_idx = 0,
  global_stage_id = 0,
  local_stage_id = 0,
  subbatch_id = 0,
  manager_id = 0,
  tensor_id = 0,
  page_idx = 0,
  token_id = 1,
  rc = 0,
  aux0 = 4372661248,
  aux1 = 1073741824,
  hit_count = 1,
  line = 3572
}
#0  prt_gdb_marker_stop ()
    at /home/ubuntu/chipyard/generators/gemmini/software/gemmini-rocc-tests/pipeline-runtime/src/prt_debug_state.c:396
#1  0x0000000000014604 in prt_gdb_marker_note (site_id=site_id@entry=13, 
    segment_idx=<optimized out>, segment_idx@entry=4294967295, 
    global_stage_id=<optimized out>, global_stage_id@entry=4294967295, 
    local_stage_id=<optimized out>, subbatch_id=<optimized out>, 
    subbatch_id@entry=4294967295, manager_id=<optimized out>, 
    tensor_id=<optimized out>, page_idx=<optimized out>, token_id=1, 
    rc=rc@entry=0, aux0=4372661248, aux1=1073741824, line=line@entry=3572)
    at /home/ubuntu/chipyard/generators/gemmini/software/gemmini-rocc-tests/pipeline-runtime/src/prt_debug_state.c:392
#2  0x0000000000014c76 in dma_gdb_marker_wait_return (
    tok=tok@entry=0x3ff6d74ff8, rc=rc@entry=0)
    at /home/ubuntu/chipyard/generators/gemmini/software/gemmini-rocc-tests/pipeline-runtime/src/prt_dma.c:3568
#3  0x0000000000016690 in dma_gdb_marker_wait_return (rc=0, tok=0x3ff6d74ff8)
    at /home/ubuntu/chipyard/generators/gemmini/software/gemmini-rocc-tests/pipeline-runtime/src/prt_dma.c:3567
#4  dma_blocking_wait (rt=0x3fffffe030, tok=0x3ff6d74ff8, 
    timeout_ns=<optimized out>)
    at /home/ubuntu/chipyard/generators/gemmini/software/gemmini-rocc-tests/pipeline-runtime/src/prt_dma.c:3873
#5  0x0000000000018600 in prt_dma_wait (timeout_ns=10000000, tok=0x3ff6d74ff8, 
    rt=0x3fffffe030)
    at /home/ubuntu/chipyard/generators/gemmini/software/gemmini-rocc-tests/pipeline-runtime/src/prt_dma.c:2713
#6  dma_submit_wait_annotated_scoped (rt=rt@entry=0x3fffffe030, 
    req=req@entry=0x3ff6d75218, stage_idx=stage_idx@entry=0, 
    tensor_id=tensor_id@entry=0, timeout_ns=timeout_ns@entry=10000000, 
    scope=scope@entry=0x3ff6d75200, 
    force_export_probe=force_export_probe@entry=0, 
    debug_page_idx=debug_page_idx@entry=0)
    at /home/ubuntu/chipyard/generators/gemmini/software/gemmini-rocc-tests/pipeline-runtime/src/prt_dma.c:2126
#7  0x0000000000018e74 in dma_copy_host_to_spm_pages_linux (rt=0x3fffffe030, 
    dst_pages=<optimized out>, src_host=0x3ff6dc4400 "", manager_id=0, 
    stage_idx=0, tensor_id=0, timeout_ns=10000000, total_bytes=<optimized out>)
    at /home/ubuntu/chipyard/generators/gemmini/software/gemmini-rocc-tests/pipeline-runtime/src/prt_dma.c:841
#8  0x000000000001a714 in prt_dma_copy_dram_to_spm_pages_prefix (
    rt=rt@entry=0x3fffffe030, dst_pages=dst_pages@entry=0x6bab8, 
    src_dram_addr=<optimized out>, bytes=<optimized out>, 
    manager_id=<optimized out>, stage_idx=<optimized out>, 
    tensor_id=<optimized out>, timeout_ns=timeout_ns@entry=10000000)
    at /home/ubuntu/chipyard/generators/gemmini/software/gemmini-rocc-tests/pipeline-runtime/src/prt_dma.c:2819
#9  0x00000000000389de in prt_process_c1 (rt=rt@entry=0x3fffffe030, 
    buf=buf@entry=0x6ba90, idx=idx@entry=0, 
    timeout_ns=timeout_ns@entry=10000000)
    at /home/ubuntu/chipyard/generators/gemmini/software/gemmini-rocc-tests/pipeline-runtime/src/prt_scheduler.c:294
#10 0x000000000002f456 in stage_worker_main (arg=0x83960)
    at /home/ubuntu/chipyard/generators/gemmini/software/gemmini-rocc-tests/pipeline-runtime/src/prt_runtime.c:4236
#11 0x0000003ff7e6cf46 in ?? ()
   from /home/ubuntu/chipyard/.conda-env/riscv-tools/sysroot/lib/libc.so.6
#12 0x0000003ff7eb5fcc in ?? ()
   from /home/ubuntu/chipyard/.conda-env/riscv-tools/sysroot/lib/libc.so.6
  Id   Target Id                        Frame 
  1    Thread 233.233 "rerocc_pipeline" 0x0000003ff7e952a6 in clock_nanosleep
    () from /home/ubuntu/chipyard/.conda-env/riscv-tools/sysroot/lib/libc.so.6
* 2    Thread 233.275 "rerocc_pipeline" prt_gdb_marker_stop ()
    at /home/ubuntu/chipyard/generators/gemmini/software/gemmini-rocc-tests/pipeline-runtime/src/prt_debug_state.c:396
pc             0x14442	0x14442 <prt_gdb_marker_stop>
sp             0x3ff6d74e90	0x3ff6d74e90
ra             0x14c76	0x14c76 <dma_gdb_marker_wait_return+60>

--- token2 frontier: submitwait after wait token1 ---

Thread 2 "rerocc_pipeline" hit Breakpoint 1, prt_gdb_marker_stop ()
    at /home/ubuntu/chipyard/generators/gemmini/software/gemmini-rocc-tests/pipeline-runtime/src/prt_debug_state.c:396
396	  g_prt_gdb_marker_state.hit_count = g_prt_gdb_marker_state.hit_count + 1ULL;
$3 = {
  site_id = 25,
  segment_idx = 0,
  global_stage_id = 0,
  local_stage_id = 0,
  subbatch_id = 0,
  manager_id = 0,
  tensor_id = 0,
  page_idx = 0,
  token_id = 1,
  rc = 0,
  aux0 = 4372661248,
  aux1 = 1073741824,
  hit_count = 2,
  line = 2127
}
#0  prt_gdb_marker_stop ()
    at /home/ubuntu/chipyard/generators/gemmini/software/gemmini-rocc-tests/pipeline-runtime/src/prt_debug_state.c:396
#1  0x0000000000014604 in prt_gdb_marker_note (site_id=site_id@entry=25, 
    segment_idx=<optimized out>, segment_idx@entry=4294967295, 
    global_stage_id=<optimized out>, global_stage_id@entry=4294967295, 
    local_stage_id=<optimized out>, subbatch_id=<optimized out>, 
    subbatch_id@entry=4294967295, manager_id=<optimized out>, 
    tensor_id=<optimized out>, page_idx=<optimized out>, token_id=1, 
    rc=rc@entry=0, aux0=4372661248, aux1=1073741824, line=line@entry=2127)
    at /home/ubuntu/chipyard/generators/gemmini/software/gemmini-rocc-tests/pipeline-runtime/src/prt_debug_state.c:392
#2  0x000000000001863a in dma_gdb_marker_token (site_id=25, line=2127, rc=0, 
    tok=0x3ff6d74ff8)
    at /home/ubuntu/chipyard/generators/gemmini/software/gemmini-rocc-tests/pipeline-runtime/src/prt_dma.c:358
#3  dma_submit_wait_annotated_scoped (rt=rt@entry=0x3fffffe030, 
    req=req@entry=0x3ff6d75218, stage_idx=stage_idx@entry=0, 
    tensor_id=tensor_id@entry=0, timeout_ns=timeout_ns@entry=10000000, 
    scope=scope@entry=0x3ff6d75200, 
    force_export_probe=force_export_probe@entry=0, 
    debug_page_idx=debug_page_idx@entry=0)
    at /home/ubuntu/chipyard/generators/gemmini/software/gemmini-rocc-tests/pipeline-runtime/src/prt_dma.c:2127
#4  0x0000000000018e74 in dma_copy_host_to_spm_pages_linux (rt=0x3fffffe030, 
    dst_pages=<optimized out>, src_host=0x3ff6dc4400 "", manager_id=0, 
    stage_idx=0, tensor_id=0, timeout_ns=10000000, total_bytes=<optimized out>)
    at /home/ubuntu/chipyard/generators/gemmini/software/gemmini-rocc-tests/pipeline-runtime/src/prt_dma.c:841
#5  0x000000000001a714 in prt_dma_copy_dram_to_spm_pages_prefix (
    rt=rt@entry=0x3fffffe030, dst_pages=dst_pages@entry=0x6bab8, 
    src_dram_addr=<optimized out>, bytes=<optimized out>, 
    manager_id=<optimized out>, stage_idx=<optimized out>, 
    tensor_id=<optimized out>, timeout_ns=timeout_ns@entry=10000000)
    at /home/ubuntu/chipyard/generators/gemmini/software/gemmini-rocc-tests/pipeline-runtime/src/prt_dma.c:2819
#6  0x00000000000389de in prt_process_c1 (rt=rt@entry=0x3fffffe030, 
    buf=buf@entry=0x6ba90, idx=idx@entry=0, 
    timeout_ns=timeout_ns@entry=10000000)
    at /home/ubuntu/chipyard/generators/gemmini/software/gemmini-rocc-tests/pipeline-runtime/src/prt_scheduler.c:294
#7  0x000000000002f456 in stage_worker_main (arg=0x83960)
    at /home/ubuntu/chipyard/generators/gemmini/software/gemmini-rocc-tests/pipeline-runtime/src/prt_runtime.c:4236
#8  0x0000003ff7e6cf46 in ?? ()
   from /home/ubuntu/chipyard/.conda-env/riscv-tools/sysroot/lib/libc.so.6
#9  0x0000003ff7eb5fcc in ?? ()
   from /home/ubuntu/chipyard/.conda-env/riscv-tools/sysroot/lib/libc.so.6
  Id   Target Id                        Frame 
  1    Thread 233.233 "rerocc_pipeline" 0x0000003ff7e952a6 in clock_nanosleep
    () from /home/ubuntu/chipyard/.conda-env/riscv-tools/sysroot/lib/libc.so.6
* 2    Thread 233.275 "rerocc_pipeline" prt_gdb_marker_stop ()
    at /home/ubuntu/chipyard/generators/gemmini/software/gemmini-rocc-tests/pipeline-runtime/src/prt_debug_state.c:396
pc             0x14442	0x14442 <prt_gdb_marker_stop>
sp             0x3ff6d74fc0	0x3ff6d74fc0
ra             0x1863a	0x1863a <dma_submit_wait_annotated_scoped+284>

--- token2 frontier: submitwait after cleanup token1 ---

Thread 2 "rerocc_pipeline" hit Breakpoint 1, prt_gdb_marker_stop ()
    at /home/ubuntu/chipyard/generators/gemmini/software/gemmini-rocc-tests/pipeline-runtime/src/prt_debug_state.c:396
396	  g_prt_gdb_marker_state.hit_count = g_prt_gdb_marker_state.hit_count + 1ULL;
$4 = {
  site_id = 26,
  segment_idx = 0,
  global_stage_id = 0,
  local_stage_id = 0,
  subbatch_id = 0,
  manager_id = 0,
  tensor_id = 0,
  page_idx = 0,
  token_id = 1,
  rc = 0,
  aux0 = 4372661248,
  aux1 = 1073741824,
  hit_count = 3,
  line = 2165
}
#0  prt_gdb_marker_stop ()
    at /home/ubuntu/chipyard/generators/gemmini/software/gemmini-rocc-tests/pipeline-runtime/src/prt_debug_state.c:396
#1  0x0000000000014604 in prt_gdb_marker_note (site_id=site_id@entry=26, 
    segment_idx=<optimized out>, segment_idx@entry=4294967295, 
    global_stage_id=<optimized out>, global_stage_id@entry=4294967295, 
    local_stage_id=<optimized out>, local_stage_id@entry=0, 
    subbatch_id=<optimized out>, subbatch_id@entry=4294967295, 
    manager_id=manager_id@entry=0, tensor_id=tensor_id@entry=0, 
    page_idx=page_idx@entry=0, token_id=token_id@entry=1, rc=rc@entry=0, 
    aux0=aux0@entry=4372661248, aux1=aux1@entry=1073741824, 
    line=line@entry=2165)
    at /home/ubuntu/chipyard/generators/gemmini/software/gemmini-rocc-tests/pipeline-runtime/src/prt_debug_state.c:392
#2  0x0000000000018720 in dma_submit_wait_annotated_scoped (
    rt=rt@entry=0x3fffffe030, req=req@entry=0x3ff6d75218, 
    stage_idx=stage_idx@entry=0, tensor_id=tensor_id@entry=0, 
    timeout_ns=timeout_ns@entry=10000000, scope=scope@entry=0x3ff6d75200, 
    force_export_probe=force_export_probe@entry=0, 
    debug_page_idx=debug_page_idx@entry=0)
    at /home/ubuntu/chipyard/generators/gemmini/software/gemmini-rocc-tests/pipeline-runtime/src/prt_dma.c:2161
#3  0x0000000000018e74 in dma_copy_host_to_spm_pages_linux (rt=0x3fffffe030, 
    dst_pages=<optimized out>, src_host=0x3ff6dc4400 "", manager_id=0, 
    stage_idx=0, tensor_id=0, timeout_ns=10000000, total_bytes=<optimized out>)
    at /home/ubuntu/chipyard/generators/gemmini/software/gemmini-rocc-tests/pipeline-runtime/src/prt_dma.c:841
#4  0x000000000001a714 in prt_dma_copy_dram_to_spm_pages_prefix (
    rt=rt@entry=0x3fffffe030, dst_pages=dst_pages@entry=0x6bab8, 
    src_dram_addr=<optimized out>, bytes=<optimized out>, 
    manager_id=<optimized out>, stage_idx=<optimized out>, 
    tensor_id=<optimized out>, timeout_ns=timeout_ns@entry=10000000)
    at /home/ubuntu/chipyard/generators/gemmini/software/gemmini-rocc-tests/pipeline-runtime/src/prt_dma.c:2819
#5  0x00000000000389de in prt_process_c1 (rt=rt@entry=0x3fffffe030, 
    buf=buf@entry=0x6ba90, idx=idx@entry=0, 
    timeout_ns=timeout_ns@entry=10000000)
    at /home/ubuntu/chipyard/generators/gemmini/software/gemmini-rocc-tests/pipeline-runtime/src/prt_scheduler.c:294
#6  0x000000000002f456 in stage_worker_main (arg=0x83960)
    at /home/ubuntu/chipyard/generators/gemmini/software/gemmini-rocc-tests/pipeline-runtime/src/prt_runtime.c:4236
#7  0x0000003ff7e6cf46 in ?? ()
   from /home/ubuntu/chipyard/.conda-env/riscv-tools/sysroot/lib/libc.so.6
#8  0x0000003ff7eb5fcc in ?? ()
   from /home/ubuntu/chipyard/.conda-env/riscv-tools/sysroot/lib/libc.so.6
  Id   Target Id                        Frame 
  1    Thread 233.233 "rerocc_pipeline" 0x0000003ff7e952a6 in clock_nanosleep
    () from /home/ubuntu/chipyard/.conda-env/riscv-tools/sysroot/lib/libc.so.6
* 2    Thread 233.275 "rerocc_pipeline" prt_gdb_marker_stop ()
    at /home/ubuntu/chipyard/generators/gemmini/software/gemmini-rocc-tests/pipeline-runtime/src/prt_debug_state.c:396
pc             0x14442	0x14442 <prt_gdb_marker_stop>
sp             0x3ff6d74fc0	0x3ff6d74fc0
ra             0x18720	0x18720 <dma_submit_wait_annotated_scoped+514>

--- token2 frontier: fixed-load submitwait returned to page loop ---

Thread 2 "rerocc_pipeline" hit Breakpoint 1, prt_gdb_marker_stop ()
    at /home/ubuntu/chipyard/generators/gemmini/software/gemmini-rocc-tests/pipeline-runtime/src/prt_debug_state.c:396
396	  g_prt_gdb_marker_state.hit_count = g_prt_gdb_marker_state.hit_count + 1ULL;
$5 = {
  site_id = 28,
  segment_idx = 0,
  global_stage_id = 0,
  local_stage_id = 0,
  subbatch_id = 0,
  manager_id = 0,
  tensor_id = 0,
  page_idx = 0,
  token_id = 4294967295,
  rc = 0,
  aux0 = 4372661248,
  aux1 = 1073741824,
  hit_count = 4,
  line = 844
}
#0  prt_gdb_marker_stop ()
    at /home/ubuntu/chipyard/generators/gemmini/software/gemmini-rocc-tests/pipeline-runtime/src/prt_debug_state.c:396
#1  0x0000000000014604 in prt_gdb_marker_note (site_id=site_id@entry=28, 
    segment_idx=<optimized out>, segment_idx@entry=4294967295, 
    global_stage_id=<optimized out>, global_stage_id@entry=4294967295, 
    local_stage_id=<optimized out>, local_stage_id@entry=0, 
    subbatch_id=<optimized out>, subbatch_id@entry=4294967295, 
    manager_id=manager_id@entry=0, tensor_id=tensor_id@entry=0, 
    page_idx=page_idx@entry=0, token_id=token_id@entry=4294967295, 
    rc=rc@entry=0, aux0=4372661248, aux1=1073741824, line=line@entry=844)
    at /home/ubuntu/chipyard/generators/gemmini/software/gemmini-rocc-tests/pipeline-runtime/src/prt_debug_state.c:392
#2  0x0000000000018ea0 in dma_gdb_marker_fixed_load_page (line=844, 
    aux1=<optimized out>, aux0=<optimized out>, rc=<optimized out>, 
    page_idx=0, tensor_id=0, manager_id=0, stage_idx=0, site_id=28)
    at /home/ubuntu/chipyard/generators/gemmini/software/gemmini-rocc-tests/pipeline-runtime/src/prt_dma.c:374
#3  dma_copy_host_to_spm_pages_linux (rt=0x3fffffe030, 
    dst_pages=<optimized out>, src_host=0x3ff6dc4400 "", manager_id=0, 
    stage_idx=0, tensor_id=0, timeout_ns=10000000, total_bytes=<optimized out>)
    at /home/ubuntu/chipyard/generators/gemmini/software/gemmini-rocc-tests/pipeline-runtime/src/prt_dma.c:842
#4  0x000000000001a714 in prt_dma_copy_dram_to_spm_pages_prefix (
    rt=rt@entry=0x3fffffe030, dst_pages=dst_pages@entry=0x6bab8, 
    src_dram_addr=<optimized out>, bytes=<optimized out>, 
    manager_id=<optimized out>, stage_idx=<optimized out>, 
    tensor_id=<optimized out>, timeout_ns=timeout_ns@entry=10000000)
    at /home/ubuntu/chipyard/generators/gemmini/software/gemmini-rocc-tests/pipeline-runtime/src/prt_dma.c:2819
#5  0x00000000000389de in prt_process_c1 (rt=rt@entry=0x3fffffe030, 
    buf=buf@entry=0x6ba90, idx=idx@entry=0, 
    timeout_ns=timeout_ns@entry=10000000)
    at /home/ubuntu/chipyard/generators/gemmini/software/gemmini-rocc-tests/pipeline-runtime/src/prt_scheduler.c:294
#6  0x000000000002f456 in stage_worker_main (arg=0x83960)
    at /home/ubuntu/chipyard/generators/gemmini/software/gemmini-rocc-tests/pipeline-runtime/src/prt_runtime.c:4236
#7  0x0000003ff7e6cf46 in ?? ()
   from /home/ubuntu/chipyard/.conda-env/riscv-tools/sysroot/lib/libc.so.6
#8  0x0000003ff7eb5fcc in ?? ()
   from /home/ubuntu/chipyard/.conda-env/riscv-tools/sysroot/lib/libc.so.6
  Id   Target Id                        Frame 
  1    Thread 233.233 "rerocc_pipeline" 0x0000003ff7e952a6 in clock_nanosleep
    () from /home/ubuntu/chipyard/.conda-env/riscv-tools/sysroot/lib/libc.so.6
* 2    Thread 233.275 "rerocc_pipeline" prt_gdb_marker_stop ()
    at /home/ubuntu/chipyard/generators/gemmini/software/gemmini-rocc-tests/pipeline-runtime/src/prt_debug_state.c:396
pc             0x14442	0x14442 <prt_gdb_marker_stop>
sp             0x3ff6d75150	0x3ff6d75150
ra             0x18ea0	0x18ea0 <dma_copy_host_to_spm_pages_linux+1748>

--- token2 frontier: fixed-load chunk/page accounted ---

Thread 2 "rerocc_pipeline" hit Breakpoint 1, prt_gdb_marker_stop ()
    at /home/ubuntu/chipyard/generators/gemmini/software/gemmini-rocc-tests/pipeline-runtime/src/prt_debug_state.c:396
396	  g_prt_gdb_marker_state.hit_count = g_prt_gdb_marker_state.hit_count + 1ULL;
$6 = {
  site_id = 29,
  segment_idx = 0,
  global_stage_id = 0,
  local_stage_id = 0,
  subbatch_id = 0,
  manager_id = 0,
  tensor_id = 0,
  page_idx = 0,
  token_id = 4294967295,
  rc = 0,
  aux0 = 1024,
  aux1 = 64512,
  hit_count = 5,
  line = 875
}
#0  prt_gdb_marker_stop ()
    at /home/ubuntu/chipyard/generators/gemmini/software/gemmini-rocc-tests/pipeline-runtime/src/prt_debug_state.c:396
#1  0x0000000000014604 in prt_gdb_marker_note (site_id=site_id@entry=29, 
    segment_idx=<optimized out>, segment_idx@entry=4294967295, 
    global_stage_id=<optimized out>, global_stage_id@entry=4294967295, 
    local_stage_id=<optimized out>, local_stage_id@entry=0, 
    subbatch_id=<optimized out>, subbatch_id@entry=4294967295, 
    manager_id=manager_id@entry=0, tensor_id=tensor_id@entry=0, 
    page_idx=page_idx@entry=0, token_id=token_id@entry=4294967295, 
    rc=rc@entry=0, aux0=aux0@entry=1024, aux1=aux1@entry=64512, 
    line=line@entry=875)
    at /home/ubuntu/chipyard/generators/gemmini/software/gemmini-rocc-tests/pipeline-runtime/src/prt_debug_state.c:392
#2  0x0000000000018f52 in dma_gdb_marker_fixed_load_page (line=875, 
    aux1=64512, aux0=1024, rc=0, page_idx=0, tensor_id=0, manager_id=0, 
    stage_idx=0, site_id=29)
    at /home/ubuntu/chipyard/generators/gemmini/software/gemmini-rocc-tests/pipeline-runtime/src/prt_dma.c:374
#3  dma_copy_host_to_spm_pages_linux (rt=0x3fffffe030, 
    dst_pages=<optimized out>, src_host=0x3ff6dc4400 "", manager_id=0, 
    stage_idx=0, tensor_id=0, timeout_ns=10000000, total_bytes=<optimized out>)
    at /home/ubuntu/chipyard/generators/gemmini/software/gemmini-rocc-tests/pipeline-runtime/src/prt_dma.c:873
#4  0x000000000001a714 in prt_dma_copy_dram_to_spm_pages_prefix (
    rt=rt@entry=0x3fffffe030, dst_pages=dst_pages@entry=0x6bab8, 
    src_dram_addr=<optimized out>, bytes=<optimized out>, 
    manager_id=<optimized out>, stage_idx=<optimized out>, 
    tensor_id=<optimized out>, timeout_ns=timeout_ns@entry=10000000)
    at /home/ubuntu/chipyard/generators/gemmini/software/gemmini-rocc-tests/pipeline-runtime/src/prt_dma.c:2819
#5  0x00000000000389de in prt_process_c1 (rt=rt@entry=0x3fffffe030, 
    buf=buf@entry=0x6ba90, idx=idx@entry=0, 
    timeout_ns=timeout_ns@entry=10000000)
    at /home/ubuntu/chipyard/generators/gemmini/software/gemmini-rocc-tests/pipeline-runtime/src/prt_scheduler.c:294
#6  0x000000000002f456 in stage_worker_main (arg=0x83960)
    at /home/ubuntu/chipyard/generators/gemmini/software/gemmini-rocc-tests/pipeline-runtime/src/prt_runtime.c:4236
#7  0x0000003ff7e6cf46 in ?? ()
   from /home/ubuntu/chipyard/.conda-env/riscv-tools/sysroot/lib/libc.so.6
#8  0x0000003ff7eb5fcc in ?? ()
   from /home/ubuntu/chipyard/.conda-env/riscv-tools/sysroot/lib/libc.so.6
  Id   Target Id                        Frame 
  1    Thread 233.233 "rerocc_pipeline" 0x0000003ff7e952a6 in clock_nanosleep
    () from /home/ubuntu/chipyard/.conda-env/riscv-tools/sysroot/lib/libc.so.6
* 2    Thread 233.275 "rerocc_pipeline" prt_gdb_marker_stop ()
    at /home/ubuntu/chipyard/generators/gemmini/software/gemmini-rocc-tests/pipeline-runtime/src/prt_debug_state.c:396
pc             0x14442	0x14442 <prt_gdb_marker_stop>
sp             0x3ff6d75150	0x3ff6d75150
ra             0x18f52	0x18f52 <dma_copy_host_to_spm_pages_linux+1926>

--- token2 frontier: next fixed-load submitwait begin ---

Thread 2 "rerocc_pipeline" hit Breakpoint 1, prt_gdb_marker_stop ()
    at /home/ubuntu/chipyard/generators/gemmini/software/gemmini-rocc-tests/pipeline-runtime/src/prt_debug_state.c:396
396	  g_prt_gdb_marker_state.hit_count = g_prt_gdb_marker_state.hit_count + 1ULL;
$7 = {
  site_id = 27,
  segment_idx = 0,
  global_stage_id = 0,
  local_stage_id = 0,
  subbatch_id = 0,
  manager_id = 0,
  tensor_id = 0,
  page_idx = 1,
  token_id = 4294967295,
  rc = 0,
  aux0 = 4372662272,
  aux1 = 1074790400,
  hit_count = 6,
  line = 840
}
#0  prt_gdb_marker_stop ()
    at /home/ubuntu/chipyard/generators/gemmini/software/gemmini-rocc-tests/pipeline-runtime/src/prt_debug_state.c:396
#1  0x0000000000014604 in prt_gdb_marker_note (site_id=site_id@entry=27, 
    segment_idx=<optimized out>, segment_idx@entry=4294967295, 
    global_stage_id=<optimized out>, global_stage_id@entry=4294967295, 
    local_stage_id=<optimized out>, local_stage_id@entry=0, 
    subbatch_id=<optimized out>, subbatch_id@entry=4294967295, 
    manager_id=manager_id@entry=0, tensor_id=tensor_id@entry=0, 
    page_idx=page_idx@entry=1, token_id=token_id@entry=4294967295, 
    rc=rc@entry=0, aux0=4372662272, aux1=1074790400, line=line@entry=840)
    at /home/ubuntu/chipyard/generators/gemmini/software/gemmini-rocc-tests/pipeline-runtime/src/prt_debug_state.c:392
#2  0x0000000000018e58 in dma_gdb_marker_fixed_load_page (line=840, 
    aux1=<optimized out>, aux0=<optimized out>, rc=0, page_idx=1, tensor_id=0, 
    manager_id=0, stage_idx=0, site_id=27)
    at /home/ubuntu/chipyard/generators/gemmini/software/gemmini-rocc-tests/pipeline-runtime/src/prt_dma.c:374
#3  dma_copy_host_to_spm_pages_linux (rt=0x3fffffe030, 
    dst_pages=<optimized out>, src_host=0x3ff6dc4400 "", manager_id=0, 
    stage_idx=0, tensor_id=0, timeout_ns=10000000, total_bytes=<optimized out>)
    at /home/ubuntu/chipyard/generators/gemmini/software/gemmini-rocc-tests/pipeline-runtime/src/prt_dma.c:838
#4  0x000000000001a714 in prt_dma_copy_dram_to_spm_pages_prefix (
    rt=rt@entry=0x3fffffe030, dst_pages=dst_pages@entry=0x6bab8, 
    src_dram_addr=<optimized out>, bytes=<optimized out>, 
    manager_id=<optimized out>, stage_idx=<optimized out>, 
    tensor_id=<optimized out>, timeout_ns=timeout_ns@entry=10000000)
    at /home/ubuntu/chipyard/generators/gemmini/software/gemmini-rocc-tests/pipeline-runtime/src/prt_dma.c:2819
#5  0x00000000000389de in prt_process_c1 (rt=rt@entry=0x3fffffe030, 
    buf=buf@entry=0x6ba90, idx=idx@entry=0, 
    timeout_ns=timeout_ns@entry=10000000)
    at /home/ubuntu/chipyard/generators/gemmini/software/gemmini-rocc-tests/pipeline-runtime/src/prt_scheduler.c:294
#6  0x000000000002f456 in stage_worker_main (arg=0x83960)
    at /home/ubuntu/chipyard/generators/gemmini/software/gemmini-rocc-tests/pipeline-runtime/src/prt_runtime.c:4236
#7  0x0000003ff7e6cf46 in ?? ()
   from /home/ubuntu/chipyard/.conda-env/riscv-tools/sysroot/lib/libc.so.6
#8  0x0000003ff7eb5fcc in ?? ()
   from /home/ubuntu/chipyard/.conda-env/riscv-tools/sysroot/lib/libc.so.6
  Id   Target Id                        Frame 
  1    Thread 233.233 "rerocc_pipeline" 0x0000003ff7e952a6 in clock_nanosleep
    () from /home/ubuntu/chipyard/.conda-env/riscv-tools/sysroot/lib/libc.so.6
* 2    Thread 233.275 "rerocc_pipeline" prt_gdb_marker_stop ()
    at /home/ubuntu/chipyard/generators/gemmini/software/gemmini-rocc-tests/pipeline-runtime/src/prt_debug_state.c:396
pc             0x14442	0x14442 <prt_gdb_marker_stop>
sp             0x3ff6d75150	0x3ff6d75150
ra             0x18e58	0x18e58 <dma_copy_host_to_spm_pages_linux+1676>

--- token2 frontier: token2 wait-enter stage0 tensor0 ---

Thread 2 "rerocc_pipeline" hit Breakpoint 1, prt_gdb_marker_stop ()
    at /home/ubuntu/chipyard/generators/gemmini/software/gemmini-rocc-tests/pipeline-runtime/src/prt_debug_state.c:396
396	  g_prt_gdb_marker_state.hit_count = g_prt_gdb_marker_state.hit_count + 1ULL;
$8 = {
  site_id = 12,
  segment_idx = 0,
  global_stage_id = 0,
  local_stage_id = 0,
  subbatch_id = 0,
  manager_id = 0,
  tensor_id = 0,
  page_idx = 1,
  token_id = 2,
  rc = 0,
  aux0 = 4372662272,
  aux1 = 1074790400,
  hit_count = 7,
  line = 3593
}
#0  prt_gdb_marker_stop ()
    at /home/ubuntu/chipyard/generators/gemmini/software/gemmini-rocc-tests/pipeline-runtime/src/prt_debug_state.c:396
#1  0x0000000000014604 in prt_gdb_marker_note (site_id=site_id@entry=12, 
    segment_idx=<optimized out>, segment_idx@entry=4294967295, 
    global_stage_id=<optimized out>, global_stage_id@entry=4294967295, 
    local_stage_id=<optimized out>, subbatch_id=<optimized out>, 
    subbatch_id@entry=4294967295, manager_id=<optimized out>, 
    tensor_id=<optimized out>, page_idx=<optimized out>, token_id=2, 
    rc=rc@entry=0, aux0=4372662272, aux1=1074790400, line=line@entry=3593)
    at /home/ubuntu/chipyard/generators/gemmini/software/gemmini-rocc-tests/pipeline-runtime/src/prt_debug_state.c:392
#2  0x0000000000016116 in dma_blocking_wait (rt=0x3fffffe030, 
    tok=0x3ff6d74ff8, timeout_ns=10000000)
    at /home/ubuntu/chipyard/generators/gemmini/software/gemmini-rocc-tests/pipeline-runtime/src/prt_dma.c:3589
#3  0x0000000000018600 in prt_dma_wait (timeout_ns=10000000, tok=0x3ff6d74ff8, 
    rt=0x3fffffe030)
    at /home/ubuntu/chipyard/generators/gemmini/software/gemmini-rocc-tests/pipeline-runtime/src/prt_dma.c:2713
#4  dma_submit_wait_annotated_scoped (rt=rt@entry=0x3fffffe030, 
    req=req@entry=0x3ff6d75218, stage_idx=stage_idx@entry=0, 
    tensor_id=tensor_id@entry=0, timeout_ns=timeout_ns@entry=10000000, 
    scope=scope@entry=0x3ff6d75200, 
    force_export_probe=force_export_probe@entry=0, 
    debug_page_idx=debug_page_idx@entry=1)
    at /home/ubuntu/chipyard/generators/gemmini/software/gemmini-rocc-tests/pipeline-runtime/src/prt_dma.c:2126
#5  0x0000000000018e74 in dma_copy_host_to_spm_pages_linux (rt=0x3fffffe030, 
    dst_pages=<optimized out>, src_host=0x3ff6dc4400 "", manager_id=0, 
    stage_idx=0, tensor_id=0, timeout_ns=10000000, total_bytes=<optimized out>)
    at /home/ubuntu/chipyard/generators/gemmini/software/gemmini-rocc-tests/pipeline-runtime/src/prt_dma.c:841
#6  0x000000000001a714 in prt_dma_copy_dram_to_spm_pages_prefix (
    rt=rt@entry=0x3fffffe030, dst_pages=dst_pages@entry=0x6bab8, 
    src_dram_addr=<optimized out>, bytes=<optimized out>, 
    manager_id=<optimized out>, stage_idx=<optimized out>, 
    tensor_id=<optimized out>, timeout_ns=timeout_ns@entry=10000000)
    at /home/ubuntu/chipyard/generators/gemmini/software/gemmini-rocc-tests/pipeline-runtime/src/prt_dma.c:2819
#7  0x00000000000389de in prt_process_c1 (rt=rt@entry=0x3fffffe030, 
    buf=buf@entry=0x6ba90, idx=idx@entry=0, 
    timeout_ns=timeout_ns@entry=10000000)
    at /home/ubuntu/chipyard/generators/gemmini/software/gemmini-rocc-tests/pipeline-runtime/src/prt_scheduler.c:294
#8  0x000000000002f456 in stage_worker_main (arg=0x83960)
    at /home/ubuntu/chipyard/generators/gemmini/software/gemmini-rocc-tests/pipeline-runtime/src/prt_runtime.c:4236
#9  0x0000003ff7e6cf46 in ?? ()
   from /home/ubuntu/chipyard/.conda-env/riscv-tools/sysroot/lib/libc.so.6
#10 0x0000003ff7eb5fcc in ?? ()
   from /home/ubuntu/chipyard/.conda-env/riscv-tools/sysroot/lib/libc.so.6
  Id   Target Id                        Frame 
  1    Thread 233.233 "rerocc_pipeline" 0x0000003ff7e952a6 in clock_nanosleep
    () from /home/ubuntu/chipyard/.conda-env/riscv-tools/sysroot/lib/libc.so.6
* 2    Thread 233.275 "rerocc_pipeline" prt_gdb_marker_stop ()
    at /home/ubuntu/chipyard/generators/gemmini/software/gemmini-rocc-tests/pipeline-runtime/src/prt_debug_state.c:396
pc             0x14442	0x14442 <prt_gdb_marker_stop>
sp             0x3ff6d74ed0	0x3ff6d74ed0
ra             0x16116	0x16116 <dma_blocking_wait+106>

--- token2 frontier: token2 wait-return stage0 tensor0 ---

Thread 2 "rerocc_pipeline" hit Breakpoint 1, prt_gdb_marker_stop ()
    at /home/ubuntu/chipyard/generators/gemmini/software/gemmini-rocc-tests/pipeline-runtime/src/prt_debug_state.c:396
396	  g_prt_gdb_marker_state.hit_count = g_prt_gdb_marker_state.hit_count + 1ULL;
$9 = {
  site_id = 13,
  segment_idx = 0,
  global_stage_id = 0,
  local_stage_id = 0,
  subbatch_id = 0,
  manager_id = 0,
  tensor_id = 0,
  page_idx = 1,
  token_id = 2,
  rc = 0,
  aux0 = 4372662272,
  aux1 = 1074790400,
  hit_count = 8,
  line = 3572
}
#0  prt_gdb_marker_stop ()
    at /home/ubuntu/chipyard/generators/gemmini/software/gemmini-rocc-tests/pipeline-runtime/src/prt_debug_state.c:396
#1  0x0000000000014604 in prt_gdb_marker_note (site_id=site_id@entry=13, 
    segment_idx=<optimized out>, segment_idx@entry=4294967295, 
    global_stage_id=<optimized out>, global_stage_id@entry=4294967295, 
    local_stage_id=<optimized out>, subbatch_id=<optimized out>, 
    subbatch_id@entry=4294967295, manager_id=<optimized out>, 
    tensor_id=<optimized out>, page_idx=<optimized out>, token_id=2, 
    rc=rc@entry=0, aux0=4372662272, aux1=1074790400, line=line@entry=3572)
    at /home/ubuntu/chipyard/generators/gemmini/software/gemmini-rocc-tests/pipeline-runtime/src/prt_debug_state.c:392
#2  0x0000000000014c76 in dma_gdb_marker_wait_return (
    tok=tok@entry=0x3ff6d74ff8, rc=rc@entry=0)
    at /home/ubuntu/chipyard/generators/gemmini/software/gemmini-rocc-tests/pipeline-runtime/src/prt_dma.c:3568
#3  0x0000000000016690 in dma_gdb_marker_wait_return (rc=0, tok=0x3ff6d74ff8)
    at /home/ubuntu/chipyard/generators/gemmini/software/gemmini-rocc-tests/pipeline-runtime/src/prt_dma.c:3567
#4  dma_blocking_wait (rt=0x3fffffe030, tok=0x3ff6d74ff8, 
    timeout_ns=<optimized out>)
    at /home/ubuntu/chipyard/generators/gemmini/software/gemmini-rocc-tests/pipeline-runtime/src/prt_dma.c:3873
#5  0x0000000000018600 in prt_dma_wait (timeout_ns=10000000, tok=0x3ff6d74ff8, 
    rt=0x3fffffe030)
    at /home/ubuntu/chipyard/generators/gemmini/software/gemmini-rocc-tests/pipeline-runtime/src/prt_dma.c:2713
#6  dma_submit_wait_annotated_scoped (rt=rt@entry=0x3fffffe030, 
    req=req@entry=0x3ff6d75218, stage_idx=stage_idx@entry=0, 
    tensor_id=tensor_id@entry=0, timeout_ns=timeout_ns@entry=10000000, 
    scope=scope@entry=0x3ff6d75200, 
    force_export_probe=force_export_probe@entry=0, 
    debug_page_idx=debug_page_idx@entry=1)
    at /home/ubuntu/chipyard/generators/gemmini/software/gemmini-rocc-tests/pipeline-runtime/src/prt_dma.c:2126
#7  0x0000000000018e74 in dma_copy_host_to_spm_pages_linux (rt=0x3fffffe030, 
    dst_pages=<optimized out>, src_host=0x3ff6dc4400 "", manager_id=0, 
    stage_idx=0, tensor_id=0, timeout_ns=10000000, total_bytes=<optimized out>)
    at /home/ubuntu/chipyard/generators/gemmini/software/gemmini-rocc-tests/pipeline-runtime/src/prt_dma.c:841
#8  0x000000000001a714 in prt_dma_copy_dram_to_spm_pages_prefix (
    rt=rt@entry=0x3fffffe030, dst_pages=dst_pages@entry=0x6bab8, 
    src_dram_addr=<optimized out>, bytes=<optimized out>, 
    manager_id=<optimized out>, stage_idx=<optimized out>, 
    tensor_id=<optimized out>, timeout_ns=timeout_ns@entry=10000000)
    at /home/ubuntu/chipyard/generators/gemmini/software/gemmini-rocc-tests/pipeline-runtime/src/prt_dma.c:2819
#9  0x00000000000389de in prt_process_c1 (rt=rt@entry=0x3fffffe030, 
    buf=buf@entry=0x6ba90, idx=idx@entry=0, 
    timeout_ns=timeout_ns@entry=10000000)
    at /home/ubuntu/chipyard/generators/gemmini/software/gemmini-rocc-tests/pipeline-runtime/src/prt_scheduler.c:294
#10 0x000000000002f456 in stage_worker_main (arg=0x83960)
    at /home/ubuntu/chipyard/generators/gemmini/software/gemmini-rocc-tests/pipeline-runtime/src/prt_runtime.c:4236
#11 0x0000003ff7e6cf46 in ?? ()
   from /home/ubuntu/chipyard/.conda-env/riscv-tools/sysroot/lib/libc.so.6
#12 0x0000003ff7eb5fcc in ?? ()
   from /home/ubuntu/chipyard/.conda-env/riscv-tools/sysroot/lib/libc.so.6
  Id   Target Id                        Frame 
  1    Thread 233.233 "rerocc_pipeline" 0x0000003ff7e952a6 in clock_nanosleep
    () from /home/ubuntu/chipyard/.conda-env/riscv-tools/sysroot/lib/libc.so.6
* 2    Thread 233.275 "rerocc_pipeline" prt_gdb_marker_stop ()
    at /home/ubuntu/chipyard/generators/gemmini/software/gemmini-rocc-tests/pipeline-runtime/src/prt_debug_state.c:396
pc             0x14442	0x14442 <prt_gdb_marker_stop>
sp             0x3ff6d74e90	0x3ff6d74e90
ra             0x14c76	0x14c76 <dma_gdb_marker_wait_return+60>

--- token2 frontier: token4 wait-return stage0 tensor0 ---

Thread 2 "rerocc_pipeline" hit Breakpoint 1, prt_gdb_marker_stop ()
    at /home/ubuntu/chipyard/generators/gemmini/software/gemmini-rocc-tests/pipeline-runtime/src/prt_debug_state.c:396
396	  g_prt_gdb_marker_state.hit_count = g_prt_gdb_marker_state.hit_count + 1ULL;
$10 = {
  site_id = 13,
  segment_idx = 0,
  global_stage_id = 0,
  local_stage_id = 0,
  subbatch_id = 0,
  manager_id = 0,
  tensor_id = 0,
  page_idx = 3,
  token_id = 4,
  rc = 0,
  aux0 = 4372664320,
  aux1 = 1076887552,
  hit_count = 9,
  line = 3572
}
#0  prt_gdb_marker_stop ()
    at /home/ubuntu/chipyard/generators/gemmini/software/gemmini-rocc-tests/pipeline-runtime/src/prt_debug_state.c:396
#1  0x0000000000014604 in prt_gdb_marker_note (site_id=site_id@entry=13, 
    segment_idx=<optimized out>, segment_idx@entry=4294967295, 
    global_stage_id=<optimized out>, global_stage_id@entry=4294967295, 
    local_stage_id=<optimized out>, subbatch_id=<optimized out>, 
    subbatch_id@entry=4294967295, manager_id=<optimized out>, 
    tensor_id=<optimized out>, page_idx=<optimized out>, token_id=4, 
    rc=rc@entry=0, aux0=4372664320, aux1=1076887552, line=line@entry=3572)
    at /home/ubuntu/chipyard/generators/gemmini/software/gemmini-rocc-tests/pipeline-runtime/src/prt_debug_state.c:392
#2  0x0000000000014c76 in dma_gdb_marker_wait_return (
    tok=tok@entry=0x3ff6d74ff8, rc=rc@entry=0)
    at /home/ubuntu/chipyard/generators/gemmini/software/gemmini-rocc-tests/pipeline-runtime/src/prt_dma.c:3568
#3  0x0000000000016690 in dma_gdb_marker_wait_return (rc=0, tok=0x3ff6d74ff8)
    at /home/ubuntu/chipyard/generators/gemmini/software/gemmini-rocc-tests/pipeline-runtime/src/prt_dma.c:3567
#4  dma_blocking_wait (rt=0x3fffffe030, tok=0x3ff6d74ff8, 
    timeout_ns=<optimized out>)
    at /home/ubuntu/chipyard/generators/gemmini/software/gemmini-rocc-tests/pipeline-runtime/src/prt_dma.c:3873
#5  0x0000000000018600 in prt_dma_wait (timeout_ns=10000000, tok=0x3ff6d74ff8, 
    rt=0x3fffffe030)
    at /home/ubuntu/chipyard/generators/gemmini/software/gemmini-rocc-tests/pipeline-runtime/src/prt_dma.c:2713
#6  dma_submit_wait_annotated_scoped (rt=rt@entry=0x3fffffe030, 
    req=req@entry=0x3ff6d75218, stage_idx=stage_idx@entry=0, 
    tensor_id=tensor_id@entry=0, timeout_ns=timeout_ns@entry=10000000, 
    scope=scope@entry=0x3ff6d75200, 
    force_export_probe=force_export_probe@entry=0, 
    debug_page_idx=debug_page_idx@entry=3)
    at /home/ubuntu/chipyard/generators/gemmini/software/gemmini-rocc-tests/pipeline-runtime/src/prt_dma.c:2126
#7  0x0000000000018e74 in dma_copy_host_to_spm_pages_linux (rt=0x3fffffe030, 
    dst_pages=<optimized out>, src_host=0x3ff6dc4400 "", manager_id=0, 
    stage_idx=0, tensor_id=0, timeout_ns=10000000, total_bytes=<optimized out>)
    at /home/ubuntu/chipyard/generators/gemmini/software/gemmini-rocc-tests/pipeline-runtime/src/prt_dma.c:841
#8  0x000000000001a714 in prt_dma_copy_dram_to_spm_pages_prefix (
    rt=rt@entry=0x3fffffe030, dst_pages=dst_pages@entry=0x6bab8, 
    src_dram_addr=<optimized out>, bytes=<optimized out>, 
    manager_id=<optimized out>, stage_idx=<optimized out>, 
    tensor_id=<optimized out>, timeout_ns=timeout_ns@entry=10000000)
    at /home/ubuntu/chipyard/generators/gemmini/software/gemmini-rocc-tests/pipeline-runtime/src/prt_dma.c:2819
#9  0x00000000000389de in prt_process_c1 (rt=rt@entry=0x3fffffe030, 
    buf=buf@entry=0x6ba90, idx=idx@entry=0, 
    timeout_ns=timeout_ns@entry=10000000)
    at /home/ubuntu/chipyard/generators/gemmini/software/gemmini-rocc-tests/pipeline-runtime/src/prt_scheduler.c:294
#10 0x000000000002f456 in stage_worker_main (arg=0x83960)
    at /home/ubuntu/chipyard/generators/gemmini/software/gemmini-rocc-tests/pipeline-runtime/src/prt_runtime.c:4236
#11 0x0000003ff7e6cf46 in ?? ()
   from /home/ubuntu/chipyard/.conda-env/riscv-tools/sysroot/lib/libc.so.6
#12 0x0000003ff7eb5fcc in ?? ()
   from /home/ubuntu/chipyard/.conda-env/riscv-tools/sysroot/lib/libc.so.6
  Id   Target Id                        Frame 
  1    Thread 233.233 "rerocc_pipeline" 0x0000003ff7e952a6 in clock_nanosleep
    () from /home/ubuntu/chipyard/.conda-env/riscv-tools/sysroot/lib/libc.so.6
* 2    Thread 233.275 "rerocc_pipeline" prt_gdb_marker_stop ()
    at /home/ubuntu/chipyard/generators/gemmini/software/gemmini-rocc-tests/pipeline-runtime/src/prt_debug_state.c:396
pc             0x14442	0x14442 <prt_gdb_marker_stop>
sp             0x3ff6d74e90	0x3ff6d74e90
ra             0x14c76	0x14c76 <dma_gdb_marker_wait_return+60>

--- token2 frontier: token8 wait-return stage0 tensor0 ---

Thread 2 "rerocc_pipeline" hit Breakpoint 1, prt_gdb_marker_stop ()
    at /home/ubuntu/chipyard/generators/gemmini/software/gemmini-rocc-tests/pipeline-runtime/src/prt_debug_state.c:396
396	  g_prt_gdb_marker_state.hit_count = g_prt_gdb_marker_state.hit_count + 1ULL;
$11 = {
  site_id = 13,
  segment_idx = 0,
  global_stage_id = 0,
  local_stage_id = 0,
  subbatch_id = 0,
  manager_id = 0,
  tensor_id = 0,
  page_idx = 7,
  token_id = 8,
  rc = 0,
  aux0 = 4372668416,
  aux1 = 1081081856,
  hit_count = 10,
  line = 3572
}
#0  prt_gdb_marker_stop ()
    at /home/ubuntu/chipyard/generators/gemmini/software/gemmini-rocc-tests/pipeline-runtime/src/prt_debug_state.c:396
#1  0x0000000000014604 in prt_gdb_marker_note (site_id=site_id@entry=13, 
    segment_idx=<optimized out>, segment_idx@entry=4294967295, 
    global_stage_id=<optimized out>, global_stage_id@entry=4294967295, 
    local_stage_id=<optimized out>, subbatch_id=<optimized out>, 
    subbatch_id@entry=4294967295, manager_id=<optimized out>, 
    tensor_id=<optimized out>, page_idx=<optimized out>, token_id=8, 
    rc=rc@entry=0, aux0=4372668416, aux1=1081081856, line=line@entry=3572)
    at /home/ubuntu/chipyard/generators/gemmini/software/gemmini-rocc-tests/pipeline-runtime/src/prt_debug_state.c:392
#2  0x0000000000014c76 in dma_gdb_marker_wait_return (
    tok=tok@entry=0x3ff6d74ff8, rc=rc@entry=0)
    at /home/ubuntu/chipyard/generators/gemmini/software/gemmini-rocc-tests/pipeline-runtime/src/prt_dma.c:3568
#3  0x0000000000016690 in dma_gdb_marker_wait_return (rc=0, tok=0x3ff6d74ff8)
    at /home/ubuntu/chipyard/generators/gemmini/software/gemmini-rocc-tests/pipeline-runtime/src/prt_dma.c:3567
#4  dma_blocking_wait (rt=0x3fffffe030, tok=0x3ff6d74ff8, 
    timeout_ns=<optimized out>)
    at /home/ubuntu/chipyard/generators/gemmini/software/gemmini-rocc-tests/pipeline-runtime/src/prt_dma.c:3873
#5  0x0000000000018600 in prt_dma_wait (timeout_ns=10000000, tok=0x3ff6d74ff8, 
    rt=0x3fffffe030)
    at /home/ubuntu/chipyard/generators/gemmini/software/gemmini-rocc-tests/pipeline-runtime/src/prt_dma.c:2713
#6  dma_submit_wait_annotated_scoped (rt=rt@entry=0x3fffffe030, 
    req=req@entry=0x3ff6d75218, stage_idx=stage_idx@entry=0, 
    tensor_id=tensor_id@entry=0, timeout_ns=timeout_ns@entry=10000000, 
    scope=scope@entry=0x3ff6d75200, 
    force_export_probe=force_export_probe@entry=0, 
    debug_page_idx=debug_page_idx@entry=7)
    at /home/ubuntu/chipyard/generators/gemmini/software/gemmini-rocc-tests/pipeline-runtime/src/prt_dma.c:2126
#7  0x0000000000018e74 in dma_copy_host_to_spm_pages_linux (rt=0x3fffffe030, 
    dst_pages=<optimized out>, src_host=0x3ff6dc4400 "", manager_id=0, 
    stage_idx=0, tensor_id=0, timeout_ns=10000000, total_bytes=<optimized out>)
    at /home/ubuntu/chipyard/generators/gemmini/software/gemmini-rocc-tests/pipeline-runtime/src/prt_dma.c:841
#8  0x000000000001a714 in prt_dma_copy_dram_to_spm_pages_prefix (
    rt=rt@entry=0x3fffffe030, dst_pages=dst_pages@entry=0x6bab8, 
    src_dram_addr=<optimized out>, bytes=<optimized out>, 
    manager_id=<optimized out>, stage_idx=<optimized out>, 
    tensor_id=<optimized out>, timeout_ns=timeout_ns@entry=10000000)
    at /home/ubuntu/chipyard/generators/gemmini/software/gemmini-rocc-tests/pipeline-runtime/src/prt_dma.c:2819
#9  0x00000000000389de in prt_process_c1 (rt=rt@entry=0x3fffffe030, 
    buf=buf@entry=0x6ba90, idx=idx@entry=0, 
    timeout_ns=timeout_ns@entry=10000000)
    at /home/ubuntu/chipyard/generators/gemmini/software/gemmini-rocc-tests/pipeline-runtime/src/prt_scheduler.c:294
#10 0x000000000002f456 in stage_worker_main (arg=0x83960)
    at /home/ubuntu/chipyard/generators/gemmini/software/gemmini-rocc-tests/pipeline-runtime/src/prt_runtime.c:4236
#11 0x0000003ff7e6cf46 in ?? ()
   from /home/ubuntu/chipyard/.conda-env/riscv-tools/sysroot/lib/libc.so.6
#12 0x0000003ff7eb5fcc in ?? ()
   from /home/ubuntu/chipyard/.conda-env/riscv-tools/sysroot/lib/libc.so.6
  Id   Target Id                        Frame 
  1    Thread 233.233 "rerocc_pipeline" 0x0000003ff7e952a6 in clock_nanosleep
    () from /home/ubuntu/chipyard/.conda-env/riscv-tools/sysroot/lib/libc.so.6
* 2    Thread 233.275 "rerocc_pipeline" prt_gdb_marker_stop ()
    at /home/ubuntu/chipyard/generators/gemmini/software/gemmini-rocc-tests/pipeline-runtime/src/prt_debug_state.c:396
pc             0x14442	0x14442 <prt_gdb_marker_stop>
sp             0x3ff6d74e90	0x3ff6d74e90
ra             0x14c76	0x14c76 <dma_gdb_marker_wait_return+60>

--- token2 frontier: token16 wait-return stage0 tensor0 ---

Thread 2 "rerocc_pipeline" hit Breakpoint 1, prt_gdb_marker_stop ()
    at /home/ubuntu/chipyard/generators/gemmini/software/gemmini-rocc-tests/pipeline-runtime/src/prt_debug_state.c:396
396	  g_prt_gdb_marker_state.hit_count = g_prt_gdb_marker_state.hit_count + 1ULL;
$12 = {
  site_id = 13,
  segment_idx = 0,
  global_stage_id = 0,
  local_stage_id = 0,
  subbatch_id = 0,
  manager_id = 0,
  tensor_id = 0,
  page_idx = 15,
  token_id = 16,
  rc = 0,
  aux0 = 4372676608,
  aux1 = 1081082880,
  hit_count = 11,
  line = 3572
}
#0  prt_gdb_marker_stop ()
    at /home/ubuntu/chipyard/generators/gemmini/software/gemmini-rocc-tests/pipeline-runtime/src/prt_debug_state.c:396
#1  0x0000000000014604 in prt_gdb_marker_note (site_id=site_id@entry=13, 
    segment_idx=<optimized out>, segment_idx@entry=4294967295, 
    global_stage_id=<optimized out>, global_stage_id@entry=4294967295, 
    local_stage_id=<optimized out>, subbatch_id=<optimized out>, 
    subbatch_id@entry=4294967295, manager_id=<optimized out>, 
    tensor_id=<optimized out>, page_idx=<optimized out>, token_id=16, 
    rc=rc@entry=0, aux0=4372676608, aux1=1081082880, line=line@entry=3572)
    at /home/ubuntu/chipyard/generators/gemmini/software/gemmini-rocc-tests/pipeline-runtime/src/prt_debug_state.c:392
#2  0x0000000000014c76 in dma_gdb_marker_wait_return (
    tok=tok@entry=0x3ff6d74ff8, rc=rc@entry=0)
    at /home/ubuntu/chipyard/generators/gemmini/software/gemmini-rocc-tests/pipeline-runtime/src/prt_dma.c:3568
#3  0x0000000000016690 in dma_gdb_marker_wait_return (rc=0, tok=0x3ff6d74ff8)
    at /home/ubuntu/chipyard/generators/gemmini/software/gemmini-rocc-tests/pipeline-runtime/src/prt_dma.c:3567
#4  dma_blocking_wait (rt=0x3fffffe030, tok=0x3ff6d74ff8, 
    timeout_ns=<optimized out>)
    at /home/ubuntu/chipyard/generators/gemmini/software/gemmini-rocc-tests/pipeline-runtime/src/prt_dma.c:3873
#5  0x0000000000018600 in prt_dma_wait (timeout_ns=10000000, tok=0x3ff6d74ff8, 
    rt=0x3fffffe030)
    at /home/ubuntu/chipyard/generators/gemmini/software/gemmini-rocc-tests/pipeline-runtime/src/prt_dma.c:2713
#6  dma_submit_wait_annotated_scoped (rt=rt@entry=0x3fffffe030, 
    req=req@entry=0x3ff6d75218, stage_idx=stage_idx@entry=0, 
    tensor_id=tensor_id@entry=0, timeout_ns=timeout_ns@entry=10000000, 
    scope=scope@entry=0x3ff6d75200, 
    force_export_probe=force_export_probe@entry=0, 
    debug_page_idx=debug_page_idx@entry=15)
    at /home/ubuntu/chipyard/generators/gemmini/software/gemmini-rocc-tests/pipeline-runtime/src/prt_dma.c:2126
#7  0x0000000000018e74 in dma_copy_host_to_spm_pages_linux (rt=0x3fffffe030, 
    dst_pages=<optimized out>, src_host=0x3ff6dc4400 "", manager_id=0, 
    stage_idx=0, tensor_id=0, timeout_ns=10000000, total_bytes=<optimized out>)
    at /home/ubuntu/chipyard/generators/gemmini/software/gemmini-rocc-tests/pipeline-runtime/src/prt_dma.c:841
#8  0x000000000001a714 in prt_dma_copy_dram_to_spm_pages_prefix (
    rt=rt@entry=0x3fffffe030, dst_pages=dst_pages@entry=0x6bab8, 
    src_dram_addr=<optimized out>, bytes=<optimized out>, 
    manager_id=<optimized out>, stage_idx=<optimized out>, 
    tensor_id=<optimized out>, timeout_ns=timeout_ns@entry=10000000)
    at /home/ubuntu/chipyard/generators/gemmini/software/gemmini-rocc-tests/pipeline-runtime/src/prt_dma.c:2819
#9  0x00000000000389de in prt_process_c1 (rt=rt@entry=0x3fffffe030, 
    buf=buf@entry=0x6ba90, idx=idx@entry=0, 
    timeout_ns=timeout_ns@entry=10000000)
    at /home/ubuntu/chipyard/generators/gemmini/software/gemmini-rocc-tests/pipeline-runtime/src/prt_scheduler.c:294
#10 0x000000000002f456 in stage_worker_main (arg=0x83960)
    at /home/ubuntu/chipyard/generators/gemmini/software/gemmini-rocc-tests/pipeline-runtime/src/prt_runtime.c:4236
#11 0x0000003ff7e6cf46 in ?? ()
   from /home/ubuntu/chipyard/.conda-env/riscv-tools/sysroot/lib/libc.so.6
#12 0x0000003ff7eb5fcc in ?? ()
   from /home/ubuntu/chipyard/.conda-env/riscv-tools/sysroot/lib/libc.so.6
  Id   Target Id                        Frame 
  1    Thread 233.233 "rerocc_pipeline" 0x0000003ff7e952a6 in clock_nanosleep
    () from /home/ubuntu/chipyard/.conda-env/riscv-tools/sysroot/lib/libc.so.6
* 2    Thread 233.275 "rerocc_pipeline" prt_gdb_marker_stop ()
    at /home/ubuntu/chipyard/generators/gemmini/software/gemmini-rocc-tests/pipeline-runtime/src/prt_debug_state.c:396
pc             0x14442	0x14442 <prt_gdb_marker_stop>
sp             0x3ff6d74e90	0x3ff6d74e90
ra             0x14c76	0x14c76 <dma_gdb_marker_wait_return+60>

--- token2 frontier: token24 wait-return stage0 tensor0 ---
/home/ubuntu/chipyard/tmp/firesim-aws-f2/gdbserver-tests/pairdummy-cfg32-marker-stop-20260507T192753Z-192_168_1_32-172_16_0_2/pairdummy-cfg32-marker-stop.gdb:22: Error in sourced command file:
/home/ubuntu/chipyard/tmp/pairdummy-segment0-token2-frontier.rqPuSW.gdb:108: Error in sourced command file:
Remote connection closed
(gdb) 