2026-05-05 11:51:02,837 [main        ] [INFO ]  FireSim Manager. Docs: https://docs.fires.im
Running: launchrunfarm

2026-05-05 11:51:02,838 [__init__    ] [DEBUG]  RuntimeHWConfig self.platform f2
2026-05-05 11:51:02,838 [__init__    ] [DEBUG]  {'config_file_name': '/home/ubuntu/chipyard/tmp/firesim-aws-f2/hwdb/config_hwdb_f2_rocket_singlecore_nic_notrace_30mhz_agfi03d951_timingholdfixpcisreg1bp_driver.yaml',
 'hwconf_dict': {'firesim_rocket_singlecore_nic_notrace_30mhz': <runtools.runtime_config.RuntimeHWConfig object at 0x73a865ea5240>},
 'simulation_mode_string': 'FPGA simulation'}
2026-05-05 11:51:02,863 [get_localhos] [DEBUG]  i-08b9950158e875a41
2026-05-05 11:51:02,863 [get_localhos] [DEBUG]  
2026-05-05 11:51:02,863 [get_localhos] [DEBUG]  AWS Host Detected
2026-05-05 11:51:02,863 [get_localhos] [DEBUG]  i-08b9950158e875a41
2026-05-05 11:51:02,991 [_new_conn   ] [DEBUG]  Starting new HTTPS connection (1): ec2.us-west-2.amazonaws.com:443
2026-05-05 11:51:03,089 [_make_reques] [DEBUG]  https://ec2.us-west-2.amazonaws.com:443 "POST / HTTP/1.1" 200 352
2026-05-05 11:51:03,092 [get_localhos] [DEBUG]  {'Name': 'firesim-manager-wzy'}
2026-05-05 11:51:03,094 [__init__    ] [DEBUG]  {'autocounter_config': AutoCounterConfig(readrate=0),
 'default_plusarg_passthrough': '+simplenic-relaxed-required-bytes=1 '
                                '+simplenic-empty-switch-poll-interval=1024 '
                                '+simplenic-token-debug=0 '
                                '+cpu-managed-stream-debug=0 '
                                '+heartbeat-polling-interval=100000000',
 'defaulthwconfig': 'firesim_rocket_singlecore_nic_notrace_30mhz',
 'hostdebug_config': HostDebugConfig(zero_out_dram=False,
                                     disable_synth_asserts=False),
 'linklatency': 6405,
 'metasimulation_enabled': False,
 'metasimulation_host_simulator': 'verilator',
 'metasimulation_only_plusargs': '+fesvr-step-size=128 +max-cycles=100000000',
 'metasimulation_only_vcs_plusargs': '+vcs+initreg+0 +vcs+initmem+0',
 'netbandwidth': 200,
 'no_net_num_nodes': 1,
 'partition_config': PartitionConfig(node=None,
                                     fpga_cnt=1,
                                     pidx_to_slotid={},
                                     pcim_slot_offset=[],
                                     mode=<PartitionMode.FAST_MODE: 0>),
 'profileinterval': -1,
 'run_farm_dispatcher': <runtools.run_farm.AWSEC2F2 object at 0x73a865ea51e0>,
 'suffixtag': 'f2-rocket-singlecore-nic-gdbserver-smoke-notrace-clean1bp-recovereddriver',
 'switchinglatency': 10,
 'synthprint_config': SynthPrintConfig(start=0, end=0, cycle_prefix=True),
 'terminateoncompletion': False,
 'topology': 'example_1config',
 'tracerv_config': TracerVConfig(enable=False,
                                 select=1,
                                 start=0,
                                 end=-1,
                                 output_format=0),
 'workload_name': 'rocket-singlecore-nic-gdbserver-smoke.json'}
2026-05-05 11:51:03,096 [__init__    ] [DEBUG]  {'config_file_name': '/home/ubuntu/chipyard/sims/firesim/deploy/config_build_recipes_f2_rocket_singlecore_nic_notrace_30mhz.yaml',
 'hwconf_dict': {'firesim_rocket_singlecore_nic_notrace_30mhz': <runtools.runtime_config.RuntimeBuildRecipeConfig object at 0x73a865ed94b0>},
 'simulation_mode_string': 'Metasimulation'}
2026-05-05 11:51:03,096 [allocate_sim] [INFO ]  run_farm_hosts_dict defaultdict(<class 'list'>, {'f2.6xlarge': [(<runtools.run_farm.Inst object at 0x73a854e938b0>, None)], 'f2.12xlarge': [], 'f2.48xlarge': [], 'm4.16xlarge': [], 'z1d.3xlarge': [], 'z1d.6xlarge': [], 'z1d.12xlarge': []})
2026-05-05 11:51:03,096 [pass_apply_d] [DEBUG]  pass_apply_default_hwconfig, RuntimeHWConfig: firesim_rocket_singlecore_nic_notrace_30mhz
DeployQuintuplet: None
DeployMakefrag: None
AGFI: agfi-03d9518415ec82449
Bitstream tar: None
CustomRuntimeConf: None
2026-05-05 11:51:03,096 [set_server_h] [INFO ]  set_server_hardware_config 0 None
2026-05-05 11:51:03,100 [decorator   ] [DEBUG]  deprecate positional args: graphviz.backend.piping.pipe(['renderer', 'formatter', 'neato_no_op', 'quiet'])
2026-05-05 11:51:03,100 [decorator   ] [DEBUG]  deprecate positional args: graphviz.backend.rendering.render(['renderer', 'formatter', 'neato_no_op', 'quiet'])
2026-05-05 11:51:03,100 [decorator   ] [DEBUG]  deprecate positional args: graphviz.backend.unflattening.unflatten(['stagger', 'fanout', 'chain', 'encoding'])
2026-05-05 11:51:03,101 [decorator   ] [DEBUG]  deprecate positional args: graphviz.backend.viewing.view(['quiet'])
2026-05-05 11:51:03,103 [decorator   ] [DEBUG]  deprecate positional args: graphviz.quoting.quote(['is_html_string', 'is_valid_id', 'dot_keywords', 'endswith_odd_number_of_backslashes', 'escape_unescaped_quotes'])
2026-05-05 11:51:03,103 [decorator   ] [DEBUG]  deprecate positional args: graphviz.quoting.a_list(['kwargs', 'attributes'])
2026-05-05 11:51:03,103 [decorator   ] [DEBUG]  deprecate positional args: graphviz.quoting.attr_list(['kwargs', 'attributes'])
2026-05-05 11:51:03,103 [decorator   ] [DEBUG]  deprecate positional args: graphviz.dot.Dot.clear(['keep_attrs'])
2026-05-05 11:51:03,103 [decorator   ] [DEBUG]  deprecate positional args: graphviz.dot.Dot.__iter__(['subgraph'])
2026-05-05 11:51:03,103 [decorator   ] [DEBUG]  deprecate positional args: graphviz.dot.Dot.node(['_attributes'])
2026-05-05 11:51:03,103 [decorator   ] [DEBUG]  deprecate positional args: graphviz.dot.Dot.edge(['_attributes'])
2026-05-05 11:51:03,103 [decorator   ] [DEBUG]  deprecate positional args: graphviz.dot.Dot.attr(['_attributes'])
2026-05-05 11:51:03,103 [decorator   ] [DEBUG]  deprecate positional args: graphviz.dot.Dot.subgraph(['name', 'comment', 'graph_attr', 'node_attr', 'edge_attr', 'body'])
2026-05-05 11:51:03,104 [decorator   ] [DEBUG]  deprecate positional args: graphviz.piping.Pipe._pipe_legacy(['renderer', 'formatter', 'neato_no_op', 'quiet'])
2026-05-05 11:51:03,104 [decorator   ] [DEBUG]  deprecate positional args: graphviz.saving.Save.save(['directory'])
2026-05-05 11:51:03,105 [decorator   ] [DEBUG]  deprecate positional args: graphviz.rendering.Render.render(['directory', 'view', 'cleanup', 'format', 'renderer', 'formatter', 'neato_no_op', 'quiet', 'quiet_view'])
2026-05-05 11:51:03,105 [decorator   ] [DEBUG]  deprecate positional args: graphviz.rendering.Render.view(['directory', 'cleanup', 'quiet', 'quiet_view'])
2026-05-05 11:51:03,105 [decorator   ] [DEBUG]  deprecate positional args: graphviz.unflattening.Unflatten.unflatten(['stagger', 'fanout', 'chain'])
2026-05-05 11:51:03,105 [decorator   ] [DEBUG]  deprecate positional args: graphviz.graphs.BaseGraph.__init__(['comment', 'filename', 'directory', 'format', 'engine', 'encoding', 'graph_attr', 'node_attr', 'edge_attr', 'body', 'strict'])
2026-05-05 11:51:03,105 [decorator   ] [DEBUG]  deprecate positional args: graphviz.sources.Source.from_file(['directory', 'format', 'engine', 'encoding', 'renderer', 'formatter'])
2026-05-05 11:51:03,106 [decorator   ] [DEBUG]  deprecate positional args: graphviz.sources.Source.__init__(['filename', 'directory', 'format', 'engine', 'encoding'])
2026-05-05 11:51:03,106 [decorator   ] [DEBUG]  deprecate positional args: graphviz.sources.Source.save(['directory'])
2026-05-05 11:51:03,106 [mkdirs      ] [DEBUG]  os.makedirs('generated-topology-diagrams')
2026-05-05 11:51:03,106 [save        ] [DEBUG]  write lines to 'generated-topology-diagrams/firesim_topologyexample_1config.gv'
2026-05-05 11:51:03,107 [run_check   ] [DEBUG]  run [PosixPath('dot'), '-Kdot', '-Tpdf', '-O', 'firesim_topologyexample_1config.gv']
2026-05-05 11:51:03,134 [get_localhos] [DEBUG]  i-08b9950158e875a41
2026-05-05 11:51:03,134 [get_localhos] [DEBUG]  
2026-05-05 11:51:03,134 [get_localhos] [DEBUG]  AWS Host Detected
2026-05-05 11:51:03,134 [get_localhos] [DEBUG]  i-08b9950158e875a41
2026-05-05 11:51:03,143 [_new_conn   ] [DEBUG]  Starting new HTTPS connection (1): ec2.us-west-2.amazonaws.com:443
2026-05-05 11:51:03,237 [_make_reques] [DEBUG]  https://ec2.us-west-2.amazonaws.com:443 "POST / HTTP/1.1" 200 352
2026-05-05 11:51:03,238 [get_localhos] [DEBUG]  {'Name': 'firesim-manager-wzy'}
2026-05-05 11:51:03,267 [_new_conn   ] [DEBUG]  Starting new HTTPS connection (1): ec2.us-west-2.amazonaws.com:443
2026-05-05 11:51:03,500 [_make_reques] [DEBUG]  https://ec2.us-west-2.amazonaws.com:443 "POST / HTTP/1.1" 200 869
2026-05-05 11:51:03,595 [_make_reques] [DEBUG]  https://ec2.us-west-2.amazonaws.com:443 "POST / HTTP/1.1" 200 4493
2026-05-05 11:51:03,599 [_new_conn   ] [DEBUG]  Starting new HTTPS connection (1): ec2.us-west-2.amazonaws.com:443
2026-05-05 11:51:03,766 [_make_reques] [DEBUG]  https://ec2.us-west-2.amazonaws.com:443 "POST / HTTP/1.1" 200 1962
2026-05-05 11:51:03,776 [_new_conn   ] [DEBUG]  Starting new HTTPS connection (1): ec2.us-west-2.amazonaws.com:443
2026-05-05 11:51:04,207 [_make_reques] [DEBUG]  https://ec2.us-west-2.amazonaws.com:443 "POST / HTTP/1.1" 200 2332
2026-05-05 11:51:04,223 [get_localhos] [DEBUG]  i-08b9950158e875a41
2026-05-05 11:51:04,223 [get_localhos] [DEBUG]  
2026-05-05 11:51:04,223 [get_localhos] [DEBUG]  AWS Host Detected
2026-05-05 11:51:04,223 [get_localhos] [DEBUG]  i-08b9950158e875a41
2026-05-05 11:51:04,232 [_new_conn   ] [DEBUG]  Starting new HTTPS connection (1): ec2.us-west-2.amazonaws.com:443
2026-05-05 11:51:04,330 [_make_reques] [DEBUG]  https://ec2.us-west-2.amazonaws.com:443 "POST / HTTP/1.1" 200 352
2026-05-05 11:51:04,330 [get_localhos] [DEBUG]  {'Name': 'firesim-manager-wzy'}
2026-05-05 11:51:04,396 [_new_conn   ] [DEBUG]  Starting new HTTPS connection (1): ec2.us-west-2.amazonaws.com:443
2026-05-05 11:51:04,470 [_make_reques] [DEBUG]  https://ec2.us-west-2.amazonaws.com:443 "POST / HTTP/1.1" 200 869
2026-05-05 11:51:04,570 [_make_reques] [DEBUG]  https://ec2.us-west-2.amazonaws.com:443 "POST / HTTP/1.1" 200 4493
2026-05-05 11:51:04,573 [_new_conn   ] [DEBUG]  Starting new HTTPS connection (1): ec2.us-west-2.amazonaws.com:443
2026-05-05 11:51:04,661 [_make_reques] [DEBUG]  https://ec2.us-west-2.amazonaws.com:443 "POST / HTTP/1.1" 200 1962
2026-05-05 11:51:04,670 [_new_conn   ] [DEBUG]  Starting new HTTPS connection (1): ec2.us-west-2.amazonaws.com:443
2026-05-05 11:51:05,083 [_make_reques] [DEBUG]  https://ec2.us-west-2.amazonaws.com:443 "POST / HTTP/1.1" 200 2332
2026-05-05 11:51:05,100 [get_localhos] [DEBUG]  i-08b9950158e875a41
2026-05-05 11:51:05,100 [get_localhos] [DEBUG]  
2026-05-05 11:51:05,100 [get_localhos] [DEBUG]  AWS Host Detected
2026-05-05 11:51:05,100 [get_localhos] [DEBUG]  i-08b9950158e875a41
2026-05-05 11:51:05,109 [_new_conn   ] [DEBUG]  Starting new HTTPS connection (1): ec2.us-west-2.amazonaws.com:443
2026-05-05 11:51:05,200 [_make_reques] [DEBUG]  https://ec2.us-west-2.amazonaws.com:443 "POST / HTTP/1.1" 200 352
2026-05-05 11:51:05,201 [get_localhos] [DEBUG]  {'Name': 'firesim-manager-wzy'}
2026-05-05 11:51:05,218 [_new_conn   ] [DEBUG]  Starting new HTTPS connection (1): ec2.us-west-2.amazonaws.com:443
2026-05-05 11:51:05,288 [_make_reques] [DEBUG]  https://ec2.us-west-2.amazonaws.com:443 "POST / HTTP/1.1" 200 869
2026-05-05 11:51:05,339 [_make_reques] [DEBUG]  https://ec2.us-west-2.amazonaws.com:443 "POST / HTTP/1.1" 200 4493
2026-05-05 11:51:05,342 [_new_conn   ] [DEBUG]  Starting new HTTPS connection (1): ec2.us-west-2.amazonaws.com:443
2026-05-05 11:51:05,425 [_make_reques] [DEBUG]  https://ec2.us-west-2.amazonaws.com:443 "POST / HTTP/1.1" 200 1962
2026-05-05 11:51:05,437 [_new_conn   ] [DEBUG]  Starting new HTTPS connection (1): ec2.us-west-2.amazonaws.com:443
2026-05-05 11:51:05,859 [_make_reques] [DEBUG]  https://ec2.us-west-2.amazonaws.com:443 "POST / HTTP/1.1" 200 2332
2026-05-05 11:51:05,861 [launch_insta] [INFO ]  LAUNCHING: {'ImageId': 'ami-0d7cdfb6b3ce5b5e0', 'EbsOptimized': True, 'BlockDeviceMappings': [{'DeviceName': '/dev/sda1', 'Ebs': {'VolumeSize': 300, 'VolumeType': 'gp2'}}, {'DeviceName': '/dev/sdb', 'NoDevice': ''}], 'InstanceType': 'f2.6xlarge', 'MinCount': 1, 'MaxCount': 1, 'NetworkInterfaces': [{'SubnetId': 'subnet-0c591ac34405cea97', 'DeviceIndex': 0, 'AssociatePublicIpAddress': True, 'Groups': ['sg-08b5c402f8c99027f']}], 'KeyName': 'firesim', 'TagSpecifications': [{'ResourceType': 'instance', 'Tags': [{'Key': 'fsimcluster', 'Value': 'f2rocketsinglecorenicrecovered1bp'}]}], 'InstanceMarketOptions': {}}
2026-05-05 11:51:07,276 [_make_reques] [DEBUG]  https://ec2.us-west-2.amazonaws.com:443 "POST / HTTP/1.1" 200 3965
2026-05-05 11:51:07,295 [get_localhos] [DEBUG]  i-08b9950158e875a41
2026-05-05 11:51:07,295 [get_localhos] [DEBUG]  
2026-05-05 11:51:07,295 [get_localhos] [DEBUG]  AWS Host Detected
2026-05-05 11:51:07,295 [get_localhos] [DEBUG]  i-08b9950158e875a41
2026-05-05 11:51:07,303 [_new_conn   ] [DEBUG]  Starting new HTTPS connection (1): ec2.us-west-2.amazonaws.com:443
2026-05-05 11:51:07,396 [_make_reques] [DEBUG]  https://ec2.us-west-2.amazonaws.com:443 "POST / HTTP/1.1" 200 352
2026-05-05 11:51:07,397 [get_localhos] [DEBUG]  {'Name': 'firesim-manager-wzy'}
2026-05-05 11:51:07,414 [_new_conn   ] [DEBUG]  Starting new HTTPS connection (1): ec2.us-west-2.amazonaws.com:443
2026-05-05 11:51:07,621 [_make_reques] [DEBUG]  https://ec2.us-west-2.amazonaws.com:443 "POST / HTTP/1.1" 200 869
2026-05-05 11:51:07,714 [_make_reques] [DEBUG]  https://ec2.us-west-2.amazonaws.com:443 "POST / HTTP/1.1" 200 4493
2026-05-05 11:51:07,717 [_new_conn   ] [DEBUG]  Starting new HTTPS connection (1): ec2.us-west-2.amazonaws.com:443
2026-05-05 11:51:07,876 [_make_reques] [DEBUG]  https://ec2.us-west-2.amazonaws.com:443 "POST / HTTP/1.1" 200 1962
2026-05-05 11:51:07,886 [_new_conn   ] [DEBUG]  Starting new HTTPS connection (1): ec2.us-west-2.amazonaws.com:443
2026-05-05 11:51:08,332 [_make_reques] [DEBUG]  https://ec2.us-west-2.amazonaws.com:443 "POST / HTTP/1.1" 200 2332
2026-05-05 11:51:08,348 [get_localhos] [DEBUG]  i-08b9950158e875a41
2026-05-05 11:51:08,348 [get_localhos] [DEBUG]  
2026-05-05 11:51:08,348 [get_localhos] [DEBUG]  AWS Host Detected
2026-05-05 11:51:08,348 [get_localhos] [DEBUG]  i-08b9950158e875a41
2026-05-05 11:51:08,357 [_new_conn   ] [DEBUG]  Starting new HTTPS connection (1): ec2.us-west-2.amazonaws.com:443
2026-05-05 11:51:08,461 [_make_reques] [DEBUG]  https://ec2.us-west-2.amazonaws.com:443 "POST / HTTP/1.1" 200 352
2026-05-05 11:51:08,462 [get_localhos] [DEBUG]  {'Name': 'firesim-manager-wzy'}
2026-05-05 11:51:08,536 [_new_conn   ] [DEBUG]  Starting new HTTPS connection (1): ec2.us-west-2.amazonaws.com:443
2026-05-05 11:51:08,750 [_make_reques] [DEBUG]  https://ec2.us-west-2.amazonaws.com:443 "POST / HTTP/1.1" 200 869
2026-05-05 11:51:08,845 [_make_reques] [DEBUG]  https://ec2.us-west-2.amazonaws.com:443 "POST / HTTP/1.1" 200 4493
2026-05-05 11:51:08,848 [_new_conn   ] [DEBUG]  Starting new HTTPS connection (1): ec2.us-west-2.amazonaws.com:443
2026-05-05 11:51:09,022 [_make_reques] [DEBUG]  https://ec2.us-west-2.amazonaws.com:443 "POST / HTTP/1.1" 200 1962
2026-05-05 11:51:09,032 [_new_conn   ] [DEBUG]  Starting new HTTPS connection (1): ec2.us-west-2.amazonaws.com:443
2026-05-05 11:51:09,443 [_make_reques] [DEBUG]  https://ec2.us-west-2.amazonaws.com:443 "POST / HTTP/1.1" 200 2332
2026-05-05 11:51:09,460 [get_localhos] [DEBUG]  i-08b9950158e875a41
2026-05-05 11:51:09,460 [get_localhos] [DEBUG]  
2026-05-05 11:51:09,460 [get_localhos] [DEBUG]  AWS Host Detected
2026-05-05 11:51:09,460 [get_localhos] [DEBUG]  i-08b9950158e875a41
2026-05-05 11:51:09,468 [_new_conn   ] [DEBUG]  Starting new HTTPS connection (1): ec2.us-west-2.amazonaws.com:443
2026-05-05 11:51:09,630 [_make_reques] [DEBUG]  https://ec2.us-west-2.amazonaws.com:443 "POST / HTTP/1.1" 200 352
2026-05-05 11:51:09,631 [get_localhos] [DEBUG]  {'Name': 'firesim-manager-wzy'}
2026-05-05 11:51:09,649 [_new_conn   ] [DEBUG]  Starting new HTTPS connection (1): ec2.us-west-2.amazonaws.com:443
2026-05-05 11:51:09,873 [_make_reques] [DEBUG]  https://ec2.us-west-2.amazonaws.com:443 "POST / HTTP/1.1" 200 869
2026-05-05 11:51:09,969 [_make_reques] [DEBUG]  https://ec2.us-west-2.amazonaws.com:443 "POST / HTTP/1.1" 200 4493
2026-05-05 11:51:09,973 [_new_conn   ] [DEBUG]  Starting new HTTPS connection (1): ec2.us-west-2.amazonaws.com:443
2026-05-05 11:51:10,147 [_make_reques] [DEBUG]  https://ec2.us-west-2.amazonaws.com:443 "POST / HTTP/1.1" 200 1962
2026-05-05 11:51:10,157 [_new_conn   ] [DEBUG]  Starting new HTTPS connection (1): ec2.us-west-2.amazonaws.com:443
2026-05-05 11:51:10,586 [_make_reques] [DEBUG]  https://ec2.us-west-2.amazonaws.com:443 "POST / HTTP/1.1" 200 2332
2026-05-05 11:51:10,602 [get_localhos] [DEBUG]  i-08b9950158e875a41
2026-05-05 11:51:10,602 [get_localhos] [DEBUG]  
2026-05-05 11:51:10,602 [get_localhos] [DEBUG]  AWS Host Detected
2026-05-05 11:51:10,602 [get_localhos] [DEBUG]  i-08b9950158e875a41
2026-05-05 11:51:10,611 [_new_conn   ] [DEBUG]  Starting new HTTPS connection (1): ec2.us-west-2.amazonaws.com:443
2026-05-05 11:51:10,811 [_make_reques] [DEBUG]  https://ec2.us-west-2.amazonaws.com:443 "POST / HTTP/1.1" 200 352
2026-05-05 11:51:10,812 [get_localhos] [DEBUG]  {'Name': 'firesim-manager-wzy'}
2026-05-05 11:51:10,830 [_new_conn   ] [DEBUG]  Starting new HTTPS connection (1): ec2.us-west-2.amazonaws.com:443
2026-05-05 11:51:10,904 [_make_reques] [DEBUG]  https://ec2.us-west-2.amazonaws.com:443 "POST / HTTP/1.1" 200 869
2026-05-05 11:51:10,962 [_make_reques] [DEBUG]  https://ec2.us-west-2.amazonaws.com:443 "POST / HTTP/1.1" 200 4493
2026-05-05 11:51:10,965 [_new_conn   ] [DEBUG]  Starting new HTTPS connection (1): ec2.us-west-2.amazonaws.com:443
2026-05-05 11:51:11,054 [_make_reques] [DEBUG]  https://ec2.us-west-2.amazonaws.com:443 "POST / HTTP/1.1" 200 1962
2026-05-05 11:51:11,063 [_new_conn   ] [DEBUG]  Starting new HTTPS connection (1): ec2.us-west-2.amazonaws.com:443
2026-05-05 11:51:11,498 [_make_reques] [DEBUG]  https://ec2.us-west-2.amazonaws.com:443 "POST / HTTP/1.1" 200 2332
2026-05-05 11:51:11,502 [wait_on_inst] [INFO ]  Waiting for instance boots: 0 f2.12xlarge
2026-05-05 11:51:11,503 [wait_on_inst] [INFO ]  Waiting for instance boots: 0 f2.48xlarge
2026-05-05 11:51:11,503 [wait_on_inst] [INFO ]  Waiting for instance boots: 1 f2.6xlarge
2026-05-05 11:51:11,640 [_make_reques] [DEBUG]  https://ec2.us-west-2.amazonaws.com:443 "POST / HTTP/1.1" 200 5075
2026-05-05 11:51:11,702 [wait_on_inst] [INFO ]  i-0ccc5f9076abab277 booted!
2026-05-05 11:51:11,702 [wait_on_inst] [INFO ]  Waiting for instance boots: 0 m4.16xlarge
2026-05-05 11:51:11,702 [wait_on_inst] [INFO ]  Waiting for instance boots: 0 z1d.12xlarge
2026-05-05 11:51:11,702 [wait_on_inst] [INFO ]  Waiting for instance boots: 0 z1d.3xlarge
2026-05-05 11:51:11,702 [wait_on_inst] [INFO ]  Waiting for instance boots: 0 z1d.6xlarge
2026-05-05 11:51:11,704 [<module>    ] [INFO ]  The full log of this run is:
/home/ubuntu/chipyard/sims/firesim/deploy/logs/2026-05-05--11-51-02-launchrunfarm-2IG2GGOCLM2LI9MY.log
