2026-05-05 12:13:18,784 [main        ] [INFO ]  FireSim Manager. Docs: https://docs.fires.im
Running: terminaterunfarm

2026-05-05 12:13:18,785 [__init__    ] [DEBUG]  RuntimeHWConfig self.platform f2
2026-05-05 12:13:18,785 [__init__    ] [DEBUG]  {'config_file_name': '/home/ubuntu/chipyard/tmp/firesim-aws-f2/hwdb/config_hwdb_f2_rocket_singlecore_nic_notrace_30mhz_agfi03d951_timingholdfixpcisreg1bp_driver.yaml',
 'hwconf_dict': {'firesim_rocket_singlecore_nic_notrace_30mhz': <runtools.runtime_config.RuntimeHWConfig object at 0x7f4d558a1060>},
 'simulation_mode_string': 'FPGA simulation'}
2026-05-05 12:13:18,808 [get_localhos] [DEBUG]  i-08b9950158e875a41
2026-05-05 12:13:18,808 [get_localhos] [DEBUG]  
2026-05-05 12:13:18,808 [get_localhos] [DEBUG]  AWS Host Detected
2026-05-05 12:13:18,808 [get_localhos] [DEBUG]  i-08b9950158e875a41
2026-05-05 12:13:18,936 [_new_conn   ] [DEBUG]  Starting new HTTPS connection (1): ec2.us-west-2.amazonaws.com:443
2026-05-05 12:13:19,046 [_make_reques] [DEBUG]  https://ec2.us-west-2.amazonaws.com:443 "POST / HTTP/1.1" 200 352
2026-05-05 12:13:19,048 [get_localhos] [DEBUG]  {'Name': 'firesim-manager-wzy'}
2026-05-05 12:13:19,049 [__init__    ] [DEBUG]  {'autocounter_config': AutoCounterConfig(readrate=0),
 'default_plusarg_passthrough': '+simplenic-relaxed-required-bytes=1 '
                                '+simplenic-empty-switch-poll-interval=1024 '
                                '+simplenic-token-debug=0 '
                                '+cpu-managed-stream-debug=0 '
                                '+heartbeat-polling-interval=100000000',
 'defaulthwconfig': 'firesim_rocket_singlecore_nic_notrace_30mhz',
 'hostdebug_config': HostDebugConfig(zero_out_dram=False,
                                     disable_synth_asserts=False),
 'linklatency': 6405,
 'metasimulation_enabled': False,
 'metasimulation_host_simulator': 'verilator',
 'metasimulation_only_plusargs': '+fesvr-step-size=128 +max-cycles=100000000',
 'metasimulation_only_vcs_plusargs': '+vcs+initreg+0 +vcs+initmem+0',
 'netbandwidth': 200,
 'no_net_num_nodes': 1,
 'partition_config': PartitionConfig(node=None,
                                     fpga_cnt=1,
                                     pidx_to_slotid={},
                                     pcim_slot_offset=[],
                                     mode=<PartitionMode.FAST_MODE: 0>),
 'profileinterval': -1,
 'run_farm_dispatcher': <runtools.run_farm.AWSEC2F2 object at 0x7f4d558a1120>,
 'suffixtag': 'f2-rocket-singlecore-nic-gdbserver-smoke-notrace-clean1bp-recovereddriver',
 'switchinglatency': 10,
 'synthprint_config': SynthPrintConfig(start=0, end=0, cycle_prefix=True),
 'terminateoncompletion': False,
 'topology': 'example_1config',
 'tracerv_config': TracerVConfig(enable=False,
                                 select=1,
                                 start=0,
                                 end=-1,
                                 output_format=0),
 'workload_name': 'rocket-singlecore-nic-gdbserver-smoke.json'}
2026-05-05 12:13:19,051 [__init__    ] [DEBUG]  {'config_file_name': '/home/ubuntu/chipyard/sims/firesim/deploy/config_build_recipes_f2_rocket_singlecore_nic_notrace_30mhz.yaml',
 'hwconf_dict': {'firesim_rocket_singlecore_nic_notrace_30mhz': <runtools.runtime_config.RuntimeBuildRecipeConfig object at 0x7f4d558d54b0>},
 'simulation_mode_string': 'Metasimulation'}
2026-05-05 12:13:19,051 [allocate_sim] [INFO ]  run_farm_hosts_dict defaultdict(<class 'list'>, {'f2.6xlarge': [(<runtools.run_farm.Inst object at 0x7f4d448938b0>, None)], 'f2.12xlarge': [], 'f2.48xlarge': [], 'm4.16xlarge': [], 'z1d.3xlarge': [], 'z1d.6xlarge': [], 'z1d.12xlarge': []})
2026-05-05 12:13:19,051 [pass_apply_d] [DEBUG]  pass_apply_default_hwconfig, RuntimeHWConfig: firesim_rocket_singlecore_nic_notrace_30mhz
DeployQuintuplet: None
DeployMakefrag: None
AGFI: agfi-03d9518415ec82449
Bitstream tar: None
CustomRuntimeConf: None
2026-05-05 12:13:19,051 [set_server_h] [INFO ]  set_server_hardware_config 0 None
2026-05-05 12:13:19,062 [decorator   ] [DEBUG]  deprecate positional args: graphviz.backend.piping.pipe(['renderer', 'formatter', 'neato_no_op', 'quiet'])
2026-05-05 12:13:19,062 [decorator   ] [DEBUG]  deprecate positional args: graphviz.backend.rendering.render(['renderer', 'formatter', 'neato_no_op', 'quiet'])
2026-05-05 12:13:19,063 [decorator   ] [DEBUG]  deprecate positional args: graphviz.backend.unflattening.unflatten(['stagger', 'fanout', 'chain', 'encoding'])
2026-05-05 12:13:19,064 [decorator   ] [DEBUG]  deprecate positional args: graphviz.backend.viewing.view(['quiet'])
2026-05-05 12:13:19,068 [decorator   ] [DEBUG]  deprecate positional args: graphviz.quoting.quote(['is_html_string', 'is_valid_id', 'dot_keywords', 'endswith_odd_number_of_backslashes', 'escape_unescaped_quotes'])
2026-05-05 12:13:19,068 [decorator   ] [DEBUG]  deprecate positional args: graphviz.quoting.a_list(['kwargs', 'attributes'])
2026-05-05 12:13:19,068 [decorator   ] [DEBUG]  deprecate positional args: graphviz.quoting.attr_list(['kwargs', 'attributes'])
2026-05-05 12:13:19,068 [decorator   ] [DEBUG]  deprecate positional args: graphviz.dot.Dot.clear(['keep_attrs'])
2026-05-05 12:13:19,069 [decorator   ] [DEBUG]  deprecate positional args: graphviz.dot.Dot.__iter__(['subgraph'])
2026-05-05 12:13:19,069 [decorator   ] [DEBUG]  deprecate positional args: graphviz.dot.Dot.node(['_attributes'])
2026-05-05 12:13:19,069 [decorator   ] [DEBUG]  deprecate positional args: graphviz.dot.Dot.edge(['_attributes'])
2026-05-05 12:13:19,069 [decorator   ] [DEBUG]  deprecate positional args: graphviz.dot.Dot.attr(['_attributes'])
2026-05-05 12:13:19,069 [decorator   ] [DEBUG]  deprecate positional args: graphviz.dot.Dot.subgraph(['name', 'comment', 'graph_attr', 'node_attr', 'edge_attr', 'body'])
2026-05-05 12:13:19,070 [decorator   ] [DEBUG]  deprecate positional args: graphviz.piping.Pipe._pipe_legacy(['renderer', 'formatter', 'neato_no_op', 'quiet'])
2026-05-05 12:13:19,071 [decorator   ] [DEBUG]  deprecate positional args: graphviz.saving.Save.save(['directory'])
2026-05-05 12:13:19,071 [decorator   ] [DEBUG]  deprecate positional args: graphviz.rendering.Render.render(['directory', 'view', 'cleanup', 'format', 'renderer', 'formatter', 'neato_no_op', 'quiet', 'quiet_view'])
2026-05-05 12:13:19,071 [decorator   ] [DEBUG]  deprecate positional args: graphviz.rendering.Render.view(['directory', 'cleanup', 'quiet', 'quiet_view'])
2026-05-05 12:13:19,072 [decorator   ] [DEBUG]  deprecate positional args: graphviz.unflattening.Unflatten.unflatten(['stagger', 'fanout', 'chain'])
2026-05-05 12:13:19,072 [decorator   ] [DEBUG]  deprecate positional args: graphviz.graphs.BaseGraph.__init__(['comment', 'filename', 'directory', 'format', 'engine', 'encoding', 'graph_attr', 'node_attr', 'edge_attr', 'body', 'strict'])
2026-05-05 12:13:19,072 [decorator   ] [DEBUG]  deprecate positional args: graphviz.sources.Source.from_file(['directory', 'format', 'engine', 'encoding', 'renderer', 'formatter'])
2026-05-05 12:13:19,072 [decorator   ] [DEBUG]  deprecate positional args: graphviz.sources.Source.__init__(['filename', 'directory', 'format', 'engine', 'encoding'])
2026-05-05 12:13:19,072 [decorator   ] [DEBUG]  deprecate positional args: graphviz.sources.Source.save(['directory'])
2026-05-05 12:13:19,073 [mkdirs      ] [DEBUG]  os.makedirs('generated-topology-diagrams')
2026-05-05 12:13:19,073 [save        ] [DEBUG]  write lines to 'generated-topology-diagrams/firesim_topologyexample_1config.gv'
2026-05-05 12:13:19,073 [run_check   ] [DEBUG]  run [PosixPath('dot'), '-Kdot', '-Tpdf', '-O', 'firesim_topologyexample_1config.gv']
2026-05-05 12:13:19,130 [_new_conn   ] [DEBUG]  Starting new HTTPS connection (1): ec2.us-west-2.amazonaws.com:443
2026-05-05 12:13:19,246 [_make_reques] [DEBUG]  https://ec2.us-west-2.amazonaws.com:443 "POST / HTTP/1.1" 200 219
2026-05-05 12:13:19,260 [_new_conn   ] [DEBUG]  Starting new HTTPS connection (1): ec2.us-west-2.amazonaws.com:443
2026-05-05 12:13:19,345 [_make_reques] [DEBUG]  https://ec2.us-west-2.amazonaws.com:443 "POST / HTTP/1.1" 200 219
2026-05-05 12:13:19,357 [_new_conn   ] [DEBUG]  Starting new HTTPS connection (1): ec2.us-west-2.amazonaws.com:443
2026-05-05 12:13:19,486 [_make_reques] [DEBUG]  https://ec2.us-west-2.amazonaws.com:443 "POST / HTTP/1.1" 200 5075
2026-05-05 12:13:19,501 [_new_conn   ] [DEBUG]  Starting new HTTPS connection (1): ec2.us-west-2.amazonaws.com:443
2026-05-05 12:13:19,588 [_make_reques] [DEBUG]  https://ec2.us-west-2.amazonaws.com:443 "POST / HTTP/1.1" 200 219
2026-05-05 12:13:19,600 [_new_conn   ] [DEBUG]  Starting new HTTPS connection (1): ec2.us-west-2.amazonaws.com:443
2026-05-05 12:13:19,686 [_make_reques] [DEBUG]  https://ec2.us-west-2.amazonaws.com:443 "POST / HTTP/1.1" 200 219
2026-05-05 12:13:19,743 [_new_conn   ] [DEBUG]  Starting new HTTPS connection (1): ec2.us-west-2.amazonaws.com:443
2026-05-05 12:13:19,830 [_make_reques] [DEBUG]  https://ec2.us-west-2.amazonaws.com:443 "POST / HTTP/1.1" 200 219
2026-05-05 12:13:19,843 [_new_conn   ] [DEBUG]  Starting new HTTPS connection (1): ec2.us-west-2.amazonaws.com:443
2026-05-05 12:13:19,927 [_make_reques] [DEBUG]  https://ec2.us-west-2.amazonaws.com:443 "POST / HTTP/1.1" 200 219
2026-05-05 12:13:19,930 [terminate_ru] [CRITI]  IMPORTANT!: This will terminate the following instances:
2026-05-05 12:13:19,930 [terminate_ru] [CRITI]  f2.12xlarge
2026-05-05 12:13:19,930 [terminate_ru] [CRITI]  []
2026-05-05 12:13:19,930 [terminate_ru] [CRITI]  f2.48xlarge
2026-05-05 12:13:19,930 [terminate_ru] [CRITI]  []
2026-05-05 12:13:19,930 [terminate_ru] [CRITI]  f2.6xlarge
2026-05-05 12:13:19,930 [terminate_ru] [CRITI]  ['i-0ccc5f9076abab277']
2026-05-05 12:13:19,930 [terminate_ru] [CRITI]  m4.16xlarge
2026-05-05 12:13:19,930 [terminate_ru] [CRITI]  []
2026-05-05 12:13:19,930 [terminate_ru] [CRITI]  z1d.12xlarge
2026-05-05 12:13:19,930 [terminate_ru] [CRITI]  []
2026-05-05 12:13:19,930 [terminate_ru] [CRITI]  z1d.3xlarge
2026-05-05 12:13:19,930 [terminate_ru] [CRITI]  []
2026-05-05 12:13:19,930 [terminate_ru] [CRITI]  z1d.6xlarge
2026-05-05 12:13:19,930 [terminate_ru] [CRITI]  []
2026-05-05 12:13:19,938 [_new_conn   ] [DEBUG]  Starting new HTTPS connection (1): ec2.us-west-2.amazonaws.com:443
2026-05-05 12:13:20,035 [_make_reques] [DEBUG]  https://ec2.us-west-2.amazonaws.com:443 "POST / HTTP/1.1" 200 5075
2026-05-05 12:13:20,457 [_make_reques] [DEBUG]  https://ec2.us-west-2.amazonaws.com:443 "POST / HTTP/1.1" 200 426
2026-05-05 12:13:20,459 [terminate_ru] [CRITI]  Instances terminated. Please confirm in your AWS Management Console.
2026-05-05 12:13:20,461 [<module>    ] [INFO ]  The full log of this run is:
/home/ubuntu/chipyard/sims/firesim/deploy/logs/2026-05-05--12-13-18-terminaterunfarm-2MAS0XDRN9GO5SHZ.log
