Copyright 1986-2022 Xilinx, Inc. All Rights Reserved. Copyright 2022-2024 Advanced Micro Devices, Inc. All Rights Reserved.
-----------------------------------------------------------------------------------------------------------------------------------------------------------------------------------------------------------------------------------------------------------------------------------------------------------------------------------------------------------------------------------------------------------------------------------------------------------
| Tool Version      : Vivado v.2024.2 (lin64) Build 5239630 Fri Nov 08 22:34:34 MST 2024
| Date              : Tue May  5 05:16:50 2026
| Host              : ip-192-168-1-175 running 64-bit Ubuntu 24.04.1 LTS
| Command           : report_timing -delay_type max -path_type full_clock_expanded -max_paths 10 -nworst 1 -input_pins -slice_pins -sort_by group -significant_digits 3 -file /home/ubuntu/firesim-build/platforms/f2/aws-fpga-firesim-f2/hdk/cl/developer_designs/cl_f2-firesim-FireSim-FireSimRocketNICNoTraceConfig-BaseF2Config/build/reports/cl_f2-firesim-FireSim-FireSimRocketNICNoTraceConfig-BaseF2Config.2026_05_05-040521.post_route_timing.rpt
| Design            : top
| Device            : xcvu47p-fsvh2892
| Speed File        : -2  PRODUCTION 1.30 05-01-2022
| Design State      : Routed
| Temperature Grade : E
-----------------------------------------------------------------------------------------------------------------------------------------------------------------------------------------------------------------------------------------------------------------------------------------------------------------------------------------------------------------------------------------------------------------------------------------------------------

Timing Report

Slack (VIOLATED) :        -3.470ns  (required time - arrival time)
  Source:                 <hidden>
                            (rising edge-triggered cell FDRE clocked by clk_main_a0  {rise@0.000ns fall@2.000ns period=4.000ns})
  Destination:            WRAPPER/CL/ddr_ready_pre_sync_meta_reg/CLR
                            (recovery check against rising-edge clock clk_out1_clk_wiz_0_firesim  {rise@0.000ns fall@16.667ns period=33.333ns})
  Path Group:             **async_default**
  Path Type:              Recovery (Max at Slow Process Corner)
  Requirement:            1.333ns  (clk_out1_clk_wiz_0_firesim rise@33.333ns - clk_main_a0 rise@32.000ns)
  Data Path Delay:        0.599ns  (logic 0.076ns (12.682%)  route 0.523ns (87.318%))
  Logic Levels:           0  
  Clock Path Skew:        -3.520ns (DCD - SCD + CPR)
    Destination Clock Delay (DCD):    2.365ns = ( 35.698 - 33.333 ) 
    Source Clock Delay      (SCD):    5.885ns = ( 37.885 - 32.000 ) 
    Clock Pessimism Removal (CPR):    0.000ns
  Clock Uncertainty:      0.264ns  ((TSJ^2 + DJ^2)^1/2) / 2 + PE
    Total System Jitter     (TSJ):    0.071ns
    Discrete Jitter          (DJ):    0.219ns
    Phase Error              (PE):    0.149ns
  Inter-SLR Compensation: 0.355ns  (DCD * PF)
    Destination Clock Delay (DCD):    2.365ns
    Prorating Factor         (PF):    0.150
  Clock Net Delay (Source):      2.467ns (routing 0.460ns, distribution 2.007ns)
  Clock Net Delay (Destination): 3.343ns (routing 1.455ns, distribution 1.888ns)
  Clock Domain Crossing:  Inter clock paths are considered valid unless explicitly excluded by timing constraints such as set_clock_groups or set_false_path.

    Location             Delay type                Incr(ns)  Path(ns)    Partition      PBlock               Netlist Resource(s)
  -------------------------------------------------------------------    -------------------------------------------------------
                         (clock clk_main_a0 rise edge)
                                                     32.000    32.000 r                                      
    BJ4                                               0.000    32.000 r  static                              <hidden>
                         net (fo=0)                   0.100    32.100    static                              WRAPPER/IO_SHIM/IBUFDS_CLK_125/I
    HPIOBDIFFINBUF_X0Y130.DIFF_IN_P
                                                                      r  static                              WRAPPER/IO_SHIM/IBUFDS_CLK_125/DIFFINBUF_INST/DIFF_IN_P
    HPIOBDIFFINBUF_X0Y130.O
                         DIFFINBUF (Prop_DIFFINBUF_HPIOBDIFFINBUF_DIFF_IN_P_O)
                                                      0.863    32.963 r  static                              WRAPPER/IO_SHIM/IBUFDS_CLK_125/DIFFINBUF_INST/O
                         net (fo=1, routed)           0.050    33.013    static                              WRAPPER/IO_SHIM/IBUFDS_CLK_125/OUT
    BJ4.I                                                             r  static                              WRAPPER/IO_SHIM/IBUFDS_CLK_125/IBUFCTRL_INST/I
    BJ4.O                IBUFCTRL (Prop_IBUFCTRL_HPIOB_M_I_O)
                                                      0.000    33.013 r  static                              WRAPPER/IO_SHIM/IBUFDS_CLK_125/IBUFCTRL_INST/O
                         net (fo=1, routed)           0.348    33.361    static                              <hidden>
    BUFGCE_X0Y122.I                                                   r  static                              <hidden>
    BUFGCE_X0Y122.O      BUFGCE (Prop_BUFCE_BUFGCE_I_O)
                                                      0.028    33.389 r  static                              <hidden>
                         net (fo=3, routed)           1.883    35.272    static                              <hidden>
    MMCM_X0Y5.CLKIN1                                                  r  static                              <hidden>
    MMCM_X0Y5.CLKOUT0    MMCME4_ADV (Prop_MMCM_CLKIN1_CLKOUT0)
                                                     -0.127    35.145 r  static                              <hidden>
                         net (fo=2, routed)           0.245    35.390    static                              <hidden>
    BUFGCE_X0Y136.I                                                   r  static                              <hidden>
    BUFGCE_X0Y136.O      BUFGCE (Prop_BUFCE_BUFGCE_I_O)
                                                      0.028    35.418 r  static                              <hidden>
    X3Y5 (CLOCK_ROOT)    net (fo=4881, routed)        2.467    37.885    static                              <hidden>
    SLICE_X176Y374.CLK   FDRE                                         r  static                              <hidden>
  -------------------------------------------------------------------    -------------------------------------------------------
    SLICE_X176Y374.Q     FDRE (Prop_FFF_SLICEM_C_Q)
                                                      0.076    37.961 r  static                              <hidden>
                         net (fo=20, routed)          0.523    38.484    boundary                            WRAPPER/CL/rst_main_n
    SLICE_X175Y374.SR    FDCE                                         f  reconfigurable pblock_CL            WRAPPER/CL/ddr_ready_pre_sync_meta_reg/CLR  (IS_INVERTED)
  -------------------------------------------------------------------    -------------------------------------------------------

                         (clock clk_out1_clk_wiz_0_firesim rise edge)
                                                     33.333    33.333 r                                      
    BUFGCE_X0Y135.O      BUFGCE                       0.000    33.333 r  static                              <hidden>
                         net (fo=10130, routed)       2.015    35.348    boundary                            WRAPPER/CL/firesim_clocking/inst/clk_in1
    SLR Crossing[1->0]   
    MMCM_X0Y0.CLKIN1                                                  r  reconfigurable pblock_CL            WRAPPER/CL/firesim_clocking/inst/mmcme4_adv_inst/CLKIN1
    MMCM_X0Y0.CLKOUT0    MMCME4_ADV (Prop_MMCM_CLKIN1_CLKOUT0)
                                                     -3.231    32.117 r  reconfigurable pblock_CL            WRAPPER/CL/firesim_clocking/inst/mmcme4_adv_inst/CLKOUT0
                         net (fo=4, routed)           0.214    32.331    reconfigurable                      WRAPPER/CL/firesim_clocking/inst/clk_out1_clk_wiz_0_firesim
    BUFGCE_X0Y14.I                                                    r  reconfigurable pblock_CL            WRAPPER/CL/firesim_clocking/inst/clkout1_buf/I
    BUFGCE_X0Y14.O       BUFGCE (Prop_BUFCE_BUFGCE_I_O)
                                                      0.024    32.355 r  reconfigurable pblock_CL            WRAPPER/CL/firesim_clocking/inst/clkout1_buf/O
    X2Y4 (CLOCK_ROOT)    net (fo=44319, routed)       3.343    35.698    reconfigurable                      WRAPPER/CL/firesim_internal_clock
    SLR Crossing[0->1]   
    SLICE_X175Y374.CLK   FDCE                                         r  reconfigurable pblock_CL            WRAPPER/CL/ddr_ready_pre_sync_meta_reg/C
                         clock pessimism              0.000    35.698                                            
                         inter-SLR compensation      -0.355    35.344                                            
                         clock uncertainty           -0.264    35.080                                            
    SLICE_X175Y374       FDCE (Recov_GFF2_SLICEM_C_CLR)
                                                     -0.066    35.014    reconfigurable   pblock_CL              WRAPPER/CL/ddr_ready_pre_sync_meta_reg
  -------------------------------------------------------------------
                         required time                         35.014                                            
                         arrival time                         -38.484                                            
  -------------------------------------------------------------------
                         slack                                 -3.470                                            

Slack (VIOLATED) :        -3.268ns  (required time - arrival time)
  Source:                 <hidden>
                            (rising edge-triggered cell FDRE clocked by clk_main_a0  {rise@0.000ns fall@2.000ns period=4.000ns})
  Destination:            WRAPPER/CL/ddr_ready_sync_reg/CLR
                            (recovery check against rising-edge clock clk_out1_clk_wiz_0_firesim  {rise@0.000ns fall@16.667ns period=33.333ns})
  Path Group:             **async_default**
  Path Type:              Recovery (Max at Slow Process Corner)
  Requirement:            1.333ns  (clk_out1_clk_wiz_0_firesim rise@33.333ns - clk_main_a0 rise@32.000ns)
  Data Path Delay:        0.398ns  (logic 0.076ns (19.089%)  route 0.322ns (80.911%))
  Logic Levels:           0  
  Clock Path Skew:        -3.519ns (DCD - SCD + CPR)
    Destination Clock Delay (DCD):    2.366ns = ( 35.699 - 33.333 ) 
    Source Clock Delay      (SCD):    5.885ns = ( 37.885 - 32.000 ) 
    Clock Pessimism Removal (CPR):    0.000ns
  Clock Uncertainty:      0.264ns  ((TSJ^2 + DJ^2)^1/2) / 2 + PE
    Total System Jitter     (TSJ):    0.071ns
    Discrete Jitter          (DJ):    0.219ns
    Phase Error              (PE):    0.149ns
  Inter-SLR Compensation: 0.355ns  (DCD * PF)
    Destination Clock Delay (DCD):    2.366ns
    Prorating Factor         (PF):    0.150
  Clock Net Delay (Source):      2.467ns (routing 0.460ns, distribution 2.007ns)
  Clock Net Delay (Destination): 3.344ns (routing 1.455ns, distribution 1.889ns)
  Clock Domain Crossing:  Inter clock paths are considered valid unless explicitly excluded by timing constraints such as set_clock_groups or set_false_path.

    Location             Delay type                Incr(ns)  Path(ns)    Partition      PBlock               Netlist Resource(s)
  -------------------------------------------------------------------    -------------------------------------------------------
                         (clock clk_main_a0 rise edge)
                                                     32.000    32.000 r                                      
    BJ4                                               0.000    32.000 r  static                              <hidden>
                         net (fo=0)                   0.100    32.100    static                              WRAPPER/IO_SHIM/IBUFDS_CLK_125/I
    HPIOBDIFFINBUF_X0Y130.DIFF_IN_P
                                                                      r  static                              WRAPPER/IO_SHIM/IBUFDS_CLK_125/DIFFINBUF_INST/DIFF_IN_P
    HPIOBDIFFINBUF_X0Y130.O
                         DIFFINBUF (Prop_DIFFINBUF_HPIOBDIFFINBUF_DIFF_IN_P_O)
                                                      0.863    32.963 r  static                              WRAPPER/IO_SHIM/IBUFDS_CLK_125/DIFFINBUF_INST/O
                         net (fo=1, routed)           0.050    33.013    static                              WRAPPER/IO_SHIM/IBUFDS_CLK_125/OUT
    BJ4.I                                                             r  static                              WRAPPER/IO_SHIM/IBUFDS_CLK_125/IBUFCTRL_INST/I
    BJ4.O                IBUFCTRL (Prop_IBUFCTRL_HPIOB_M_I_O)
                                                      0.000    33.013 r  static                              WRAPPER/IO_SHIM/IBUFDS_CLK_125/IBUFCTRL_INST/O
                         net (fo=1, routed)           0.348    33.361    static                              <hidden>
    BUFGCE_X0Y122.I                                                   r  static                              <hidden>
    BUFGCE_X0Y122.O      BUFGCE (Prop_BUFCE_BUFGCE_I_O)
                                                      0.028    33.389 r  static                              <hidden>
                         net (fo=3, routed)           1.883    35.272    static                              <hidden>
    MMCM_X0Y5.CLKIN1                                                  r  static                              <hidden>
    MMCM_X0Y5.CLKOUT0    MMCME4_ADV (Prop_MMCM_CLKIN1_CLKOUT0)
                                                     -0.127    35.145 r  static                              <hidden>
                         net (fo=2, routed)           0.245    35.390    static                              <hidden>
    BUFGCE_X0Y136.I                                                   r  static                              <hidden>
    BUFGCE_X0Y136.O      BUFGCE (Prop_BUFCE_BUFGCE_I_O)
                                                      0.028    35.418 r  static                              <hidden>
    X3Y5 (CLOCK_ROOT)    net (fo=4881, routed)        2.467    37.885    static                              <hidden>
    SLICE_X176Y374.CLK   FDRE                                         r  static                              <hidden>
  -------------------------------------------------------------------    -------------------------------------------------------
    SLICE_X176Y374.Q     FDRE (Prop_FFF_SLICEM_C_Q)
                                                      0.076    37.961 r  static                              <hidden>
                         net (fo=20, routed)          0.322    38.283    boundary                            WRAPPER/CL/rst_main_n
    SLICE_X175Y373.SR    FDCE                                         f  reconfigurable pblock_CL            WRAPPER/CL/ddr_ready_sync_reg/CLR  (IS_INVERTED)
  -------------------------------------------------------------------    -------------------------------------------------------

                         (clock clk_out1_clk_wiz_0_firesim rise edge)
                                                     33.333    33.333 r                                      
    BUFGCE_X0Y135.O      BUFGCE                       0.000    33.333 r  static                              <hidden>
                         net (fo=10130, routed)       2.015    35.348    boundary                            WRAPPER/CL/firesim_clocking/inst/clk_in1
    SLR Crossing[1->0]   
    MMCM_X0Y0.CLKIN1                                                  r  reconfigurable pblock_CL            WRAPPER/CL/firesim_clocking/inst/mmcme4_adv_inst/CLKIN1
    MMCM_X0Y0.CLKOUT0    MMCME4_ADV (Prop_MMCM_CLKIN1_CLKOUT0)
                                                     -3.231    32.117 r  reconfigurable pblock_CL            WRAPPER/CL/firesim_clocking/inst/mmcme4_adv_inst/CLKOUT0
                         net (fo=4, routed)           0.214    32.331    reconfigurable                      WRAPPER/CL/firesim_clocking/inst/clk_out1_clk_wiz_0_firesim
    BUFGCE_X0Y14.I                                                    r  reconfigurable pblock_CL            WRAPPER/CL/firesim_clocking/inst/clkout1_buf/I
    BUFGCE_X0Y14.O       BUFGCE (Prop_BUFCE_BUFGCE_I_O)
                                                      0.024    32.355 r  reconfigurable pblock_CL            WRAPPER/CL/firesim_clocking/inst/clkout1_buf/O
    X2Y4 (CLOCK_ROOT)    net (fo=44319, routed)       3.344    35.699    reconfigurable                      WRAPPER/CL/firesim_internal_clock
    SLR Crossing[0->1]   
    SLICE_X175Y373.CLK   FDCE                                         r  reconfigurable pblock_CL            WRAPPER/CL/ddr_ready_sync_reg/C
                         clock pessimism              0.000    35.699                                            
                         inter-SLR compensation      -0.355    35.344                                            
                         clock uncertainty           -0.264    35.080                                            
    SLICE_X175Y373       FDCE (Recov_EFF_SLICEM_C_CLR)
                                                     -0.066    35.014    reconfigurable   pblock_CL              WRAPPER/CL/ddr_ready_sync_reg
  -------------------------------------------------------------------
                         required time                         35.014                                            
                         arrival time                         -38.283                                            
  -------------------------------------------------------------------
                         slack                                 -3.268                                            

Slack (VIOLATED) :        -3.268ns  (required time - arrival time)
  Source:                 <hidden>
                            (rising edge-triggered cell FDRE clocked by clk_main_a0  {rise@0.000ns fall@2.000ns period=4.000ns})
  Destination:            WRAPPER/CL/rst_firesim_n_sync_reg_rep/CLR
                            (recovery check against rising-edge clock clk_out1_clk_wiz_0_firesim  {rise@0.000ns fall@16.667ns period=33.333ns})
  Path Group:             **async_default**
  Path Type:              Recovery (Max at Slow Process Corner)
  Requirement:            1.333ns  (clk_out1_clk_wiz_0_firesim rise@33.333ns - clk_main_a0 rise@32.000ns)
  Data Path Delay:        0.398ns  (logic 0.076ns (19.089%)  route 0.322ns (80.911%))
  Logic Levels:           0  
  Clock Path Skew:        -3.519ns (DCD - SCD + CPR)
    Destination Clock Delay (DCD):    2.366ns = ( 35.699 - 33.333 ) 
    Source Clock Delay      (SCD):    5.885ns = ( 37.885 - 32.000 ) 
    Clock Pessimism Removal (CPR):    0.000ns
  Clock Uncertainty:      0.264ns  ((TSJ^2 + DJ^2)^1/2) / 2 + PE
    Total System Jitter     (TSJ):    0.071ns
    Discrete Jitter          (DJ):    0.219ns
    Phase Error              (PE):    0.149ns
  Inter-SLR Compensation: 0.355ns  (DCD * PF)
    Destination Clock Delay (DCD):    2.366ns
    Prorating Factor         (PF):    0.150
  Clock Net Delay (Source):      2.467ns (routing 0.460ns, distribution 2.007ns)
  Clock Net Delay (Destination): 3.344ns (routing 1.455ns, distribution 1.889ns)
  Clock Domain Crossing:  Inter clock paths are considered valid unless explicitly excluded by timing constraints such as set_clock_groups or set_false_path.

    Location             Delay type                Incr(ns)  Path(ns)    Partition      PBlock               Netlist Resource(s)
  -------------------------------------------------------------------    -------------------------------------------------------
                         (clock clk_main_a0 rise edge)
                                                     32.000    32.000 r                                      
    BJ4                                               0.000    32.000 r  static                              <hidden>
                         net (fo=0)                   0.100    32.100    static                              WRAPPER/IO_SHIM/IBUFDS_CLK_125/I
    HPIOBDIFFINBUF_X0Y130.DIFF_IN_P
                                                                      r  static                              WRAPPER/IO_SHIM/IBUFDS_CLK_125/DIFFINBUF_INST/DIFF_IN_P
    HPIOBDIFFINBUF_X0Y130.O
                         DIFFINBUF (Prop_DIFFINBUF_HPIOBDIFFINBUF_DIFF_IN_P_O)
                                                      0.863    32.963 r  static                              WRAPPER/IO_SHIM/IBUFDS_CLK_125/DIFFINBUF_INST/O
                         net (fo=1, routed)           0.050    33.013    static                              WRAPPER/IO_SHIM/IBUFDS_CLK_125/OUT
    BJ4.I                                                             r  static                              WRAPPER/IO_SHIM/IBUFDS_CLK_125/IBUFCTRL_INST/I
    BJ4.O                IBUFCTRL (Prop_IBUFCTRL_HPIOB_M_I_O)
                                                      0.000    33.013 r  static                              WRAPPER/IO_SHIM/IBUFDS_CLK_125/IBUFCTRL_INST/O
                         net (fo=1, routed)           0.348    33.361    static                              <hidden>
    BUFGCE_X0Y122.I                                                   r  static                              <hidden>
    BUFGCE_X0Y122.O      BUFGCE (Prop_BUFCE_BUFGCE_I_O)
                                                      0.028    33.389 r  static                              <hidden>
                         net (fo=3, routed)           1.883    35.272    static                              <hidden>
    MMCM_X0Y5.CLKIN1                                                  r  static                              <hidden>
    MMCM_X0Y5.CLKOUT0    MMCME4_ADV (Prop_MMCM_CLKIN1_CLKOUT0)
                                                     -0.127    35.145 r  static                              <hidden>
                         net (fo=2, routed)           0.245    35.390    static                              <hidden>
    BUFGCE_X0Y136.I                                                   r  static                              <hidden>
    BUFGCE_X0Y136.O      BUFGCE (Prop_BUFCE_BUFGCE_I_O)
                                                      0.028    35.418 r  static                              <hidden>
    X3Y5 (CLOCK_ROOT)    net (fo=4881, routed)        2.467    37.885    static                              <hidden>
    SLICE_X176Y374.CLK   FDRE                                         r  static                              <hidden>
  -------------------------------------------------------------------    -------------------------------------------------------
    SLICE_X176Y374.Q     FDRE (Prop_FFF_SLICEM_C_Q)
                                                      0.076    37.961 r  static                              <hidden>
                         net (fo=20, routed)          0.322    38.283    boundary                            WRAPPER/CL/rst_main_n
    SLICE_X175Y373.SR    FDCE                                         f  reconfigurable pblock_CL            WRAPPER/CL/rst_firesim_n_sync_reg_rep/CLR  (IS_INVERTED)
  -------------------------------------------------------------------    -------------------------------------------------------

                         (clock clk_out1_clk_wiz_0_firesim rise edge)
                                                     33.333    33.333 r                                      
    BUFGCE_X0Y135.O      BUFGCE                       0.000    33.333 r  static                              <hidden>
                         net (fo=10130, routed)       2.015    35.348    boundary                            WRAPPER/CL/firesim_clocking/inst/clk_in1
    SLR Crossing[1->0]   
    MMCM_X0Y0.CLKIN1                                                  r  reconfigurable pblock_CL            WRAPPER/CL/firesim_clocking/inst/mmcme4_adv_inst/CLKIN1
    MMCM_X0Y0.CLKOUT0    MMCME4_ADV (Prop_MMCM_CLKIN1_CLKOUT0)
                                                     -3.231    32.117 r  reconfigurable pblock_CL            WRAPPER/CL/firesim_clocking/inst/mmcme4_adv_inst/CLKOUT0
                         net (fo=4, routed)           0.214    32.331    reconfigurable                      WRAPPER/CL/firesim_clocking/inst/clk_out1_clk_wiz_0_firesim
    BUFGCE_X0Y14.I                                                    r  reconfigurable pblock_CL            WRAPPER/CL/firesim_clocking/inst/clkout1_buf/I
